******************************************************************************
                  TI ARM Linker PC v15.12.3                    
******************************************************************************
>> Linked Sat Aug 27 13:52:45 2016

OUTPUT FILE NAME:   <PI.out>
ENTRY POINT SYMBOL: "_c_int00"  address: 00000819


MEMORY CONFIGURATION

         name            origin    length      used     unused   attr    fill
----------------------  --------  ---------  --------  --------  ----  --------
  MAIN                  00000000   00040000  0000099e  0003f662  R  X
  INFO                  00200000   00004000  00000000  00004000  R  X
  SRAM_CODE             01000000   00010000  0000021c  0000fde4  RW X
  SRAM_DATA             20000000   00010000  0000021c  0000fde4  RW  


SEGMENT ALLOCATION MAP

run origin  load origin   length   init length attrs members
----------  ----------- ---------- ----------- ----- -------
00000000    00000000    000009a4   000009a4    r-x
  00000000    00000000    000000e4   000000e4    r-- .intvecs
  000000e4    000000e4    0000087a   0000087a    r-x .text
  00000960    00000960    00000014   00000014    r-- .const
  00000978    00000978    0000002c   0000002c    r-- .cinit
20000000    20000000    0000001c   00000000    rw-
  20000000    20000000    0000001c   00000000    rw- .data
2000fe00    2000fe00    00000200   00000000    rw-
  2000fe00    2000fe00    00000200   00000000    rw- .stack


SECTION ALLOCATION MAP

 output                                  attributes/
section   page    origin      length       input sections
--------  ----  ----------  ----------   ----------------
.intvecs   0    00000000    000000e4     
                  00000000    000000e4     startup_msp432p401r_ccs.obj (.intvecs:retain)

.binit     0    00000000    00000000     

.text      0    000000e4    0000087a     
                  000000e4    0000032c     system_msp432p401r.obj (.text)
                  00000410    00000214     main.obj (.text)
                  00000624    0000009c     rtsv7M4_T_le_v4SPD16_eabi.lib : memcpy_t2.obj (.text)
                  000006c0    0000007a                                   : memset_t2.obj (.text)
                  0000073a    00000002                                   : mpu_init.obj (.text)
                  0000073c    00000070                                   : autoinit.obj (.text)
                  000007ac    0000006a                                   : copy_decompress_rle.obj (.text)
                  00000816    00000002                                   : startup.obj (.text)
                  00000818    00000054                                   : boot.obj (.text)
                  0000086c    00000054                                   : exit.obj (.text)
                  000008c0    0000004c                                   : cpy_tbl.obj (.text)
                  0000090c    00000018                                   : args_main.obj (.text)
                  00000924    00000014                                   : _lock.obj (.text)
                  00000938    0000000e                                   : copy_decompress_none.obj (.text:decompress:none)
                  00000946    0000000e     startup_msp432p401r_ccs.obj (.text)
                  00000954    00000006     rtsv7M4_T_le_v4SPD16_eabi.lib : copy_decompress_rle.obj (.text:decompress:rle24)
                  0000095a    00000004                                   : pre_init.obj (.text)

.const     0    00000960    00000014     
                  00000960    00000014     main.obj (.const:i2cConfig)

.cinit     0    00000978    0000002c     
                  00000978    0000001a     (.cinit..data.load) [load image, compression = rle]
                  00000992    00000002     --HOLE-- [fill = 0]
                  00000994    00000008     (__TI_handler_table)
                  0000099c    00000008     (__TI_cinit_table)

.init_array 
*          0    00000000    00000000     UNINITIALIZED

.data      0    20000000    0000001c     UNINITIALIZED
                  20000000    0000000c     rtsv7M4_T_le_v4SPD16_eabi.lib : exit.obj (.data:$O1$$)
                  2000000c    00000008                                   : _lock.obj (.data:$O1$$)
                  20000014    00000004                                   : stkdepth_vars.obj (.data)
                  20000018    00000004     system_msp432p401r.obj (.data)

.stack     0    2000fe00    00000200     UNINITIALIZED
                  2000fe00    00000200     --HOLE--

MODULE SUMMARY

       Module                        code   ro data   rw data
       ------                        ----   -------   -------
    .\
       system_msp432p401r.obj        812    0         8      
       main.obj                      532    20        0      
       startup_msp432p401r_ccs.obj   14     228       0      
    +--+-----------------------------+------+---------+---------+
       Total:                        1358   248       8      
                                                             
    C:\ti\ccsv6\tools\compiler\arm_15.12.3.LTS\lib\rtsv7M4_T_le_v4SPD16_eabi.lib
       memcpy_t2.obj                 156    0         0      
       memset_t2.obj                 122    0         0      
       autoinit.obj                  112    0         0      
       copy_decompress_rle.obj       112    0         0      
       exit.obj                      84     0         24     
       boot.obj                      84     0         0      
       cpy_tbl.obj                   76     0         0      
       _lock.obj                     20     0         16     
       args_main.obj                 24     0         0      
       copy_decompress_none.obj      14     0         0      
       stkdepth_vars.obj             0      0         8      
       pre_init.obj                  4      0         0      
       mpu_init.obj                  2      0         0      
       startup.obj                   2      0         0      
    +--+-----------------------------+------+---------+---------+
       Total:                        812    0         48     
                                                             
       Stack:                        0      0         1024   
       Linker Generated:             0      42        0      
    +--+-----------------------------+------+---------+---------+
       Grand Total:                  2170   290       1080   


LINKER GENERATED COPY TABLES

__TI_cinit_table @ 0000099c records: 1, size/record: 8, table size: 8
	.data: load addr=00000978, load size=0000001a bytes, run addr=20000000, run size=0000001c bytes, compression=rle


LINKER GENERATED HANDLER TABLE

__TI_handler_table @ 00000994 records: 2, size/record: 4, table size: 8
	index: 0, handler: __TI_decompress_rle24
	index: 1, handler: __TI_decompress_none


GLOBAL SYMBOLS: SORTED ALPHABETICALLY BY Name 

address   name                           
-------   ----                           
00000953  ADC14_IRQHandler               
00000953  AES256_IRQHandler              
00000953  BusFault_Handler               
0000086d  C$$EXIT                        
00000953  COMP_E0_IRQHandler             
00000953  COMP_E1_IRQHandler             
00000953  CS_IRQHandler                  
00000953  DMA_ERR_IRQHandler             
00000953  DMA_INT0_IRQHandler            
00000953  DMA_INT1_IRQHandler            
00000953  DMA_INT2_IRQHandler            
00000953  DMA_INT3_IRQHandler            
00000953  DebugMon_Handler               
00000953  Default_Handler                
00000953  EUSCIA0_IRQHandler             
00000953  EUSCIA1_IRQHandler             
00000953  EUSCIA2_IRQHandler             
00000953  EUSCIA3_IRQHandler             
00000953  EUSCIB0_IRQHandler             
00000953  EUSCIB1_IRQHandler             
00000953  EUSCIB2_IRQHandler             
00000953  EUSCIB3_IRQHandler             
00000953  FLCTL_IRQHandler               
00000953  FPU_IRQHandler                 
00000953  HardFault_Handler              
00000953  MemManage_Handler              
00000953  NMI_Handler                    
00000953  PCM_IRQHandler                 
00000953  PORT1_IRQHandler               
00000953  PORT2_IRQHandler               
00000953  PORT3_IRQHandler               
00000953  PORT4_IRQHandler               
00000953  PORT5_IRQHandler               
00000953  PORT6_IRQHandler               
00000953  PSS_IRQHandler                 
00000953  PendSV_Handler                 
00000953  RTC_C_IRQHandler               
00000947  Reset_Handler                  
UNDEFED   SHT$$INIT_ARRAY$$Base          
UNDEFED   SHT$$INIT_ARRAY$$Limit         
00000953  SVC_Handler                    
00000953  SysTick_Handler                
20000018  SystemCoreClock                
000000e5  SystemCoreClockUpdate          
00000359  SystemInit                     
00000953  T32_INT1_IRQHandler            
00000953  T32_INT2_IRQHandler            
00000953  T32_INTC_IRQHandler            
00000953  TA0_0_IRQHandler               
00000953  TA0_N_IRQHandler               
00000953  TA1_0_IRQHandler               
00000953  TA1_N_IRQHandler               
00000953  TA2_0_IRQHandler               
00000953  TA2_N_IRQHandler               
00000953  TA3_0_IRQHandler               
00000953  TA3_N_IRQHandler               
00000953  UsageFault_Handler             
4000480c  WDTCTL_SYM                     
00000953  WDT_A_IRQHandler               
20010000  __STACK_END                    
00000200  __STACK_SIZE                   
0000099c  __TI_CINIT_Base                
000009a4  __TI_CINIT_Limit               
00000994  __TI_Handler_Table_Base        
0000099c  __TI_Handler_Table_Limit       
0000073d  __TI_auto_init                 
20000000  __TI_cleanup_ptr               
00000939  __TI_decompress_none           
00000955  __TI_decompress_rle24          
20000004  __TI_dtors_ptr                 
20000008  __TI_enable_exit_profile_output
ffffffff  __TI_pprof_out_hndl            
ffffffff  __TI_prof_data_size            
ffffffff  __TI_prof_data_start           
00000000  __TI_static_base__             
000006c1  __aeabi_memclr                 
000006c1  __aeabi_memclr4                
000006c1  __aeabi_memclr8                
00000625  __aeabi_memcpy                 
00000625  __aeabi_memcpy4                
00000625  __aeabi_memcpy8                
000006c3  __aeabi_memset                 
000006c3  __aeabi_memset4                
000006c3  __aeabi_memset8                
ffffffff  __binit__                      
ffffffff  __c_args__                     
0000073b  __mpu_init                     
2000fe00  __stack                        
0000090d  _args_main                     
00000819  _c_int00                       
2000000c  _lock                          
00000933  _nop                           
0000092b  _register_lock                 
00000925  _register_unlock               
00000817  _system_post_cinit             
0000095b  _system_pre_init               
20000010  _unlock                        
00000871  abort                          
ffffffff  binit                          
000008c1  copy_in                        
00000879  exit                           
00000960  i2cConfig                      
000005a7  init_clock                     
00000535  init_i2c                       
00000000  interruptVectors               
00000411  main                           
20000014  main_func_sp                   
00000625  memcpy                         
000006c9  memset                         
0000045f  read_i2c                       
000004e1  write_i2c                      


GLOBAL SYMBOLS: SORTED BY Symbol Address 

address   name                           
-------   ----                           
00000000  __TI_static_base__             
00000000  interruptVectors               
000000e5  SystemCoreClockUpdate          
00000200  __STACK_SIZE                   
00000359  SystemInit                     
00000411  main                           
0000045f  read_i2c                       
000004e1  write_i2c                      
00000535  init_i2c                       
000005a7  init_clock                     
00000625  __aeabi_memcpy                 
00000625  __aeabi_memcpy4                
00000625  __aeabi_memcpy8                
00000625  memcpy                         
000006c1  __aeabi_memclr                 
000006c1  __aeabi_memclr4                
000006c1  __aeabi_memclr8                
000006c3  __aeabi_memset                 
000006c3  __aeabi_memset4                
000006c3  __aeabi_memset8                
000006c9  memset                         
0000073b  __mpu_init                     
0000073d  __TI_auto_init                 
00000817  _system_post_cinit             
00000819  _c_int00                       
0000086d  C$$EXIT                        
00000871  abort                          
00000879  exit                           
000008c1  copy_in                        
0000090d  _args_main                     
00000925  _register_unlock               
0000092b  _register_lock                 
00000933  _nop                           
00000939  __TI_decompress_none           
00000947  Reset_Handler                  
00000953  ADC14_IRQHandler               
00000953  AES256_IRQHandler              
00000953  BusFault_Handler               
00000953  COMP_E0_IRQHandler             
00000953  COMP_E1_IRQHandler             
00000953  CS_IRQHandler                  
00000953  DMA_ERR_IRQHandler             
00000953  DMA_INT0_IRQHandler            
00000953  DMA_INT1_IRQHandler            
00000953  DMA_INT2_IRQHandler            
00000953  DMA_INT3_IRQHandler            
00000953  DebugMon_Handler               
00000953  Default_Handler                
00000953  EUSCIA0_IRQHandler             
00000953  EUSCIA1_IRQHandler             
00000953  EUSCIA2_IRQHandler             
00000953  EUSCIA3_IRQHandler             
00000953  EUSCIB0_IRQHandler             
00000953  EUSCIB1_IRQHandler             
00000953  EUSCIB2_IRQHandler             
00000953  EUSCIB3_IRQHandler             
00000953  FLCTL_IRQHandler               
00000953  FPU_IRQHandler                 
00000953  HardFault_Handler              
00000953  MemManage_Handler              
00000953  NMI_Handler                    
00000953  PCM_IRQHandler                 
00000953  PORT1_IRQHandler               
00000953  PORT2_IRQHandler               
00000953  PORT3_IRQHandler               
00000953  PORT4_IRQHandler               
00000953  PORT5_IRQHandler               
00000953  PORT6_IRQHandler               
00000953  PSS_IRQHandler                 
00000953  PendSV_Handler                 
00000953  RTC_C_IRQHandler               
00000953  SVC_Handler                    
00000953  SysTick_Handler                
00000953  T32_INT1_IRQHandler            
00000953  T32_INT2_IRQHandler            
00000953  T32_INTC_IRQHandler            
00000953  TA0_0_IRQHandler               
00000953  TA0_N_IRQHandler               
00000953  TA1_0_IRQHandler               
00000953  TA1_N_IRQHandler               
00000953  TA2_0_IRQHandler               
00000953  TA2_N_IRQHandler               
00000953  TA3_0_IRQHandler               
00000953  TA3_N_IRQHandler               
00000953  UsageFault_Handler             
00000953  WDT_A_IRQHandler               
00000955  __TI_decompress_rle24          
0000095b  _system_pre_init               
00000960  i2cConfig                      
00000994  __TI_Handler_Table_Base        
0000099c  __TI_CINIT_Base                
0000099c  __TI_Handler_Table_Limit       
000009a4  __TI_CINIT_Limit               
20000000  __TI_cleanup_ptr               
20000004  __TI_dtors_ptr                 
20000008  __TI_enable_exit_profile_output
2000000c  _lock                          
20000010  _unlock                        
20000014  main_func_sp                   
20000018  SystemCoreClock                
2000fe00  __stack                        
20010000  __STACK_END                    
4000480c  WDTCTL_SYM                     
ffffffff  __TI_pprof_out_hndl            
ffffffff  __TI_prof_data_size            
ffffffff  __TI_prof_data_start           
ffffffff  __binit__                      
ffffffff  __c_args__                     
ffffffff  binit                          
UNDEFED   SHT$$INIT_ARRAY$$Base          
UNDEFED   SHT$$INIT_ARRAY$$Limit         

[111 symbols]
