******************************************************************************
                  TI ARM Linker PC v15.12.3                    
******************************************************************************
>> Linked Thu Nov 10 05:23:04 2016

OUTPUT FILE NAME:   <PI.out>
ENTRY POINT SYMBOL: "_c_int00"  address: 000032a5


MEMORY CONFIGURATION

         name            origin    length      used     unused   attr    fill
----------------------  --------  ---------  --------  --------  ----  --------
  MAIN                  00000000   00040000  0000350e  0003caf2  R  X
  INFO                  00200000   00004000  00000000  00004000  R  X
  SRAM_CODE             01000000   00010000  00000254  0000fdac  RW X
  SRAM_DATA             20000000   00010000  00000254  0000fdac  RW  


SEGMENT ALLOCATION MAP

run origin  load origin   length   init length attrs members
----------  ----------- ---------- ----------- ----- -------
00000000    00000000    00003514   00003514    r-x
  00000000    00000000    000000e4   000000e4    r-- .intvecs
  000000e4    000000e4    0000333e   0000333e    r-x .text
  00003424    00003424    000000a0   000000a0    r-- .const
  000034c8    000034c8    0000004c   0000004c    r-- .cinit
20000000    20000000    00000054   00000000    rw-
  20000000    20000000    00000048   00000000    rw- .data
  20000048    20000048    0000000c   00000000    rw- .bss
2000fe00    2000fe00    00000200   00000000    rw-
  2000fe00    2000fe00    00000200   00000000    rw- .stack


SECTION ALLOCATION MAP

 output                                  attributes/
section   page    origin      length       input sections
--------  ----  ----------  ----------   ----------------
.intvecs   0    00000000    000000e4     
                  00000000    000000e4     startup_msp432p401r_ccs.obj (.intvecs:retain)

.binit     0    00000000    00000000     

.text      0    000000e4    0000333e     
                  000000e4    00001450     quaternionFilters.obj (.text)
                  00001534    00000598     main.obj (.text)
                  00001acc    00000410     rtsv7M4_T_le_v4SPD16_eabi.lib : e_asin.obj (.text)
                  00001edc    00000400     mpu9250.obj (.text)
                  000022dc    0000032c     system_msp432p401r.obj (.text)
                  00002608    0000020c     motor_driver.obj (.text)
                  00002814    000001c8     i2c.obj (.text)
                  000029dc    000001b6     rtsv7M4_T_le_v4SPD16_eabi.lib : fd_add_t2.obj (.text)
                  00002b92    00000002                                   : mpu_init.obj (.text)
                  00002b94    00000170                                   : e_sqrt.obj (.text)
                  00002d04    00000136                                   : fd_div_t2.obj (.text)
                  00002e3a    000000fc                                   : fd_mul_t2.obj (.text)
                  00002f36    0000009c                                   : memcpy_t2.obj (.text)
                  00002fd2    00000002                                   : startup.obj (.text)
                  00002fd4    00000088     msp_uart.obj (.text)
                  0000305c    00000086     rtsv7M4_T_le_v4SPD16_eabi.lib : fd_cmp_t2.obj (.text:__aeabi_cdrcmple)
                  000030e2    0000007a                                   : memset_t2.obj (.text)
                  0000315c    00000070                                   : autoinit.obj (.text)
                  000031cc    0000006e                                   : fd_tos_t2.obj (.text)
                  0000323a    0000006a                                   : copy_decompress_rle.obj (.text)
                  000032a4    00000054                                   : boot.obj (.text)
                  000032f8    00000054                                   : exit.obj (.text)
                  0000334c    0000004c                                   : cpy_tbl.obj (.text)
                  00003398    00000038                                   : fs_tod_t2.obj (.text)
                  000033d0    00000018                                   : args_main.obj (.text)
                  000033e8    00000014                                   : _lock.obj (.text)
                  000033fc    0000000e                                   : copy_decompress_none.obj (.text:decompress:none)
                  0000340a    0000000e     startup_msp432p401r_ccs.obj (.text)
                  00003418    00000006     rtsv7M4_T_le_v4SPD16_eabi.lib : copy_decompress_rle.obj (.text:decompress:rle24)
                  0000341e    00000004                                   : pre_init.obj (.text)

.const     0    00003424    000000a0     
                  00003424    00000024     msp_uart.obj (.const:uartConfig)
                  00003448    00000018     motor_driver.obj (.const:upDownConfig)
                  00003460    00000014     i2c.obj (.const:i2cConfig)
                  00003474    00000010     motor_driver.obj (.const:compareConfig_PWM1)
                  00003484    00000010     motor_driver.obj (.const:compareConfig_PWM2)
                  00003494    00000010     motor_driver.obj (.const:compareConfig_PWM3)
                  000034a4    00000010     motor_driver.obj (.const:compareConfig_PWM4)
                  000034b4    00000010     main.obj (.const:continuousModeConfig)

.cinit     0    000034c8    0000004c     
                  000034c8    00000024     (.cinit..data.load) [load image, compression = rle]
                  000034ec    00000004     --HOLE-- [fill = 0]
                  000034f0    00000009     (.cinit..bss.load) [load image, compression = rle]
                  000034f9    00000003     --HOLE-- [fill = 0]
                  000034fc    00000008     (__TI_handler_table)
                  00003504    00000010     (__TI_cinit_table)

.init_array 
*          0    00000000    00000000     UNINITIALIZED

.data      0    20000000    00000048     UNINITIALIZED
                  20000000    00000010     quaternionFilters.obj (.data:q)
                  20000010    0000000c     rtsv7M4_T_le_v4SPD16_eabi.lib : exit.obj (.data:$O1$$)
                  2000001c    0000000c     quaternionFilters.obj (.data:eInt)
                  20000028    00000008     rtsv7M4_T_le_v4SPD16_eabi.lib : _lock.obj (.data:$O1$$)
                  20000030    00000008     quaternionFilters.obj (.data)
                  20000038    00000004     main.obj (.data)
                  2000003c    00000004     rtsv7M4_T_le_v4SPD16_eabi.lib : errno.obj (.data)
                  20000040    00000004                                   : stkdepth_vars.obj (.data)
                  20000044    00000004     system_msp432p401r.obj (.data)

.bss       0    20000048    0000000c     UNINITIALIZED
                  20000048    00000008     main.obj (.bss)
                  20000050    00000004     (.common:i_term)

.stack     0    2000fe00    00000200     UNINITIALIZED
                  2000fe00    00000200     --HOLE--

MODULE SUMMARY

       Module                        code    ro data   rw data
       ------                        ----    -------   -------
    .\
       quaternionFilters.obj         5200    0         72     
       main.obj                      1432    16        32     
       mpu9250.obj                   1024    0         0      
       system_msp432p401r.obj        812     0         8      
       motor_driver.obj              524     88        0      
       i2c.obj                       456     20        0      
       startup_msp432p401r_ccs.obj   14      228       0      
       msp_uart.obj                  136     36        0      
    +--+-----------------------------+-------+---------+---------+
       Total:                        9598    388       112    
                                                              
    C:\ti\ccsv6\tools\compiler\arm_15.12.3.LTS\lib\rtsv7M4_T_le_v4SPD16_eabi.lib
       e_asin.obj                    1040    0         0      
       fd_add_t2.obj                 438     0         0      
       e_sqrt.obj                    368     0         0      
       fd_div_t2.obj                 310     0         0      
       fd_mul_t2.obj                 252     0         0      
       memcpy_t2.obj                 156     0         0      
       fd_cmp_t2.obj                 134     0         0      
       memset_t2.obj                 122     0         0      
       autoinit.obj                  112     0         0      
       copy_decompress_rle.obj       112     0         0      
       fd_tos_t2.obj                 110     0         0      
       exit.obj                      84      0         24     
       boot.obj                      84      0         0      
       cpy_tbl.obj                   76      0         0      
       fs_tod_t2.obj                 56      0         0      
       _lock.obj                     20      0         16     
       args_main.obj                 24      0         0      
       copy_decompress_none.obj      14      0         0      
       errno.obj                     0       0         8      
       stkdepth_vars.obj             0       0         8      
       pre_init.obj                  4       0         0      
       mpu_init.obj                  2       0         0      
       startup.obj                   2       0         0      
    +--+-----------------------------+-------+---------+---------+
       Total:                        3520    0         56     
                                                              
       Stack:                        0       0         1024   
       Linker Generated:             0       69        0      
    +--+-----------------------------+-------+---------+---------+
       Grand Total:                  13118   457       1192   


LINKER GENERATED COPY TABLES

__TI_cinit_table @ 00003504 records: 2, size/record: 8, table size: 16
	.data: load addr=000034c8, load size=00000024 bytes, run addr=20000000, run size=00000048 bytes, compression=rle
	.bss: load addr=000034f0, load size=00000009 bytes, run addr=20000048, run size=0000000c bytes, compression=rle


LINKER GENERATED HANDLER TABLE

__TI_handler_table @ 000034fc records: 2, size/record: 4, table size: 8
	index: 0, handler: __TI_decompress_rle24
	index: 1, handler: __TI_decompress_none


GLOBAL SYMBOLS: SORTED ALPHABETICALLY BY Name 

address   name                           
-------   ----                           
00003417  ADC14_IRQHandler               
00003417  AES256_IRQHandler              
00003417  BusFault_Handler               
000032f9  C$$EXIT                        
00003417  COMP_E0_IRQHandler             
00003417  COMP_E1_IRQHandler             
00003417  CS_IRQHandler                  
00003417  DMA_ERR_IRQHandler             
00003417  DMA_INT0_IRQHandler            
00003417  DMA_INT1_IRQHandler            
00003417  DMA_INT2_IRQHandler            
00003417  DMA_INT3_IRQHandler            
00003417  DebugMon_Handler               
00003417  Default_Handler                
00003417  EUSCIA0_IRQHandler             
00003417  EUSCIA1_IRQHandler             
00003417  EUSCIA2_IRQHandler             
00003417  EUSCIA3_IRQHandler             
00003417  EUSCIB0_IRQHandler             
00003417  EUSCIB1_IRQHandler             
00003417  EUSCIB2_IRQHandler             
00003417  EUSCIB3_IRQHandler             
00003417  FLCTL_IRQHandler               
00003417  FPU_IRQHandler                 
00003417  HardFault_Handler              
000000e5  MadgwickQuaternionUpdate       
00000db1  MahonyQuaternionUpdate         
00003417  MemManage_Handler              
00003417  NMI_Handler                    
00003417  PCM_IRQHandler                 
00003417  PORT1_IRQHandler               
00003417  PORT2_IRQHandler               
00003417  PORT3_IRQHandler               
00003417  PORT4_IRQHandler               
00003417  PORT5_IRQHandler               
00003417  PORT6_IRQHandler               
00003417  PSS_IRQHandler                 
00003417  PendSV_Handler                 
00003417  RTC_C_IRQHandler               
0000340b  Reset_Handler                  
UNDEFED   SHT$$INIT_ARRAY$$Base          
UNDEFED   SHT$$INIT_ARRAY$$Limit         
00003417  SVC_Handler                    
00003417  SysTick_Handler                
20000044  SystemCoreClock                
000022dd  SystemCoreClockUpdate          
00002551  SystemInit                     
00003417  T32_INT1_IRQHandler            
00003417  T32_INT2_IRQHandler            
00003417  T32_INTC_IRQHandler            
00003417  TA0_0_IRQHandler               
00001a27  TA0_N_IRQHandler               
00001a27  TA0_N_IRQHandler               
00003417  TA1_0_IRQHandler               
00003417  TA1_N_IRQHandler               
00003417  TA2_0_IRQHandler               
00003417  TA2_N_IRQHandler               
00003417  TA3_0_IRQHandler               
00003417  TA3_N_IRQHandler               
00003417  UsageFault_Handler             
4000480c  WDTCTL_SYM                     
00003417  WDT_A_IRQHandler               
20010000  __STACK_END                    
00000200  __STACK_SIZE                   
00003504  __TI_CINIT_Base                
00003514  __TI_CINIT_Limit               
000034fc  __TI_Handler_Table_Base        
00003504  __TI_Handler_Table_Limit       
0000315d  __TI_auto_init                 
20000010  __TI_cleanup_ptr               
000033fd  __TI_decompress_none           
00003419  __TI_decompress_rle24          
20000014  __TI_dtors_ptr                 
20000018  __TI_enable_exit_profile_output
ffffffff  __TI_pprof_out_hndl            
ffffffff  __TI_prof_data_size            
ffffffff  __TI_prof_data_start           
00000000  __TI_static_base__             
0000305d  __aeabi_cdrcmple               
000031cd  __aeabi_d2f                    
000029e7  __aeabi_dadd                   
00002d05  __aeabi_ddiv                   
00002e3b  __aeabi_dmul                   
000029dd  __aeabi_dsub                   
00003399  __aeabi_f2d                    
000030e3  __aeabi_memclr                 
000030e3  __aeabi_memclr4                
000030e3  __aeabi_memclr8                
00002f37  __aeabi_memcpy                 
00002f37  __aeabi_memcpy4                
00002f37  __aeabi_memcpy8                
000030e5  __aeabi_memset                 
000030e5  __aeabi_memset4                
000030e5  __aeabi_memset8                
ffffffff  __binit__                      
ffffffff  __c_args__                     
00002b93  __mpu_init                     
2000fe00  __stack                        
000033d1  _args_main                     
000032a5  _c_int00                       
20000028  _lock                          
000033f7  _nop                           
000033ef  _register_lock                 
000033e9  _register_unlock               
00002fd3  _system_post_cinit             
0000341f  _system_pre_init               
2000002c  _unlock                        
000032fd  abort                          
00001acd  asin                           
00001acd  asinl                          
ffffffff  binit                          
00003474  compareConfig_PWM1             
00003484  compareConfig_PWM2             
00003494  compareConfig_PWM3             
000034a4  compareConfig_PWM4             
000034b4  continuousModeConfig           
0000334d  copy_in                        
2000003c  errno                          
00003305  exit                           
00001f71  getAres                        
00001f2f  getGres                        
00001f05  getMres                        
00001511  getQ                           
00003460  i2cConfig                      
20000050  i_term                         
000026a5  init_PWM_timers                
0000274b  init_adc                       
00001959  init_clock                     
0000295b  init_i2c                       
000021c1  init_offsets                   
00001edd  init_struct                    
0000301f  init_uart                      
00000000  interruptVectors               
20000038  last_error                     
00001535  main                           
20000040  main_func_sp                   
00002f37  memcpy                         
000030eb  memset                         
00002609  move_forward                   
00002639  move_reverse                   
000019b9  my_itoa                        
000017d9  pid_0                          
00001fb3  readAccelData                  
000020b1  readGyroData                   
00002161  readMagData                    
00002815  read_i2c                       
000028ab  read_multibyte_i2c             
00002043  setAccelData                   
000020f3  setGyroData                    
000021a3  setMagData                     
0000270d  set_MOTOR_SPEED                
0000268b  speed_calc                     
00002b95  sqrt                           
00002b95  sqrtl                          
00002669  stop_motors                    
00002fd5  tx_data                        
00003424  uartConfig                     
00003448  upDownConfig                   
00002219  updateTime                     
000028f3  write_i2c                      


GLOBAL SYMBOLS: SORTED BY Symbol Address 

address   name                           
-------   ----                           
00000000  __TI_static_base__             
00000000  interruptVectors               
000000e5  MadgwickQuaternionUpdate       
00000200  __STACK_SIZE                   
00000db1  MahonyQuaternionUpdate         
00001511  getQ                           
00001535  main                           
000017d9  pid_0                          
00001959  init_clock                     
000019b9  my_itoa                        
00001a27  TA0_N_IRQHandler               
00001a27  TA0_N_IRQHandler               
00001acd  asin                           
00001acd  asinl                          
00001edd  init_struct                    
00001f05  getMres                        
00001f2f  getGres                        
00001f71  getAres                        
00001fb3  readAccelData                  
00002043  setAccelData                   
000020b1  readGyroData                   
000020f3  setGyroData                    
00002161  readMagData                    
000021a3  setMagData                     
000021c1  init_offsets                   
00002219  updateTime                     
000022dd  SystemCoreClockUpdate          
00002551  SystemInit                     
00002609  move_forward                   
00002639  move_reverse                   
00002669  stop_motors                    
0000268b  speed_calc                     
000026a5  init_PWM_timers                
0000270d  set_MOTOR_SPEED                
0000274b  init_adc                       
00002815  read_i2c                       
000028ab  read_multibyte_i2c             
000028f3  write_i2c                      
0000295b  init_i2c                       
000029dd  __aeabi_dsub                   
000029e7  __aeabi_dadd                   
00002b93  __mpu_init                     
00002b95  sqrt                           
00002b95  sqrtl                          
00002d05  __aeabi_ddiv                   
00002e3b  __aeabi_dmul                   
00002f37  __aeabi_memcpy                 
00002f37  __aeabi_memcpy4                
00002f37  __aeabi_memcpy8                
00002f37  memcpy                         
00002fd3  _system_post_cinit             
00002fd5  tx_data                        
0000301f  init_uart                      
0000305d  __aeabi_cdrcmple               
000030e3  __aeabi_memclr                 
000030e3  __aeabi_memclr4                
000030e3  __aeabi_memclr8                
000030e5  __aeabi_memset                 
000030e5  __aeabi_memset4                
000030e5  __aeabi_memset8                
000030eb  memset                         
0000315d  __TI_auto_init                 
000031cd  __aeabi_d2f                    
000032a5  _c_int00                       
000032f9  C$$EXIT                        
000032fd  abort                          
00003305  exit                           
0000334d  copy_in                        
00003399  __aeabi_f2d                    
000033d1  _args_main                     
000033e9  _register_unlock               
000033ef  _register_lock                 
000033f7  _nop                           
000033fd  __TI_decompress_none           
0000340b  Reset_Handler                  
00003417  ADC14_IRQHandler               
00003417  AES256_IRQHandler              
00003417  BusFault_Handler               
00003417  COMP_E0_IRQHandler             
00003417  COMP_E1_IRQHandler             
00003417  CS_IRQHandler                  
00003417  DMA_ERR_IRQHandler             
00003417  DMA_INT0_IRQHandler            
00003417  DMA_INT1_IRQHandler            
00003417  DMA_INT2_IRQHandler            
00003417  DMA_INT3_IRQHandler            
00003417  DebugMon_Handler               
00003417  Default_Handler                
00003417  EUSCIA0_IRQHandler             
00003417  EUSCIA1_IRQHandler             
00003417  EUSCIA2_IRQHandler             
00003417  EUSCIA3_IRQHandler             
00003417  EUSCIB0_IRQHandler             
00003417  EUSCIB1_IRQHandler             
00003417  EUSCIB2_IRQHandler             
00003417  EUSCIB3_IRQHandler             
00003417  FLCTL_IRQHandler               
00003417  FPU_IRQHandler                 
00003417  HardFault_Handler              
00003417  MemManage_Handler              
00003417  NMI_Handler                    
00003417  PCM_IRQHandler                 
00003417  PORT1_IRQHandler               
00003417  PORT2_IRQHandler               
00003417  PORT3_IRQHandler               
00003417  PORT4_IRQHandler               
00003417  PORT5_IRQHandler               
00003417  PORT6_IRQHandler               
00003417  PSS_IRQHandler                 
00003417  PendSV_Handler                 
00003417  RTC_C_IRQHandler               
00003417  SVC_Handler                    
00003417  SysTick_Handler                
00003417  T32_INT1_IRQHandler            
00003417  T32_INT2_IRQHandler            
00003417  T32_INTC_IRQHandler            
00003417  TA0_0_IRQHandler               
00003417  TA1_0_IRQHandler               
00003417  TA1_N_IRQHandler               
00003417  TA2_0_IRQHandler               
00003417  TA2_N_IRQHandler               
00003417  TA3_0_IRQHandler               
00003417  TA3_N_IRQHandler               
00003417  UsageFault_Handler             
00003417  WDT_A_IRQHandler               
00003419  __TI_decompress_rle24          
0000341f  _system_pre_init               
00003424  uartConfig                     
00003448  upDownConfig                   
00003460  i2cConfig                      
00003474  compareConfig_PWM1             
00003484  compareConfig_PWM2             
00003494  compareConfig_PWM3             
000034a4  compareConfig_PWM4             
000034b4  continuousModeConfig           
000034fc  __TI_Handler_Table_Base        
00003504  __TI_CINIT_Base                
00003504  __TI_Handler_Table_Limit       
00003514  __TI_CINIT_Limit               
20000010  __TI_cleanup_ptr               
20000014  __TI_dtors_ptr                 
20000018  __TI_enable_exit_profile_output
20000028  _lock                          
2000002c  _unlock                        
20000038  last_error                     
2000003c  errno                          
20000040  main_func_sp                   
20000044  SystemCoreClock                
20000050  i_term                         
2000fe00  __stack                        
20010000  __STACK_END                    
4000480c  WDTCTL_SYM                     
ffffffff  __TI_pprof_out_hndl            
ffffffff  __TI_prof_data_size            
ffffffff  __TI_prof_data_start           
ffffffff  __binit__                      
ffffffff  __c_args__                     
ffffffff  binit                          
UNDEFED   SHT$$INIT_ARRAY$$Base          
UNDEFED   SHT$$INIT_ARRAY$$Limit         

[160 symbols]
