******************************************************************************
                  TI ARM Linker PC v15.12.3                    
******************************************************************************
>> Linked Tue Sep 13 20:59:23 2016

OUTPUT FILE NAME:   <PI.out>
ENTRY POINT SYMBOL: "_c_int00"  address: 00000afd


MEMORY CONFIGURATION

         name            origin    length      used     unused   attr    fill
----------------------  --------  ---------  --------  --------  ----  --------
  MAIN                  00000000   00040000  00000d64  0003f29c  R  X
  INFO                  00200000   00004000  00000000  00004000  R  X
  SRAM_CODE             01000000   00010000  0000021c  0000fde4  RW X
  SRAM_DATA             20000000   00010000  0000021c  0000fde4  RW  


SEGMENT ALLOCATION MAP

run origin  load origin   length   init length attrs members
----------  ----------- ---------- ----------- ----- -------
00000000    00000000    00000d64   00000d64    r-x
  00000000    00000000    000000e4   000000e4    r-- .intvecs
  000000e4    000000e4    00000bd8   00000bd8    r-x .text
  00000cbc    00000cbc    0000007c   0000007c    r-- .const
  00000d38    00000d38    0000002c   0000002c    r-- .cinit
20000000    20000000    0000001c   00000000    rw-
  20000000    20000000    0000001c   00000000    rw- .data
2000fe00    2000fe00    00000200   00000000    rw-
  2000fe00    2000fe00    00000200   00000000    rw- .stack


SECTION ALLOCATION MAP

 output                                  attributes/
section   page    origin      length       input sections
--------  ----  ----------  ----------   ----------------
.intvecs   0    00000000    000000e4     
                  00000000    000000e4     startup_msp432p401r_ccs.obj (.intvecs:retain)

.binit     0    00000000    00000000     

.text      0    000000e4    00000bd8     
                  000000e4    0000032c     system_msp432p401r.obj (.text)
                  00000410    00000248     main.obj (.text)
                  00000658    000001b6     rtsv7M4_T_le_v4SPD16_eabi.lib : fd_add_t2.obj (.text)
                  0000080e    000000fc                                   : fd_mul_t2.obj (.text)
                  0000090a    0000009c                                   : memcpy_t2.obj (.text)
                  000009a6    0000007a                                   : memset_t2.obj (.text)
                  00000a20    00000070                                   : autoinit.obj (.text)
                  00000a90    0000006a                                   : copy_decompress_rle.obj (.text)
                  00000afa    00000002                                   : mpu_init.obj (.text)
                  00000afc    00000054                                   : boot.obj (.text)
                  00000b50    00000054                                   : exit.obj (.text)
                  00000ba4    0000004c                                   : cpy_tbl.obj (.text)
                  00000bf0    00000044                                   : fd_tou_t2.obj (.text)
                  00000c34    00000020                                   : u_tofd_t2.obj (.text)
                  00000c54    00000018                                   : args_main.obj (.text)
                  00000c6c    00000014                                   : _lock.obj (.text)
                  00000c80    00000014                                   : strlen.obj (.text)
                  00000c94    0000000e                                   : copy_decompress_none.obj (.text:decompress:none)
                  00000ca2    0000000e     startup_msp432p401r_ccs.obj (.text)
                  00000cb0    00000006     rtsv7M4_T_le_v4SPD16_eabi.lib : copy_decompress_rle.obj (.text:decompress:rle24)
                  00000cb6    00000004                                   : pre_init.obj (.text)
                  00000cba    00000002                                   : startup.obj (.text)

.const     0    00000cbc    0000007c     
                  00000cbc    00000024     main.obj (.const:uartConfig)
                  00000ce0    00000018     main.obj (.const:upDownConfig)
                  00000cf8    00000010     main.obj (.const:compareConfig_PWM1)
                  00000d08    00000010     main.obj (.const:compareConfig_PWM2)
                  00000d18    00000010     main.obj (.const:compareConfig_PWM3)
                  00000d28    00000010     main.obj (.const:compareConfig_PWM4)

.cinit     0    00000d38    0000002c     
                  00000d38    0000001a     (.cinit..data.load) [load image, compression = rle]
                  00000d52    00000002     --HOLE-- [fill = 0]
                  00000d54    00000008     (__TI_handler_table)
                  00000d5c    00000008     (__TI_cinit_table)

.init_array 
*          0    00000000    00000000     UNINITIALIZED

.data      0    20000000    0000001c     UNINITIALIZED
                  20000000    0000000c     rtsv7M4_T_le_v4SPD16_eabi.lib : exit.obj (.data:$O1$$)
                  2000000c    00000008                                   : _lock.obj (.data:$O1$$)
                  20000014    00000004                                   : stkdepth_vars.obj (.data)
                  20000018    00000004     system_msp432p401r.obj (.data)

.stack     0    2000fe00    00000200     UNINITIALIZED
                  2000fe00    00000200     --HOLE--

MODULE SUMMARY

       Module                        code   ro data   rw data
       ------                        ----   -------   -------
    .\
       system_msp432p401r.obj        812    0         8      
       main.obj                      584    124       0      
       startup_msp432p401r_ccs.obj   14     228       0      
    +--+-----------------------------+------+---------+---------+
       Total:                        1410   352       8      
                                                             
    C:\ti\ccsv6\tools\compiler\arm_15.12.3.LTS\lib\rtsv7M4_T_le_v4SPD16_eabi.lib
       fd_add_t2.obj                 438    0         0      
       fd_mul_t2.obj                 252    0         0      
       memcpy_t2.obj                 156    0         0      
       memset_t2.obj                 122    0         0      
       autoinit.obj                  112    0         0      
       copy_decompress_rle.obj       112    0         0      
       exit.obj                      84     0         24     
       boot.obj                      84     0         0      
       cpy_tbl.obj                   76     0         0      
       fd_tou_t2.obj                 68     0         0      
       _lock.obj                     20     0         16     
       u_tofd_t2.obj                 32     0         0      
       args_main.obj                 24     0         0      
       strlen.obj                    20     0         0      
       copy_decompress_none.obj      14     0         0      
       stkdepth_vars.obj             0      0         8      
       pre_init.obj                  4      0         0      
       mpu_init.obj                  2      0         0      
       startup.obj                   2      0         0      
    +--+-----------------------------+------+---------+---------+
       Total:                        1622   0         48     
                                                             
       Stack:                        0      0         1024   
       Linker Generated:             0      42        0      
    +--+-----------------------------+------+---------+---------+
       Grand Total:                  3032   394       1080   


LINKER GENERATED COPY TABLES

__TI_cinit_table @ 00000d5c records: 1, size/record: 8, table size: 8
	.data: load addr=00000d38, load size=0000001a bytes, run addr=20000000, run size=0000001c bytes, compression=rle


LINKER GENERATED HANDLER TABLE

__TI_handler_table @ 00000d54 records: 2, size/record: 4, table size: 8
	index: 0, handler: __TI_decompress_rle24
	index: 1, handler: __TI_decompress_none


GLOBAL SYMBOLS: SORTED ALPHABETICALLY BY Name 

address   name                           
-------   ----                           
00000caf  ADC14_IRQHandler               
00000caf  AES256_IRQHandler              
00000caf  BusFault_Handler               
00000b51  C$$EXIT                        
00000caf  COMP_E0_IRQHandler             
00000caf  COMP_E1_IRQHandler             
00000caf  CS_IRQHandler                  
00000caf  DMA_ERR_IRQHandler             
00000caf  DMA_INT0_IRQHandler            
00000caf  DMA_INT1_IRQHandler            
00000caf  DMA_INT2_IRQHandler            
00000caf  DMA_INT3_IRQHandler            
00000caf  DebugMon_Handler               
00000caf  Default_Handler                
00000caf  EUSCIA0_IRQHandler             
00000caf  EUSCIA1_IRQHandler             
00000caf  EUSCIA2_IRQHandler             
00000caf  EUSCIA3_IRQHandler             
00000caf  EUSCIB0_IRQHandler             
00000caf  EUSCIB1_IRQHandler             
00000caf  EUSCIB2_IRQHandler             
00000caf  EUSCIB3_IRQHandler             
00000caf  FLCTL_IRQHandler               
00000caf  FPU_IRQHandler                 
00000caf  HardFault_Handler              
00000caf  MemManage_Handler              
00000caf  NMI_Handler                    
00000caf  PCM_IRQHandler                 
00000caf  PORT1_IRQHandler               
00000caf  PORT2_IRQHandler               
00000caf  PORT3_IRQHandler               
00000caf  PORT4_IRQHandler               
00000caf  PORT5_IRQHandler               
00000caf  PORT6_IRQHandler               
00000caf  PSS_IRQHandler                 
00000caf  PendSV_Handler                 
00000caf  RTC_C_IRQHandler               
00000ca3  Reset_Handler                  
UNDEFED   SHT$$INIT_ARRAY$$Base          
UNDEFED   SHT$$INIT_ARRAY$$Limit         
00000caf  SVC_Handler                    
00000caf  SysTick_Handler                
20000018  SystemCoreClock                
000000e5  SystemCoreClockUpdate          
00000359  SystemInit                     
00000caf  T32_INT1_IRQHandler            
00000caf  T32_INT2_IRQHandler            
00000caf  T32_INTC_IRQHandler            
00000caf  TA0_0_IRQHandler               
00000caf  TA0_N_IRQHandler               
00000caf  TA1_0_IRQHandler               
00000caf  TA1_N_IRQHandler               
00000caf  TA2_0_IRQHandler               
00000caf  TA2_N_IRQHandler               
00000caf  TA3_0_IRQHandler               
00000caf  TA3_N_IRQHandler               
00000441  UART_transmit_data             
00000caf  UsageFault_Handler             
4000480c  WDTCTL_SYM                     
00000caf  WDT_A_IRQHandler               
20010000  __STACK_END                    
00000200  __STACK_SIZE                   
00000d5c  __TI_CINIT_Base                
00000d64  __TI_CINIT_Limit               
00000d54  __TI_Handler_Table_Base        
00000d5c  __TI_Handler_Table_Limit       
00000a21  __TI_auto_init                 
20000000  __TI_cleanup_ptr               
00000c95  __TI_decompress_none           
00000cb1  __TI_decompress_rle24          
20000004  __TI_dtors_ptr                 
20000008  __TI_enable_exit_profile_output
ffffffff  __TI_pprof_out_hndl            
ffffffff  __TI_prof_data_size            
ffffffff  __TI_prof_data_start           
00000000  __TI_static_base__             
00000bf1  __aeabi_d2uiz                  
00000663  __aeabi_dadd                   
0000080f  __aeabi_dmul                   
00000659  __aeabi_dsub                   
000009a7  __aeabi_memclr                 
000009a7  __aeabi_memclr4                
000009a7  __aeabi_memclr8                
0000090b  __aeabi_memcpy                 
0000090b  __aeabi_memcpy4                
0000090b  __aeabi_memcpy8                
000009a9  __aeabi_memset                 
000009a9  __aeabi_memset4                
000009a9  __aeabi_memset8                
00000c35  __aeabi_ui2d                   
ffffffff  __binit__                      
ffffffff  __c_args__                     
00000afb  __mpu_init                     
2000fe00  __stack                        
00000c55  _args_main                     
00000afd  _c_int00                       
2000000c  _lock                          
00000c7b  _nop                           
00000c73  _register_lock                 
00000c6d  _register_unlock               
00000cbb  _system_post_cinit             
00000cb7  _system_pre_init               
20000010  _unlock                        
00000b55  abort                          
ffffffff  binit                          
00000cf8  compareConfig_PWM1             
00000d08  compareConfig_PWM2             
00000d18  compareConfig_PWM3             
00000d28  compareConfig_PWM4             
00000ba5  copy_in                        
00000b5d  exit                           
000004ad  init_clock                     
000004f7  init_timer                     
0000047f  init_uart                      
00000000  interruptVectors               
00000411  main                           
20000014  main_func_sp                   
0000090b  memcpy                         
000009af  memset                         
0000055f  move_forward                   
0000058b  move_reverse                   
000005d1  speed_calc                     
000005b7  stop_motors                    
00000c81  strlen                         
00000cbc  uartConfig                     
00000ce0  upDownConfig                   


GLOBAL SYMBOLS: SORTED BY Symbol Address 

address   name                           
-------   ----                           
00000000  __TI_static_base__             
00000000  interruptVectors               
000000e5  SystemCoreClockUpdate          
00000200  __STACK_SIZE                   
00000359  SystemInit                     
00000411  main                           
00000441  UART_transmit_data             
0000047f  init_uart                      
000004ad  init_clock                     
000004f7  init_timer                     
0000055f  move_forward                   
0000058b  move_reverse                   
000005b7  stop_motors                    
000005d1  speed_calc                     
00000659  __aeabi_dsub                   
00000663  __aeabi_dadd                   
0000080f  __aeabi_dmul                   
0000090b  __aeabi_memcpy                 
0000090b  __aeabi_memcpy4                
0000090b  __aeabi_memcpy8                
0000090b  memcpy                         
000009a7  __aeabi_memclr                 
000009a7  __aeabi_memclr4                
000009a7  __aeabi_memclr8                
000009a9  __aeabi_memset                 
000009a9  __aeabi_memset4                
000009a9  __aeabi_memset8                
000009af  memset                         
00000a21  __TI_auto_init                 
00000afb  __mpu_init                     
00000afd  _c_int00                       
00000b51  C$$EXIT                        
00000b55  abort                          
00000b5d  exit                           
00000ba5  copy_in                        
00000bf1  __aeabi_d2uiz                  
00000c35  __aeabi_ui2d                   
00000c55  _args_main                     
00000c6d  _register_unlock               
00000c73  _register_lock                 
00000c7b  _nop                           
00000c81  strlen                         
00000c95  __TI_decompress_none           
00000ca3  Reset_Handler                  
00000caf  ADC14_IRQHandler               
00000caf  AES256_IRQHandler              
00000caf  BusFault_Handler               
00000caf  COMP_E0_IRQHandler             
00000caf  COMP_E1_IRQHandler             
00000caf  CS_IRQHandler                  
00000caf  DMA_ERR_IRQHandler             
00000caf  DMA_INT0_IRQHandler            
00000caf  DMA_INT1_IRQHandler            
00000caf  DMA_INT2_IRQHandler            
00000caf  DMA_INT3_IRQHandler            
00000caf  DebugMon_Handler               
00000caf  Default_Handler                
00000caf  EUSCIA0_IRQHandler             
00000caf  EUSCIA1_IRQHandler             
00000caf  EUSCIA2_IRQHandler             
00000caf  EUSCIA3_IRQHandler             
00000caf  EUSCIB0_IRQHandler             
00000caf  EUSCIB1_IRQHandler             
00000caf  EUSCIB2_IRQHandler             
00000caf  EUSCIB3_IRQHandler             
00000caf  FLCTL_IRQHandler               
00000caf  FPU_IRQHandler                 
00000caf  HardFault_Handler              
00000caf  MemManage_Handler              
00000caf  NMI_Handler                    
00000caf  PCM_IRQHandler                 
00000caf  PORT1_IRQHandler               
00000caf  PORT2_IRQHandler               
00000caf  PORT3_IRQHandler               
00000caf  PORT4_IRQHandler               
00000caf  PORT5_IRQHandler               
00000caf  PORT6_IRQHandler               
00000caf  PSS_IRQHandler                 
00000caf  PendSV_Handler                 
00000caf  RTC_C_IRQHandler               
00000caf  SVC_Handler                    
00000caf  SysTick_Handler                
00000caf  T32_INT1_IRQHandler            
00000caf  T32_INT2_IRQHandler            
00000caf  T32_INTC_IRQHandler            
00000caf  TA0_0_IRQHandler               
00000caf  TA0_N_IRQHandler               
00000caf  TA1_0_IRQHandler               
00000caf  TA1_N_IRQHandler               
00000caf  TA2_0_IRQHandler               
00000caf  TA2_N_IRQHandler               
00000caf  TA3_0_IRQHandler               
00000caf  TA3_N_IRQHandler               
00000caf  UsageFault_Handler             
00000caf  WDT_A_IRQHandler               
00000cb1  __TI_decompress_rle24          
00000cb7  _system_pre_init               
00000cbb  _system_post_cinit             
00000cbc  uartConfig                     
00000ce0  upDownConfig                   
00000cf8  compareConfig_PWM1             
00000d08  compareConfig_PWM2             
00000d18  compareConfig_PWM3             
00000d28  compareConfig_PWM4             
00000d54  __TI_Handler_Table_Base        
00000d5c  __TI_CINIT_Base                
00000d5c  __TI_Handler_Table_Limit       
00000d64  __TI_CINIT_Limit               
20000000  __TI_cleanup_ptr               
20000004  __TI_dtors_ptr                 
20000008  __TI_enable_exit_profile_output
2000000c  _lock                          
20000010  _unlock                        
20000014  main_func_sp                   
20000018  SystemCoreClock                
2000fe00  __stack                        
20010000  __STACK_END                    
4000480c  WDTCTL_SYM                     
ffffffff  __TI_pprof_out_hndl            
ffffffff  __TI_prof_data_size            
ffffffff  __TI_prof_data_start           
ffffffff  __binit__                      
ffffffff  __c_args__                     
ffffffff  binit                          
UNDEFED   SHT$$INIT_ARRAY$$Base          
UNDEFED   SHT$$INIT_ARRAY$$Limit         

[126 symbols]
