******************************************************************************
                  TI ARM Linker PC v15.12.3                    
******************************************************************************
>> Linked Sat Nov 19 11:53:08 2016

OUTPUT FILE NAME:   <PI.out>
ENTRY POINT SYMBOL: "_c_int00"  address: 00002af9


MEMORY CONFIGURATION

         name            origin    length      used     unused   attr    fill
----------------------  --------  ---------  --------  --------  ----  --------
  MAIN                  00000000   00040000  00002d62  0003d29e  R  X
  INFO                  00200000   00004000  00000000  00004000  R  X
  SRAM_CODE             01000000   00010000  00000240  0000fdc0  RW X
  SRAM_DATA             20000000   00010000  00000240  0000fdc0  RW  


SEGMENT ALLOCATION MAP

run origin  load origin   length   init length attrs members
----------  ----------- ---------- ----------- ----- -------
00000000    00000000    00002d64   00002d64    r-x
  00000000    00000000    000000e4   000000e4    r-- .intvecs
  000000e4    000000e4    00002b92   00002b92    r-x .text
  00002c78    00002c78    000000a0   000000a0    r-- .const
  00002d18    00002d18    0000004c   0000004c    r-- .cinit
20000000    20000000    00000040   00000000    rw-
  20000000    20000000    0000003c   00000000    rw- .data
  2000003c    2000003c    00000004   00000000    rw- .bss
2000fe00    2000fe00    00000200   00000000    rw-
  2000fe00    2000fe00    00000200   00000000    rw- .stack


SECTION ALLOCATION MAP

 output                                  attributes/
section   page    origin      length       input sections
--------  ----  ----------  ----------   ----------------
.intvecs   0    00000000    000000e4     
                  00000000    000000e4     startup_msp432p401r_ccs.obj (.intvecs:retain)

.binit     0    00000000    00000000     

.text      0    000000e4    00002b92     
                  000000e4    00000ce0     quaternionFilters.obj (.text)
                  00000dc4    000005a8     main.obj (.text)
                  0000136c    00000410     rtsv7M4_T_le_v4SPD16_eabi.lib : e_asin.obj (.text)
                  0000177c    000003b4     mpu9250.obj (.text)
                  00001b30    0000032c     system_msp432p401r.obj (.text)
                  00001e5c    0000020c     motor_driver.obj (.text)
                  00002068    000001c8     i2c.obj (.text)
                  00002230    000001b6     rtsv7M4_T_le_v4SPD16_eabi.lib : fd_add_t2.obj (.text)
                  000023e6    00000002                                   : mpu_init.obj (.text)
                  000023e8    00000170                                   : e_sqrt.obj (.text)
                  00002558    00000136                                   : fd_div_t2.obj (.text)
                  0000268e    000000fc                                   : fd_mul_t2.obj (.text)
                  0000278a    0000009c                                   : memcpy_t2.obj (.text)
                  00002826    00000002                                   : startup.obj (.text)
                  00002828    00000088     msp_uart.obj (.text)
                  000028b0    00000086     rtsv7M4_T_le_v4SPD16_eabi.lib : fd_cmp_t2.obj (.text:__aeabi_cdrcmple)
                  00002936    0000007a                                   : memset_t2.obj (.text)
                  000029b0    00000070                                   : autoinit.obj (.text)
                  00002a20    0000006e                                   : fd_tos_t2.obj (.text)
                  00002a8e    0000006a                                   : copy_decompress_rle.obj (.text)
                  00002af8    00000054                                   : boot.obj (.text)
                  00002b4c    00000054                                   : exit.obj (.text)
                  00002ba0    0000004c                                   : cpy_tbl.obj (.text)
                  00002bec    00000038                                   : fs_tod_t2.obj (.text)
                  00002c24    00000018                                   : args_main.obj (.text)
                  00002c3c    00000014                                   : _lock.obj (.text)
                  00002c50    0000000e                                   : copy_decompress_none.obj (.text:decompress:none)
                  00002c5e    0000000e     startup_msp432p401r_ccs.obj (.text)
                  00002c6c    00000006     rtsv7M4_T_le_v4SPD16_eabi.lib : copy_decompress_rle.obj (.text:decompress:rle24)
                  00002c72    00000004                                   : pre_init.obj (.text)

.const     0    00002c78    000000a0     
                  00002c78    00000024     msp_uart.obj (.const:uartConfig)
                  00002c9c    00000018     motor_driver.obj (.const:upDownConfig)
                  00002cb4    00000014     i2c.obj (.const:i2cConfig)
                  00002cc8    00000010     motor_driver.obj (.const:compareConfig_PWM1)
                  00002cd8    00000010     motor_driver.obj (.const:compareConfig_PWM2)
                  00002ce8    00000010     motor_driver.obj (.const:compareConfig_PWM3)
                  00002cf8    00000010     motor_driver.obj (.const:compareConfig_PWM4)
                  00002d08    00000010     main.obj (.const:continuousModeConfig)

.cinit     0    00002d18    0000004c     
                  00002d18    00000024     (.cinit..data.load) [load image, compression = rle]
                  00002d3c    00000004     --HOLE-- [fill = 0]
                  00002d40    00000009     (.cinit..bss.load) [load image, compression = rle]
                  00002d49    00000003     --HOLE-- [fill = 0]
                  00002d4c    00000008     (__TI_handler_table)
                  00002d54    00000010     (__TI_cinit_table)

.init_array 
*          0    00000000    00000000     UNINITIALIZED

.data      0    20000000    0000003c     UNINITIALIZED
                  20000000    00000010     quaternionFilters.obj (.data:q)
                  20000010    0000000c     rtsv7M4_T_le_v4SPD16_eabi.lib : exit.obj (.data:$O1$$)
                  2000001c    00000008                                   : _lock.obj (.data:$O1$$)
                  20000024    00000008     quaternionFilters.obj (.data)
                  2000002c    00000004     main.obj (.data)
                  20000030    00000004     rtsv7M4_T_le_v4SPD16_eabi.lib : errno.obj (.data)
                  20000034    00000004                                   : stkdepth_vars.obj (.data)
                  20000038    00000004     system_msp432p401r.obj (.data)

.bss       0    2000003c    00000004     UNINITIALIZED
                  2000003c    00000004     (.common:i_term)

.stack     0    2000fe00    00000200     UNINITIALIZED
                  2000fe00    00000200     --HOLE--

MODULE SUMMARY

       Module                        code    ro data   rw data
       ------                        ----    -------   -------
    .\
       quaternionFilters.obj         3296    0         48     
       main.obj                      1448    16        16     
       mpu9250.obj                   948     0         0      
       system_msp432p401r.obj        812     0         8      
       motor_driver.obj              524     88        0      
       i2c.obj                       456     20        0      
       startup_msp432p401r_ccs.obj   14      228       0      
       msp_uart.obj                  136     36        0      
    +--+-----------------------------+-------+---------+---------+
       Total:                        7634    388       72     
                                                              
    C:\ti\ccsv6\tools\compiler\arm_15.12.3.LTS\lib\rtsv7M4_T_le_v4SPD16_eabi.lib
       e_asin.obj                    1040    0         0      
       fd_add_t2.obj                 438     0         0      
       e_sqrt.obj                    368     0         0      
       fd_div_t2.obj                 310     0         0      
       fd_mul_t2.obj                 252     0         0      
       memcpy_t2.obj                 156     0         0      
       fd_cmp_t2.obj                 134     0         0      
       memset_t2.obj                 122     0         0      
       autoinit.obj                  112     0         0      
       copy_decompress_rle.obj       112     0         0      
       fd_tos_t2.obj                 110     0         0      
       exit.obj                      84      0         24     
       boot.obj                      84      0         0      
       cpy_tbl.obj                   76      0         0      
       fs_tod_t2.obj                 56      0         0      
       _lock.obj                     20      0         16     
       args_main.obj                 24      0         0      
       copy_decompress_none.obj      14      0         0      
       errno.obj                     0       0         8      
       stkdepth_vars.obj             0       0         8      
       pre_init.obj                  4       0         0      
       mpu_init.obj                  2       0         0      
       startup.obj                   2       0         0      
    +--+-----------------------------+-------+---------+---------+
       Total:                        3520    0         56     
                                                              
       Stack:                        0       0         1024   
       Linker Generated:             0       69        0      
    +--+-----------------------------+-------+---------+---------+
       Grand Total:                  11154   457       1152   


LINKER GENERATED COPY TABLES

__TI_cinit_table @ 00002d54 records: 2, size/record: 8, table size: 16
	.data: load addr=00002d18, load size=00000024 bytes, run addr=20000000, run size=0000003c bytes, compression=rle
	.bss: load addr=00002d40, load size=00000009 bytes, run addr=2000003c, run size=00000004 bytes, compression=rle


LINKER GENERATED HANDLER TABLE

__TI_handler_table @ 00002d4c records: 2, size/record: 4, table size: 8
	index: 0, handler: __TI_decompress_rle24
	index: 1, handler: __TI_decompress_none


GLOBAL SYMBOLS: SORTED ALPHABETICALLY BY Name 

address   name                           
-------   ----                           
00002c6b  ADC14_IRQHandler               
00002c6b  AES256_IRQHandler              
00002c6b  BusFault_Handler               
00002b4d  C$$EXIT                        
00002c6b  COMP_E0_IRQHandler             
00002c6b  COMP_E1_IRQHandler             
00002c6b  CS_IRQHandler                  
00002c6b  DMA_ERR_IRQHandler             
00002c6b  DMA_INT0_IRQHandler            
00002c6b  DMA_INT1_IRQHandler            
00002c6b  DMA_INT2_IRQHandler            
00002c6b  DMA_INT3_IRQHandler            
00002c6b  DebugMon_Handler               
00002c6b  Default_Handler                
00002c6b  EUSCIA0_IRQHandler             
00002c6b  EUSCIA1_IRQHandler             
00002c6b  EUSCIA2_IRQHandler             
00002c6b  EUSCIA3_IRQHandler             
00002c6b  EUSCIB0_IRQHandler             
00002c6b  EUSCIB1_IRQHandler             
00002c6b  EUSCIB2_IRQHandler             
00002c6b  EUSCIB3_IRQHandler             
00002c6b  FLCTL_IRQHandler               
00002c6b  FPU_IRQHandler                 
00002c6b  HardFault_Handler              
000000e5  MadgwickQuaternionUpdate       
00002c6b  MemManage_Handler              
00002c6b  NMI_Handler                    
00002c6b  PCM_IRQHandler                 
00002c6b  PORT1_IRQHandler               
00002c6b  PORT2_IRQHandler               
00002c6b  PORT3_IRQHandler               
00002c6b  PORT4_IRQHandler               
00002c6b  PORT5_IRQHandler               
00002c6b  PORT6_IRQHandler               
00002c6b  PSS_IRQHandler                 
00002c6b  PendSV_Handler                 
00002c6b  RTC_C_IRQHandler               
00002c5f  Reset_Handler                  
UNDEFED   SHT$$INIT_ARRAY$$Base          
UNDEFED   SHT$$INIT_ARRAY$$Limit         
00002c6b  SVC_Handler                    
00002c6b  SysTick_Handler                
20000038  SystemCoreClock                
00001b31  SystemCoreClockUpdate          
00001da5  SystemInit                     
00002c6b  T32_INT1_IRQHandler            
00002c6b  T32_INT2_IRQHandler            
00002c6b  T32_INTC_IRQHandler            
00002c6b  TA0_0_IRQHandler               
00002c6b  TA0_N_IRQHandler               
00002c6b  TA1_0_IRQHandler               
00002c6b  TA1_N_IRQHandler               
00002c6b  TA2_0_IRQHandler               
00002c6b  TA2_N_IRQHandler               
00002c6b  TA3_0_IRQHandler               
00002c6b  TA3_N_IRQHandler               
00002c6b  UsageFault_Handler             
4000480c  WDTCTL_SYM                     
00002c6b  WDT_A_IRQHandler               
20010000  __STACK_END                    
00000200  __STACK_SIZE                   
00002d54  __TI_CINIT_Base                
00002d64  __TI_CINIT_Limit               
00002d4c  __TI_Handler_Table_Base        
00002d54  __TI_Handler_Table_Limit       
000029b1  __TI_auto_init                 
20000010  __TI_cleanup_ptr               
00002c51  __TI_decompress_none           
00002c6d  __TI_decompress_rle24          
20000014  __TI_dtors_ptr                 
20000018  __TI_enable_exit_profile_output
ffffffff  __TI_pprof_out_hndl            
ffffffff  __TI_prof_data_size            
ffffffff  __TI_prof_data_start           
00000000  __TI_static_base__             
000028b1  __aeabi_cdrcmple               
00002a21  __aeabi_d2f                    
0000223b  __aeabi_dadd                   
00002559  __aeabi_ddiv                   
0000268f  __aeabi_dmul                   
00002231  __aeabi_dsub                   
00002bed  __aeabi_f2d                    
00002937  __aeabi_memclr                 
00002937  __aeabi_memclr4                
00002937  __aeabi_memclr8                
0000278b  __aeabi_memcpy                 
0000278b  __aeabi_memcpy4                
0000278b  __aeabi_memcpy8                
00002939  __aeabi_memset                 
00002939  __aeabi_memset4                
00002939  __aeabi_memset8                
ffffffff  __binit__                      
ffffffff  __c_args__                     
000023e7  __mpu_init                     
2000fe00  __stack                        
00002c25  _args_main                     
00002af9  _c_int00                       
2000001c  _lock                          
00002c4b  _nop                           
00002c43  _register_lock                 
00002c3d  _register_unlock               
00002827  _system_post_cinit             
00002c73  _system_pre_init               
20000020  _unlock                        
00002b51  abort                          
0000136d  asin                           
0000136d  asinl                          
ffffffff  binit                          
00002cc8  compareConfig_PWM1             
00002cd8  compareConfig_PWM2             
00002ce8  compareConfig_PWM3             
00002cf8  compareConfig_PWM4             
00002d08  continuousModeConfig           
00002ba1  copy_in                        
20000030  errno                          
00002b59  exit                           
00001811  getAres                        
000017cf  getGres                        
000017a5  getMres                        
00000db1  getQ                           
000011b9  get_pitch                      
00002cb4  i2cConfig                      
2000003c  i_term                         
00001ef9  init_PWM_timers                
00001f9f  init_adc                       
000012f9  init_all                       
00000f7f  init_clock                     
000021af  init_i2c                       
00001a13  init_offsets                   
0000177d  init_struct                    
00002873  init_uart                      
00000000  interruptVectors               
2000002c  last_error                     
00000dc5  main                           
20000034  main_func_sp                   
0000278b  memcpy                         
0000293f  memset                         
00001e5d  move_forward                   
00001e8d  move_reverse                   
00000fd9  my_itoa                        
00000df9  pid_0                          
00001853  readAccelData                  
00001903  readGyroData                   
000019b3  readMagData                    
00002069  read_i2c                       
000020ff  read_multibyte_i2c             
00001895  setAccelData                   
00001945  setGyroData                    
000019f5  setMagData                     
00001f61  set_MOTOR_SPEED                
00001edf  speed_calc                     
000023e9  sqrt                           
000023e9  sqrtl                          
0000105d  stabilize_imu                  
00001ebd  stop_motors                    
00002829  tx_data                        
00002c78  uartConfig                     
00002c9c  upDownConfig                   
00001a61  updateTime                     
00002147  write_i2c                      


GLOBAL SYMBOLS: SORTED BY Symbol Address 

address   name                           
-------   ----                           
00000000  __TI_static_base__             
00000000  interruptVectors               
000000e5  MadgwickQuaternionUpdate       
00000200  __STACK_SIZE                   
00000db1  getQ                           
00000dc5  main                           
00000df9  pid_0                          
00000f7f  init_clock                     
00000fd9  my_itoa                        
0000105d  stabilize_imu                  
000011b9  get_pitch                      
000012f9  init_all                       
0000136d  asin                           
0000136d  asinl                          
0000177d  init_struct                    
000017a5  getMres                        
000017cf  getGres                        
00001811  getAres                        
00001853  readAccelData                  
00001895  setAccelData                   
00001903  readGyroData                   
00001945  setGyroData                    
000019b3  readMagData                    
000019f5  setMagData                     
00001a13  init_offsets                   
00001a61  updateTime                     
00001b31  SystemCoreClockUpdate          
00001da5  SystemInit                     
00001e5d  move_forward                   
00001e8d  move_reverse                   
00001ebd  stop_motors                    
00001edf  speed_calc                     
00001ef9  init_PWM_timers                
00001f61  set_MOTOR_SPEED                
00001f9f  init_adc                       
00002069  read_i2c                       
000020ff  read_multibyte_i2c             
00002147  write_i2c                      
000021af  init_i2c                       
00002231  __aeabi_dsub                   
0000223b  __aeabi_dadd                   
000023e7  __mpu_init                     
000023e9  sqrt                           
000023e9  sqrtl                          
00002559  __aeabi_ddiv                   
0000268f  __aeabi_dmul                   
0000278b  __aeabi_memcpy                 
0000278b  __aeabi_memcpy4                
0000278b  __aeabi_memcpy8                
0000278b  memcpy                         
00002827  _system_post_cinit             
00002829  tx_data                        
00002873  init_uart                      
000028b1  __aeabi_cdrcmple               
00002937  __aeabi_memclr                 
00002937  __aeabi_memclr4                
00002937  __aeabi_memclr8                
00002939  __aeabi_memset                 
00002939  __aeabi_memset4                
00002939  __aeabi_memset8                
0000293f  memset                         
000029b1  __TI_auto_init                 
00002a21  __aeabi_d2f                    
00002af9  _c_int00                       
00002b4d  C$$EXIT                        
00002b51  abort                          
00002b59  exit                           
00002ba1  copy_in                        
00002bed  __aeabi_f2d                    
00002c25  _args_main                     
00002c3d  _register_unlock               
00002c43  _register_lock                 
00002c4b  _nop                           
00002c51  __TI_decompress_none           
00002c5f  Reset_Handler                  
00002c6b  ADC14_IRQHandler               
00002c6b  AES256_IRQHandler              
00002c6b  BusFault_Handler               
00002c6b  COMP_E0_IRQHandler             
00002c6b  COMP_E1_IRQHandler             
00002c6b  CS_IRQHandler                  
00002c6b  DMA_ERR_IRQHandler             
00002c6b  DMA_INT0_IRQHandler            
00002c6b  DMA_INT1_IRQHandler            
00002c6b  DMA_INT2_IRQHandler            
00002c6b  DMA_INT3_IRQHandler            
00002c6b  DebugMon_Handler               
00002c6b  Default_Handler                
00002c6b  EUSCIA0_IRQHandler             
00002c6b  EUSCIA1_IRQHandler             
00002c6b  EUSCIA2_IRQHandler             
00002c6b  EUSCIA3_IRQHandler             
00002c6b  EUSCIB0_IRQHandler             
00002c6b  EUSCIB1_IRQHandler             
00002c6b  EUSCIB2_IRQHandler             
00002c6b  EUSCIB3_IRQHandler             
00002c6b  FLCTL_IRQHandler               
00002c6b  FPU_IRQHandler                 
00002c6b  HardFault_Handler              
00002c6b  MemManage_Handler              
00002c6b  NMI_Handler                    
00002c6b  PCM_IRQHandler                 
00002c6b  PORT1_IRQHandler               
00002c6b  PORT2_IRQHandler               
00002c6b  PORT3_IRQHandler               
00002c6b  PORT4_IRQHandler               
00002c6b  PORT5_IRQHandler               
00002c6b  PORT6_IRQHandler               
00002c6b  PSS_IRQHandler                 
00002c6b  PendSV_Handler                 
00002c6b  RTC_C_IRQHandler               
00002c6b  SVC_Handler                    
00002c6b  SysTick_Handler                
00002c6b  T32_INT1_IRQHandler            
00002c6b  T32_INT2_IRQHandler            
00002c6b  T32_INTC_IRQHandler            
00002c6b  TA0_0_IRQHandler               
00002c6b  TA0_N_IRQHandler               
00002c6b  TA1_0_IRQHandler               
00002c6b  TA1_N_IRQHandler               
00002c6b  TA2_0_IRQHandler               
00002c6b  TA2_N_IRQHandler               
00002c6b  TA3_0_IRQHandler               
00002c6b  TA3_N_IRQHandler               
00002c6b  UsageFault_Handler             
00002c6b  WDT_A_IRQHandler               
00002c6d  __TI_decompress_rle24          
00002c73  _system_pre_init               
00002c78  uartConfig                     
00002c9c  upDownConfig                   
00002cb4  i2cConfig                      
00002cc8  compareConfig_PWM1             
00002cd8  compareConfig_PWM2             
00002ce8  compareConfig_PWM3             
00002cf8  compareConfig_PWM4             
00002d08  continuousModeConfig           
00002d4c  __TI_Handler_Table_Base        
00002d54  __TI_CINIT_Base                
00002d54  __TI_Handler_Table_Limit       
00002d64  __TI_CINIT_Limit               
20000010  __TI_cleanup_ptr               
20000014  __TI_dtors_ptr                 
20000018  __TI_enable_exit_profile_output
2000001c  _lock                          
20000020  _unlock                        
2000002c  last_error                     
20000030  errno                          
20000034  main_func_sp                   
20000038  SystemCoreClock                
2000003c  i_term                         
2000fe00  __stack                        
20010000  __STACK_END                    
4000480c  WDTCTL_SYM                     
ffffffff  __TI_pprof_out_hndl            
ffffffff  __TI_prof_data_size            
ffffffff  __TI_prof_data_start           
ffffffff  __binit__                      
ffffffff  __c_args__                     
ffffffff  binit                          
UNDEFED   SHT$$INIT_ARRAY$$Base          
UNDEFED   SHT$$INIT_ARRAY$$Limit         

[161 symbols]
