******************************************************************************
                  TI ARM Linker PC v15.12.3                    
******************************************************************************
>> Linked Tue Sep 13 21:19:46 2016

OUTPUT FILE NAME:   <PI.out>
ENTRY POINT SYMBOL: "_c_int00"  address: 00000765


MEMORY CONFIGURATION

         name            origin    length      used     unused   attr    fill
----------------------  --------  ---------  --------  --------  ----  --------
  MAIN                  00000000   00040000  0000090e  0003f6f2  R  X
  INFO                  00200000   00004000  00000000  00004000  R  X
  SRAM_CODE             01000000   00010000  0000021c  0000fde4  RW X
  SRAM_DATA             20000000   00010000  0000021c  0000fde4  RW  


SEGMENT ALLOCATION MAP

run origin  load origin   length   init length attrs members
----------  ----------- ---------- ----------- ----- -------
00000000    00000000    00000914   00000914    r-x
  00000000    00000000    000000e4   000000e4    r-- .intvecs
  000000e4    000000e4    000007da   000007da    r-x .text
  000008c0    000008c0    00000024   00000024    r-- .const
  000008e8    000008e8    0000002c   0000002c    r-- .cinit
20000000    20000000    0000001c   00000000    rw-
  20000000    20000000    0000001c   00000000    rw- .data
2000fe00    2000fe00    00000200   00000000    rw-
  2000fe00    2000fe00    00000200   00000000    rw- .stack


SECTION ALLOCATION MAP

 output                                  attributes/
section   page    origin      length       input sections
--------  ----  ----------  ----------   ----------------
.intvecs   0    00000000    000000e4     
                  00000000    000000e4     startup_msp432p401r_ccs.obj (.intvecs:retain)

.binit     0    00000000    00000000     

.text      0    000000e4    000007da     
                  000000e4    0000032c     system_msp432p401r.obj (.text)
                  00000410    00000160     main.obj (.text)
                  00000570    0000009c     rtsv7M4_T_le_v4SPD16_eabi.lib : memcpy_t2.obj (.text)
                  0000060c    0000007a                                   : memset_t2.obj (.text)
                  00000686    00000002                                   : mpu_init.obj (.text)
                  00000688    00000070                                   : autoinit.obj (.text)
                  000006f8    0000006a                                   : copy_decompress_rle.obj (.text)
                  00000762    00000002                                   : startup.obj (.text)
                  00000764    00000054                                   : boot.obj (.text)
                  000007b8    00000054                                   : exit.obj (.text)
                  0000080c    0000004c                                   : cpy_tbl.obj (.text)
                  00000858    00000018                                   : args_main.obj (.text)
                  00000870    00000014                                   : _lock.obj (.text)
                  00000884    00000014                                   : strlen.obj (.text)
                  00000898    0000000e                                   : copy_decompress_none.obj (.text:decompress:none)
                  000008a6    0000000e     startup_msp432p401r_ccs.obj (.text)
                  000008b4    00000006     rtsv7M4_T_le_v4SPD16_eabi.lib : copy_decompress_rle.obj (.text:decompress:rle24)
                  000008ba    00000004                                   : pre_init.obj (.text)

.const     0    000008c0    00000024     
                  000008c0    00000024     main.obj (.const:uartConfig)

.cinit     0    000008e8    0000002c     
                  000008e8    0000001a     (.cinit..data.load) [load image, compression = rle]
                  00000902    00000002     --HOLE-- [fill = 0]
                  00000904    00000008     (__TI_handler_table)
                  0000090c    00000008     (__TI_cinit_table)

.init_array 
*          0    00000000    00000000     UNINITIALIZED

.data      0    20000000    0000001c     UNINITIALIZED
                  20000000    0000000c     rtsv7M4_T_le_v4SPD16_eabi.lib : exit.obj (.data:$O1$$)
                  2000000c    00000008                                   : _lock.obj (.data:$O1$$)
                  20000014    00000004                                   : stkdepth_vars.obj (.data)
                  20000018    00000004     system_msp432p401r.obj (.data)

.stack     0    2000fe00    00000200     UNINITIALIZED
                  2000fe00    00000200     --HOLE--

MODULE SUMMARY

       Module                        code   ro data   rw data
       ------                        ----   -------   -------
    .\
       system_msp432p401r.obj        812    0         8      
       main.obj                      352    36        0      
       startup_msp432p401r_ccs.obj   14     228       0      
    +--+-----------------------------+------+---------+---------+
       Total:                        1178   264       8      
                                                             
    C:\ti\ccsv6\tools\compiler\arm_15.12.3.LTS\lib\rtsv7M4_T_le_v4SPD16_eabi.lib
       memcpy_t2.obj                 156    0         0      
       memset_t2.obj                 122    0         0      
       autoinit.obj                  112    0         0      
       copy_decompress_rle.obj       112    0         0      
       exit.obj                      84     0         24     
       boot.obj                      84     0         0      
       cpy_tbl.obj                   76     0         0      
       _lock.obj                     20     0         16     
       args_main.obj                 24     0         0      
       strlen.obj                    20     0         0      
       copy_decompress_none.obj      14     0         0      
       stkdepth_vars.obj             0      0         8      
       pre_init.obj                  4      0         0      
       mpu_init.obj                  2      0         0      
       startup.obj                   2      0         0      
    +--+-----------------------------+------+---------+---------+
       Total:                        832    0         48     
                                                             
       Stack:                        0      0         1024   
       Linker Generated:             0      42        0      
    +--+-----------------------------+------+---------+---------+
       Grand Total:                  2010   306       1080   


LINKER GENERATED COPY TABLES

__TI_cinit_table @ 0000090c records: 1, size/record: 8, table size: 8
	.data: load addr=000008e8, load size=0000001a bytes, run addr=20000000, run size=0000001c bytes, compression=rle


LINKER GENERATED HANDLER TABLE

__TI_handler_table @ 00000904 records: 2, size/record: 4, table size: 8
	index: 0, handler: __TI_decompress_rle24
	index: 1, handler: __TI_decompress_none


GLOBAL SYMBOLS: SORTED ALPHABETICALLY BY Name 

address   name                           
-------   ----                           
000008b3  ADC14_IRQHandler               
000008b3  AES256_IRQHandler              
000008b3  BusFault_Handler               
000007b9  C$$EXIT                        
000008b3  COMP_E0_IRQHandler             
000008b3  COMP_E1_IRQHandler             
000008b3  CS_IRQHandler                  
000008b3  DMA_ERR_IRQHandler             
000008b3  DMA_INT0_IRQHandler            
000008b3  DMA_INT1_IRQHandler            
000008b3  DMA_INT2_IRQHandler            
000008b3  DMA_INT3_IRQHandler            
000008b3  DebugMon_Handler               
000008b3  Default_Handler                
000008b3  EUSCIA0_IRQHandler             
000008b3  EUSCIA1_IRQHandler             
000008b3  EUSCIA2_IRQHandler             
000008b3  EUSCIA3_IRQHandler             
000008b3  EUSCIB0_IRQHandler             
000008b3  EUSCIB1_IRQHandler             
000008b3  EUSCIB2_IRQHandler             
000008b3  EUSCIB3_IRQHandler             
000008b3  FLCTL_IRQHandler               
000008b3  FPU_IRQHandler                 
000008b3  HardFault_Handler              
000008b3  MemManage_Handler              
000008b3  NMI_Handler                    
000008b3  PCM_IRQHandler                 
000008b3  PORT1_IRQHandler               
000008b3  PORT2_IRQHandler               
000008b3  PORT3_IRQHandler               
000008b3  PORT4_IRQHandler               
000008b3  PORT5_IRQHandler               
000008b3  PORT6_IRQHandler               
000008b3  PSS_IRQHandler                 
000008b3  PendSV_Handler                 
000008b3  RTC_C_IRQHandler               
000008a7  Reset_Handler                  
UNDEFED   SHT$$INIT_ARRAY$$Base          
UNDEFED   SHT$$INIT_ARRAY$$Limit         
000008b3  SVC_Handler                    
000008b3  SysTick_Handler                
20000018  SystemCoreClock                
000000e5  SystemCoreClockUpdate          
00000359  SystemInit                     
000008b3  T32_INT1_IRQHandler            
000008b3  T32_INT2_IRQHandler            
000008b3  T32_INTC_IRQHandler            
000008b3  TA0_0_IRQHandler               
000008b3  TA0_N_IRQHandler               
000008b3  TA1_0_IRQHandler               
000008b3  TA1_N_IRQHandler               
000008b3  TA2_0_IRQHandler               
000008b3  TA2_N_IRQHandler               
000008b3  TA3_0_IRQHandler               
000008b3  TA3_N_IRQHandler               
00000457  UART_transmit_data             
000008b3  UsageFault_Handler             
4000480c  WDTCTL_SYM                     
000008b3  WDT_A_IRQHandler               
20010000  __STACK_END                    
00000200  __STACK_SIZE                   
0000090c  __TI_CINIT_Base                
00000914  __TI_CINIT_Limit               
00000904  __TI_Handler_Table_Base        
0000090c  __TI_Handler_Table_Limit       
00000689  __TI_auto_init                 
20000000  __TI_cleanup_ptr               
00000899  __TI_decompress_none           
000008b5  __TI_decompress_rle24          
20000004  __TI_dtors_ptr                 
20000008  __TI_enable_exit_profile_output
ffffffff  __TI_pprof_out_hndl            
ffffffff  __TI_prof_data_size            
ffffffff  __TI_prof_data_start           
00000000  __TI_static_base__             
0000060d  __aeabi_memclr                 
0000060d  __aeabi_memclr4                
0000060d  __aeabi_memclr8                
00000571  __aeabi_memcpy                 
00000571  __aeabi_memcpy4                
00000571  __aeabi_memcpy8                
0000060f  __aeabi_memset                 
0000060f  __aeabi_memset4                
0000060f  __aeabi_memset8                
ffffffff  __binit__                      
ffffffff  __c_args__                     
00000687  __mpu_init                     
2000fe00  __stack                        
00000859  _args_main                     
00000765  _c_int00                       
2000000c  _lock                          
0000087f  _nop                           
00000877  _register_lock                 
00000871  _register_unlock               
00000763  _system_post_cinit             
000008bb  _system_pre_init               
20000010  _unlock                        
000007bd  abort                          
ffffffff  binit                          
0000080d  copy_in                        
000007c5  exit                           
000004c3  init_clock                     
00000495  init_uart                      
00000000  interruptVectors               
00000411  main                           
20000014  main_func_sp                   
00000571  memcpy                         
00000615  memset                         
00000885  strlen                         
000008c0  uartConfig                     


GLOBAL SYMBOLS: SORTED BY Symbol Address 

address   name                           
-------   ----                           
00000000  __TI_static_base__             
00000000  interruptVectors               
000000e5  SystemCoreClockUpdate          
00000200  __STACK_SIZE                   
00000359  SystemInit                     
00000411  main                           
00000457  UART_transmit_data             
00000495  init_uart                      
000004c3  init_clock                     
00000571  __aeabi_memcpy                 
00000571  __aeabi_memcpy4                
00000571  __aeabi_memcpy8                
00000571  memcpy                         
0000060d  __aeabi_memclr                 
0000060d  __aeabi_memclr4                
0000060d  __aeabi_memclr8                
0000060f  __aeabi_memset                 
0000060f  __aeabi_memset4                
0000060f  __aeabi_memset8                
00000615  memset                         
00000687  __mpu_init                     
00000689  __TI_auto_init                 
00000763  _system_post_cinit             
00000765  _c_int00                       
000007b9  C$$EXIT                        
000007bd  abort                          
000007c5  exit                           
0000080d  copy_in                        
00000859  _args_main                     
00000871  _register_unlock               
00000877  _register_lock                 
0000087f  _nop                           
00000885  strlen                         
00000899  __TI_decompress_none           
000008a7  Reset_Handler                  
000008b3  ADC14_IRQHandler               
000008b3  AES256_IRQHandler              
000008b3  BusFault_Handler               
000008b3  COMP_E0_IRQHandler             
000008b3  COMP_E1_IRQHandler             
000008b3  CS_IRQHandler                  
000008b3  DMA_ERR_IRQHandler             
000008b3  DMA_INT0_IRQHandler            
000008b3  DMA_INT1_IRQHandler            
000008b3  DMA_INT2_IRQHandler            
000008b3  DMA_INT3_IRQHandler            
000008b3  DebugMon_Handler               
000008b3  Default_Handler                
000008b3  EUSCIA0_IRQHandler             
000008b3  EUSCIA1_IRQHandler             
000008b3  EUSCIA2_IRQHandler             
000008b3  EUSCIA3_IRQHandler             
000008b3  EUSCIB0_IRQHandler             
000008b3  EUSCIB1_IRQHandler             
000008b3  EUSCIB2_IRQHandler             
000008b3  EUSCIB3_IRQHandler             
000008b3  FLCTL_IRQHandler               
000008b3  FPU_IRQHandler                 
000008b3  HardFault_Handler              
000008b3  MemManage_Handler              
000008b3  NMI_Handler                    
000008b3  PCM_IRQHandler                 
000008b3  PORT1_IRQHandler               
000008b3  PORT2_IRQHandler               
000008b3  PORT3_IRQHandler               
000008b3  PORT4_IRQHandler               
000008b3  PORT5_IRQHandler               
000008b3  PORT6_IRQHandler               
000008b3  PSS_IRQHandler                 
000008b3  PendSV_Handler                 
000008b3  RTC_C_IRQHandler               
000008b3  SVC_Handler                    
000008b3  SysTick_Handler                
000008b3  T32_INT1_IRQHandler            
000008b3  T32_INT2_IRQHandler            
000008b3  T32_INTC_IRQHandler            
000008b3  TA0_0_IRQHandler               
000008b3  TA0_N_IRQHandler               
000008b3  TA1_0_IRQHandler               
000008b3  TA1_N_IRQHandler               
000008b3  TA2_0_IRQHandler               
000008b3  TA2_N_IRQHandler               
000008b3  TA3_0_IRQHandler               
000008b3  TA3_N_IRQHandler               
000008b3  UsageFault_Handler             
000008b3  WDT_A_IRQHandler               
000008b5  __TI_decompress_rle24          
000008bb  _system_pre_init               
000008c0  uartConfig                     
00000904  __TI_Handler_Table_Base        
0000090c  __TI_CINIT_Base                
0000090c  __TI_Handler_Table_Limit       
00000914  __TI_CINIT_Limit               
20000000  __TI_cleanup_ptr               
20000004  __TI_dtors_ptr                 
20000008  __TI_enable_exit_profile_output
2000000c  _lock                          
20000010  _unlock                        
20000014  main_func_sp                   
20000018  SystemCoreClock                
2000fe00  __stack                        
20010000  __STACK_END                    
4000480c  WDTCTL_SYM                     
ffffffff  __TI_pprof_out_hndl            
ffffffff  __TI_prof_data_size            
ffffffff  __TI_prof_data_start           
ffffffff  __binit__                      
ffffffff  __c_args__                     
ffffffff  binit                          
UNDEFED   SHT$$INIT_ARRAY$$Base          
UNDEFED   SHT$$INIT_ARRAY$$Limit         

[111 symbols]
