******************************************************************************
                  TI ARM Linker PC v15.12.3                    
******************************************************************************
>> Linked Sat Oct 29 14:51:53 2016

OUTPUT FILE NAME:   <PI.out>
ENTRY POINT SYMBOL: "_c_int00"  address: 000006fd


MEMORY CONFIGURATION

         name            origin    length      used     unused   attr    fill
----------------------  --------  ---------  --------  --------  ----  --------
  MAIN                  00000000   00040000  000008a6  0003f75a  R  X
  INFO                  00200000   00004000  00000000  00004000  R  X
  SRAM_CODE             01000000   00010000  0000021c  0000fde4  RW X
  SRAM_DATA             20000000   00010000  0000021c  0000fde4  RW  


SEGMENT ALLOCATION MAP

run origin  load origin   length   init length attrs members
----------  ----------- ---------- ----------- ----- -------
00000000    00000000    000008ac   000008ac    r-x
  00000000    00000000    000000e4   000000e4    r-- .intvecs
  000000e4    000000e4    00000772   00000772    r-x .text
  00000858    00000858    00000024   00000024    r-- .const
  00000880    00000880    0000002c   0000002c    r-- .cinit
20000000    20000000    0000001c   00000000    rw-
  20000000    20000000    0000001c   00000000    rw- .data
2000fe00    2000fe00    00000200   00000000    rw-
  2000fe00    2000fe00    00000200   00000000    rw- .stack


SECTION ALLOCATION MAP

 output                                  attributes/
section   page    origin      length       input sections
--------  ----  ----------  ----------   ----------------
.intvecs   0    00000000    000000e4     
                  00000000    000000e4     startup_msp432p401r_ccs.obj (.intvecs:retain)

.binit     0    00000000    00000000     

.text      0    000000e4    00000772     
                  000000e4    0000032c     system_msp432p401r.obj (.text)
                  00000410    000000f8     main.obj (.text)
                  00000508    0000009c     rtsv7M4_T_le_v4SPD16_eabi.lib : memcpy_t2.obj (.text)
                  000005a4    0000007a                                   : memset_t2.obj (.text)
                  0000061e    00000002                                   : mpu_init.obj (.text)
                  00000620    00000070                                   : autoinit.obj (.text)
                  00000690    0000006a                                   : copy_decompress_rle.obj (.text)
                  000006fa    00000002                                   : startup.obj (.text)
                  000006fc    00000054                                   : boot.obj (.text)
                  00000750    00000054                                   : exit.obj (.text)
                  000007a4    0000004c                                   : cpy_tbl.obj (.text)
                  000007f0    00000018                                   : args_main.obj (.text)
                  00000808    00000014                                   : _lock.obj (.text)
                  0000081c    00000014                                   : strlen.obj (.text)
                  00000830    0000000e                                   : copy_decompress_none.obj (.text:decompress:none)
                  0000083e    0000000e     startup_msp432p401r_ccs.obj (.text)
                  0000084c    00000006     rtsv7M4_T_le_v4SPD16_eabi.lib : copy_decompress_rle.obj (.text:decompress:rle24)
                  00000852    00000004                                   : pre_init.obj (.text)

.const     0    00000858    00000024     
                  00000858    00000024     main.obj (.const:uartConfig)

.cinit     0    00000880    0000002c     
                  00000880    0000001a     (.cinit..data.load) [load image, compression = rle]
                  0000089a    00000002     --HOLE-- [fill = 0]
                  0000089c    00000008     (__TI_handler_table)
                  000008a4    00000008     (__TI_cinit_table)

.init_array 
*          0    00000000    00000000     UNINITIALIZED

.data      0    20000000    0000001c     UNINITIALIZED
                  20000000    0000000c     rtsv7M4_T_le_v4SPD16_eabi.lib : exit.obj (.data:$O1$$)
                  2000000c    00000008                                   : _lock.obj (.data:$O1$$)
                  20000014    00000004                                   : stkdepth_vars.obj (.data)
                  20000018    00000004     system_msp432p401r.obj (.data)

.stack     0    2000fe00    00000200     UNINITIALIZED
                  2000fe00    00000200     --HOLE--

MODULE SUMMARY

       Module                        code   ro data   rw data
       ------                        ----   -------   -------
    .\
       system_msp432p401r.obj        812    0         8      
       main.obj                      248    36        0      
       startup_msp432p401r_ccs.obj   14     228       0      
    +--+-----------------------------+------+---------+---------+
       Total:                        1074   264       8      
                                                             
    C:\ti\ccsv6\tools\compiler\arm_15.12.3.LTS\lib\rtsv7M4_T_le_v4SPD16_eabi.lib
       memcpy_t2.obj                 156    0         0      
       memset_t2.obj                 122    0         0      
       autoinit.obj                  112    0         0      
       copy_decompress_rle.obj       112    0         0      
       exit.obj                      84     0         24     
       boot.obj                      84     0         0      
       cpy_tbl.obj                   76     0         0      
       _lock.obj                     20     0         16     
       args_main.obj                 24     0         0      
       strlen.obj                    20     0         0      
       copy_decompress_none.obj      14     0         0      
       stkdepth_vars.obj             0      0         8      
       pre_init.obj                  4      0         0      
       mpu_init.obj                  2      0         0      
       startup.obj                   2      0         0      
    +--+-----------------------------+------+---------+---------+
       Total:                        832    0         48     
                                                             
       Stack:                        0      0         1024   
       Linker Generated:             0      42        0      
    +--+-----------------------------+------+---------+---------+
       Grand Total:                  1906   306       1080   


LINKER GENERATED COPY TABLES

__TI_cinit_table @ 000008a4 records: 1, size/record: 8, table size: 8
	.data: load addr=00000880, load size=0000001a bytes, run addr=20000000, run size=0000001c bytes, compression=rle


LINKER GENERATED HANDLER TABLE

__TI_handler_table @ 0000089c records: 2, size/record: 4, table size: 8
	index: 0, handler: __TI_decompress_rle24
	index: 1, handler: __TI_decompress_none


GLOBAL SYMBOLS: SORTED ALPHABETICALLY BY Name 

address   name                           
-------   ----                           
0000084b  ADC14_IRQHandler               
0000084b  AES256_IRQHandler              
0000084b  BusFault_Handler               
00000751  C$$EXIT                        
0000084b  COMP_E0_IRQHandler             
0000084b  COMP_E1_IRQHandler             
0000084b  CS_IRQHandler                  
0000084b  DMA_ERR_IRQHandler             
0000084b  DMA_INT0_IRQHandler            
0000084b  DMA_INT1_IRQHandler            
0000084b  DMA_INT2_IRQHandler            
0000084b  DMA_INT3_IRQHandler            
0000084b  DebugMon_Handler               
0000084b  Default_Handler                
0000084b  EUSCIA0_IRQHandler             
0000084b  EUSCIA1_IRQHandler             
0000084b  EUSCIA2_IRQHandler             
0000084b  EUSCIA3_IRQHandler             
0000084b  EUSCIB0_IRQHandler             
0000084b  EUSCIB1_IRQHandler             
0000084b  EUSCIB2_IRQHandler             
0000084b  EUSCIB3_IRQHandler             
0000084b  FLCTL_IRQHandler               
0000084b  FPU_IRQHandler                 
0000084b  HardFault_Handler              
0000084b  MemManage_Handler              
0000084b  NMI_Handler                    
0000084b  PCM_IRQHandler                 
0000084b  PORT1_IRQHandler               
0000084b  PORT2_IRQHandler               
0000084b  PORT3_IRQHandler               
0000084b  PORT4_IRQHandler               
0000084b  PORT5_IRQHandler               
0000084b  PORT6_IRQHandler               
0000084b  PSS_IRQHandler                 
0000084b  PendSV_Handler                 
0000084b  RTC_C_IRQHandler               
0000083f  Reset_Handler                  
UNDEFED   SHT$$INIT_ARRAY$$Base          
UNDEFED   SHT$$INIT_ARRAY$$Limit         
0000084b  SVC_Handler                    
0000084b  SysTick_Handler                
20000018  SystemCoreClock                
000000e5  SystemCoreClockUpdate          
00000359  SystemInit                     
0000084b  T32_INT1_IRQHandler            
0000084b  T32_INT2_IRQHandler            
0000084b  T32_INTC_IRQHandler            
0000084b  TA0_0_IRQHandler               
0000084b  TA0_N_IRQHandler               
0000084b  TA1_0_IRQHandler               
0000084b  TA1_N_IRQHandler               
0000084b  TA2_0_IRQHandler               
0000084b  TA2_N_IRQHandler               
0000084b  TA3_0_IRQHandler               
0000084b  TA3_N_IRQHandler               
0000049b  UART_transmit_data             
0000084b  UsageFault_Handler             
4000480c  WDTCTL_SYM                     
0000084b  WDT_A_IRQHandler               
20010000  __STACK_END                    
00000200  __STACK_SIZE                   
000008a4  __TI_CINIT_Base                
000008ac  __TI_CINIT_Limit               
0000089c  __TI_Handler_Table_Base        
000008a4  __TI_Handler_Table_Limit       
00000621  __TI_auto_init                 
20000000  __TI_cleanup_ptr               
00000831  __TI_decompress_none           
0000084d  __TI_decompress_rle24          
20000004  __TI_dtors_ptr                 
20000008  __TI_enable_exit_profile_output
ffffffff  __TI_pprof_out_hndl            
ffffffff  __TI_prof_data_size            
ffffffff  __TI_prof_data_start           
00000000  __TI_static_base__             
000005a5  __aeabi_memclr                 
000005a5  __aeabi_memclr4                
000005a5  __aeabi_memclr8                
00000509  __aeabi_memcpy                 
00000509  __aeabi_memcpy4                
00000509  __aeabi_memcpy8                
000005a7  __aeabi_memset                 
000005a7  __aeabi_memset4                
000005a7  __aeabi_memset8                
ffffffff  __binit__                      
ffffffff  __c_args__                     
0000061f  __mpu_init                     
2000fe00  __stack                        
000007f1  _args_main                     
000006fd  _c_int00                       
2000000c  _lock                          
00000817  _nop                           
0000080f  _register_lock                 
00000809  _register_unlock               
000006fb  _system_post_cinit             
00000853  _system_pre_init               
20000010  _unlock                        
00000755  abort                          
ffffffff  binit                          
000007a5  copy_in                        
0000075d  exit                           
00000000  interruptVectors               
00000411  main                           
20000014  main_func_sp                   
00000509  memcpy                         
000005ad  memset                         
0000081d  strlen                         
00000858  uartConfig                     


GLOBAL SYMBOLS: SORTED BY Symbol Address 

address   name                           
-------   ----                           
00000000  __TI_static_base__             
00000000  interruptVectors               
000000e5  SystemCoreClockUpdate          
00000200  __STACK_SIZE                   
00000359  SystemInit                     
00000411  main                           
0000049b  UART_transmit_data             
00000509  __aeabi_memcpy                 
00000509  __aeabi_memcpy4                
00000509  __aeabi_memcpy8                
00000509  memcpy                         
000005a5  __aeabi_memclr                 
000005a5  __aeabi_memclr4                
000005a5  __aeabi_memclr8                
000005a7  __aeabi_memset                 
000005a7  __aeabi_memset4                
000005a7  __aeabi_memset8                
000005ad  memset                         
0000061f  __mpu_init                     
00000621  __TI_auto_init                 
000006fb  _system_post_cinit             
000006fd  _c_int00                       
00000751  C$$EXIT                        
00000755  abort                          
0000075d  exit                           
000007a5  copy_in                        
000007f1  _args_main                     
00000809  _register_unlock               
0000080f  _register_lock                 
00000817  _nop                           
0000081d  strlen                         
00000831  __TI_decompress_none           
0000083f  Reset_Handler                  
0000084b  ADC14_IRQHandler               
0000084b  AES256_IRQHandler              
0000084b  BusFault_Handler               
0000084b  COMP_E0_IRQHandler             
0000084b  COMP_E1_IRQHandler             
0000084b  CS_IRQHandler                  
0000084b  DMA_ERR_IRQHandler             
0000084b  DMA_INT0_IRQHandler            
0000084b  DMA_INT1_IRQHandler            
0000084b  DMA_INT2_IRQHandler            
0000084b  DMA_INT3_IRQHandler            
0000084b  DebugMon_Handler               
0000084b  Default_Handler                
0000084b  EUSCIA0_IRQHandler             
0000084b  EUSCIA1_IRQHandler             
0000084b  EUSCIA2_IRQHandler             
0000084b  EUSCIA3_IRQHandler             
0000084b  EUSCIB0_IRQHandler             
0000084b  EUSCIB1_IRQHandler             
0000084b  EUSCIB2_IRQHandler             
0000084b  EUSCIB3_IRQHandler             
0000084b  FLCTL_IRQHandler               
0000084b  FPU_IRQHandler                 
0000084b  HardFault_Handler              
0000084b  MemManage_Handler              
0000084b  NMI_Handler                    
0000084b  PCM_IRQHandler                 
0000084b  PORT1_IRQHandler               
0000084b  PORT2_IRQHandler               
0000084b  PORT3_IRQHandler               
0000084b  PORT4_IRQHandler               
0000084b  PORT5_IRQHandler               
0000084b  PORT6_IRQHandler               
0000084b  PSS_IRQHandler                 
0000084b  PendSV_Handler                 
0000084b  RTC_C_IRQHandler               
0000084b  SVC_Handler                    
0000084b  SysTick_Handler                
0000084b  T32_INT1_IRQHandler            
0000084b  T32_INT2_IRQHandler            
0000084b  T32_INTC_IRQHandler            
0000084b  TA0_0_IRQHandler               
0000084b  TA0_N_IRQHandler               
0000084b  TA1_0_IRQHandler               
0000084b  TA1_N_IRQHandler               
0000084b  TA2_0_IRQHandler               
0000084b  TA2_N_IRQHandler               
0000084b  TA3_0_IRQHandler               
0000084b  TA3_N_IRQHandler               
0000084b  UsageFault_Handler             
0000084b  WDT_A_IRQHandler               
0000084d  __TI_decompress_rle24          
00000853  _system_pre_init               
00000858  uartConfig                     
0000089c  __TI_Handler_Table_Base        
000008a4  __TI_CINIT_Base                
000008a4  __TI_Handler_Table_Limit       
000008ac  __TI_CINIT_Limit               
20000000  __TI_cleanup_ptr               
20000004  __TI_dtors_ptr                 
20000008  __TI_enable_exit_profile_output
2000000c  _lock                          
20000010  _unlock                        
20000014  main_func_sp                   
20000018  SystemCoreClock                
2000fe00  __stack                        
20010000  __STACK_END                    
4000480c  WDTCTL_SYM                     
ffffffff  __TI_pprof_out_hndl            
ffffffff  __TI_prof_data_size            
ffffffff  __TI_prof_data_start           
ffffffff  __binit__                      
ffffffff  __c_args__                     
ffffffff  binit                          
UNDEFED   SHT$$INIT_ARRAY$$Base          
UNDEFED   SHT$$INIT_ARRAY$$Limit         

[109 symbols]
