******************************************************************************
                  TI ARM Linker PC v15.12.3                    
******************************************************************************
>> Linked Tue Nov 22 10:45:24 2016

OUTPUT FILE NAME:   <PI.out>
ENTRY POINT SYMBOL: "_c_int00"  address: 00002b3d


MEMORY CONFIGURATION

         name            origin    length      used     unused   attr    fill
----------------------  --------  ---------  --------  --------  ----  --------
  MAIN                  00000000   00040000  00002db6  0003d24a  R  X
  INFO                  00200000   00004000  00000000  00004000  R  X
  SRAM_CODE             01000000   00010000  00000250  0000fdb0  RW X
  SRAM_DATA             20000000   00010000  00000250  0000fdb0  RW  


SEGMENT ALLOCATION MAP

run origin  load origin   length   init length attrs members
----------  ----------- ---------- ----------- ----- -------
00000000    00000000    00002dbc   00002dbc    r-x
  00000000    00000000    000000e4   000000e4    r-- .intvecs
  000000e4    000000e4    00002bd6   00002bd6    r-x .text
  00002cbc    00002cbc    000000a0   000000a0    r-- .const
  00002d60    00002d60    0000005c   0000005c    r-- .cinit
20000000    20000000    00000050   00000000    rw-
  20000000    20000000    00000048   00000000    rw- .data
  20000048    20000048    00000008   00000000    rw- .bss
2000fe00    2000fe00    00000200   00000000    rw-
  2000fe00    2000fe00    00000200   00000000    rw- .stack


SECTION ALLOCATION MAP

 output                                  attributes/
section   page    origin      length       input sections
--------  ----  ----------  ----------   ----------------
.intvecs   0    00000000    000000e4     
                  00000000    000000e4     startup_msp432p401r_ccs.obj (.intvecs:retain)

.binit     0    00000000    00000000     

.text      0    000000e4    00002bd6     
                  000000e4    00000ce0     quaternionFilters.obj (.text)
                  00000dc4    000005dc     main.obj (.text)
                  000013a0    00000410     rtsv7M4_T_le_v4SPD16_eabi.lib : e_asin.obj (.text)
                  000017b0    000003b4     mpu9250.obj (.text)
                  00001b64    0000032c     system_msp432p401r.obj (.text)
                  00001e90    0000020c     motor_driver.obj (.text)
                  0000209c    000001c8     i2c.obj (.text)
                  00002264    000001b6     rtsv7M4_T_le_v4SPD16_eabi.lib : fd_add_t2.obj (.text)
                  0000241a    00000002                                   : mpu_init.obj (.text)
                  0000241c    00000170                                   : e_sqrt.obj (.text)
                  0000258c    00000136                                   : fd_div_t2.obj (.text)
                  000026c2    000000fc                                   : fd_mul_t2.obj (.text)
                  000027be    0000009c                                   : memcpy_t2.obj (.text)
                  0000285a    00000002                                   : startup.obj (.text)
                  0000285c    00000098     msp_uart.obj (.text)
                  000028f4    00000086     rtsv7M4_T_le_v4SPD16_eabi.lib : fd_cmp_t2.obj (.text:__aeabi_cdrcmple)
                  0000297a    0000007a                                   : memset_t2.obj (.text)
                  000029f4    00000070                                   : autoinit.obj (.text)
                  00002a64    0000006e                                   : fd_tos_t2.obj (.text)
                  00002ad2    0000006a                                   : copy_decompress_rle.obj (.text)
                  00002b3c    00000054                                   : boot.obj (.text)
                  00002b90    00000054                                   : exit.obj (.text)
                  00002be4    0000004c                                   : cpy_tbl.obj (.text)
                  00002c30    00000038                                   : fs_tod_t2.obj (.text)
                  00002c68    00000018                                   : args_main.obj (.text)
                  00002c80    00000014                                   : _lock.obj (.text)
                  00002c94    0000000e                                   : copy_decompress_none.obj (.text:decompress:none)
                  00002ca2    0000000e     startup_msp432p401r_ccs.obj (.text)
                  00002cb0    00000006     rtsv7M4_T_le_v4SPD16_eabi.lib : copy_decompress_rle.obj (.text:decompress:rle24)
                  00002cb6    00000004                                   : pre_init.obj (.text)

.const     0    00002cbc    000000a0     
                  00002cbc    00000024     msp_uart.obj (.const:uartConfig)
                  00002ce0    00000018     motor_driver.obj (.const:upDownConfig)
                  00002cf8    00000014     i2c.obj (.const:i2cConfig)
                  00002d0c    00000010     motor_driver.obj (.const:compareConfig_PWM1)
                  00002d1c    00000010     motor_driver.obj (.const:compareConfig_PWM2)
                  00002d2c    00000010     motor_driver.obj (.const:compareConfig_PWM3)
                  00002d3c    00000010     motor_driver.obj (.const:compareConfig_PWM4)
                  00002d4c    00000010     main.obj (.const:continuousModeConfig)

.cinit     0    00002d60    0000005c     
                  00002d60    00000031     (.cinit..data.load) [load image, compression = rle]
                  00002d91    00000007     --HOLE-- [fill = 0]
                  00002d98    00000009     (.cinit..bss.load) [load image, compression = rle]
                  00002da1    00000003     --HOLE-- [fill = 0]
                  00002da4    00000008     (__TI_handler_table)
                  00002dac    00000010     (__TI_cinit_table)

.init_array 
*          0    00000000    00000000     UNINITIALIZED

.data      0    20000000    00000048     UNINITIALIZED
                  20000000    00000010     main.obj (.data)
                  20000010    00000010     quaternionFilters.obj (.data:q)
                  20000020    0000000c     rtsv7M4_T_le_v4SPD16_eabi.lib : exit.obj (.data:$O1$$)
                  2000002c    00000008                                   : _lock.obj (.data:$O1$$)
                  20000034    00000008     quaternionFilters.obj (.data)
                  2000003c    00000004     rtsv7M4_T_le_v4SPD16_eabi.lib : errno.obj (.data)
                  20000040    00000004                                   : stkdepth_vars.obj (.data)
                  20000044    00000004     system_msp432p401r.obj (.data)

.bss       0    20000048    00000008     UNINITIALIZED
                  20000048    00000004     (.common:d_term)
                  2000004c    00000004     (.common:i_term)

.stack     0    2000fe00    00000200     UNINITIALIZED
                  2000fe00    00000200     --HOLE--

MODULE SUMMARY

       Module                        code    ro data   rw data
       ------                        ----    -------   -------
    .\
       quaternionFilters.obj         3296    0         48     
       main.obj                      1500    16        48     
       mpu9250.obj                   948     0         0      
       system_msp432p401r.obj        812     0         8      
       motor_driver.obj              524     88        0      
       i2c.obj                       456     20        0      
       startup_msp432p401r_ccs.obj   14      228       0      
       msp_uart.obj                  152     36        0      
    +--+-----------------------------+-------+---------+---------+
       Total:                        7702    388       104    
                                                              
    C:\ti\ccsv6\tools\compiler\arm_15.12.3.LTS\lib\rtsv7M4_T_le_v4SPD16_eabi.lib
       e_asin.obj                    1040    0         0      
       fd_add_t2.obj                 438     0         0      
       e_sqrt.obj                    368     0         0      
       fd_div_t2.obj                 310     0         0      
       fd_mul_t2.obj                 252     0         0      
       memcpy_t2.obj                 156     0         0      
       fd_cmp_t2.obj                 134     0         0      
       memset_t2.obj                 122     0         0      
       autoinit.obj                  112     0         0      
       copy_decompress_rle.obj       112     0         0      
       fd_tos_t2.obj                 110     0         0      
       exit.obj                      84      0         24     
       boot.obj                      84      0         0      
       cpy_tbl.obj                   76      0         0      
       fs_tod_t2.obj                 56      0         0      
       _lock.obj                     20      0         16     
       args_main.obj                 24      0         0      
       copy_decompress_none.obj      14      0         0      
       errno.obj                     0       0         8      
       stkdepth_vars.obj             0       0         8      
       pre_init.obj                  4       0         0      
       mpu_init.obj                  2       0         0      
       startup.obj                   2       0         0      
    +--+-----------------------------+-------+---------+---------+
       Total:                        3520    0         56     
                                                              
       Stack:                        0       0         1024   
       Linker Generated:             0       82        0      
    +--+-----------------------------+-------+---------+---------+
       Grand Total:                  11222   470       1184   


LINKER GENERATED COPY TABLES

__TI_cinit_table @ 00002dac records: 2, size/record: 8, table size: 16
	.data: load addr=00002d60, load size=00000031 bytes, run addr=20000000, run size=00000048 bytes, compression=rle
	.bss: load addr=00002d98, load size=00000009 bytes, run addr=20000048, run size=00000008 bytes, compression=rle


LINKER GENERATED HANDLER TABLE

__TI_handler_table @ 00002da4 records: 2, size/record: 4, table size: 8
	index: 0, handler: __TI_decompress_rle24
	index: 1, handler: __TI_decompress_none


GLOBAL SYMBOLS: SORTED ALPHABETICALLY BY Name 

address   name                           
-------   ----                           
00002caf  ADC14_IRQHandler               
00002caf  AES256_IRQHandler              
00002caf  BusFault_Handler               
00002b91  C$$EXIT                        
00002caf  COMP_E0_IRQHandler             
00002caf  COMP_E1_IRQHandler             
00002caf  CS_IRQHandler                  
00002caf  DMA_ERR_IRQHandler             
00002caf  DMA_INT0_IRQHandler            
00002caf  DMA_INT1_IRQHandler            
00002caf  DMA_INT2_IRQHandler            
00002caf  DMA_INT3_IRQHandler            
00002caf  DebugMon_Handler               
00002caf  Default_Handler                
00002caf  EUSCIA0_IRQHandler             
00002caf  EUSCIA1_IRQHandler             
00002caf  EUSCIA2_IRQHandler             
00002caf  EUSCIA3_IRQHandler             
00002caf  EUSCIB0_IRQHandler             
00002caf  EUSCIB1_IRQHandler             
00002caf  EUSCIB2_IRQHandler             
00002caf  EUSCIB3_IRQHandler             
00002caf  FLCTL_IRQHandler               
00002caf  FPU_IRQHandler                 
00002caf  HardFault_Handler              
000000e5  MadgwickQuaternionUpdate       
00002caf  MemManage_Handler              
00002caf  NMI_Handler                    
00002caf  PCM_IRQHandler                 
00002caf  PORT1_IRQHandler               
00002caf  PORT2_IRQHandler               
00002caf  PORT3_IRQHandler               
00002caf  PORT4_IRQHandler               
00002caf  PORT5_IRQHandler               
00002caf  PORT6_IRQHandler               
00002caf  PSS_IRQHandler                 
00002caf  PendSV_Handler                 
00002caf  RTC_C_IRQHandler               
00002ca3  Reset_Handler                  
UNDEFED   SHT$$INIT_ARRAY$$Base          
UNDEFED   SHT$$INIT_ARRAY$$Limit         
00002caf  SVC_Handler                    
00002caf  SysTick_Handler                
20000044  SystemCoreClock                
00001b65  SystemCoreClockUpdate          
00001dd9  SystemInit                     
00002caf  T32_INT1_IRQHandler            
00002caf  T32_INT2_IRQHandler            
00002caf  T32_INTC_IRQHandler            
00002caf  TA0_0_IRQHandler               
00002caf  TA0_N_IRQHandler               
00002caf  TA1_0_IRQHandler               
00002caf  TA1_N_IRQHandler               
00002caf  TA2_0_IRQHandler               
00002caf  TA2_N_IRQHandler               
00002caf  TA3_0_IRQHandler               
00002caf  TA3_N_IRQHandler               
00002caf  UsageFault_Handler             
4000480c  WDTCTL_SYM                     
00002caf  WDT_A_IRQHandler               
20010000  __STACK_END                    
00000200  __STACK_SIZE                   
00002dac  __TI_CINIT_Base                
00002dbc  __TI_CINIT_Limit               
00002da4  __TI_Handler_Table_Base        
00002dac  __TI_Handler_Table_Limit       
000029f5  __TI_auto_init                 
20000020  __TI_cleanup_ptr               
00002c95  __TI_decompress_none           
00002cb1  __TI_decompress_rle24          
20000024  __TI_dtors_ptr                 
20000028  __TI_enable_exit_profile_output
ffffffff  __TI_pprof_out_hndl            
ffffffff  __TI_prof_data_size            
ffffffff  __TI_prof_data_start           
00000000  __TI_static_base__             
000028f5  __aeabi_cdrcmple               
00002a65  __aeabi_d2f                    
0000226f  __aeabi_dadd                   
0000258d  __aeabi_ddiv                   
000026c3  __aeabi_dmul                   
00002265  __aeabi_dsub                   
00002c31  __aeabi_f2d                    
0000297b  __aeabi_memclr                 
0000297b  __aeabi_memclr4                
0000297b  __aeabi_memclr8                
000027bf  __aeabi_memcpy                 
000027bf  __aeabi_memcpy4                
000027bf  __aeabi_memcpy8                
0000297d  __aeabi_memset                 
0000297d  __aeabi_memset4                
0000297d  __aeabi_memset8                
ffffffff  __binit__                      
ffffffff  __c_args__                     
0000241b  __mpu_init                     
2000fe00  __stack                        
00002c69  _args_main                     
00002b3d  _c_int00                       
2000002c  _lock                          
00002c8f  _nop                           
00002c87  _register_lock                 
00002c81  _register_unlock               
0000285b  _system_post_cinit             
00002cb7  _system_pre_init               
20000030  _unlock                        
00002b95  abort                          
000013a1  asin                           
000013a1  asinl                          
ffffffff  binit                          
00002d0c  compareConfig_PWM1             
00002d1c  compareConfig_PWM2             
00002d2c  compareConfig_PWM3             
00002d3c  compareConfig_PWM4             
00002d4c  continuousModeConfig           
00002be5  copy_in                        
20000048  d_term                         
2000003c  errno                          
00002b9d  exit                           
00001845  getAres                        
00001803  getGres                        
000017d9  getMres                        
00000db1  getQ                           
000011ed  get_pitch                      
00002cf8  i2cConfig                      
2000004c  i_term                         
00001f2d  init_PWM_timers                
00001fd3  init_adc                       
0000132d  init_all                       
00000fa9  init_clock                     
000021e3  init_i2c                       
00001a47  init_offsets                   
000017b1  init_struct                    
000028b7  init_uart                      
00000000  interruptVectors               
20000008  kd                             
20000004  ki                             
20000000  kp                             
2000000c  last_error                     
00000dc5  main                           
20000040  main_func_sp                   
000027bf  memcpy                         
00002983  memset                         
00001e91  move_forward                   
00001ec1  move_reverse                   
00001003  my_itoa                        
00000e29  pid                            
00001887  readAccelData                  
00001937  readGyroData                   
000019e7  readMagData                    
0000209d  read_i2c                       
00002133  read_multibyte_i2c             
000028a7  rx_data                        
000018c9  setAccelData                   
00001979  setGyroData                    
00001a29  setMagData                     
00001f95  set_MOTOR_SPEED                
00001f13  speed_calc                     
0000241d  sqrt                           
0000241d  sqrtl                          
0000108d  stabilize_imu                  
00001ef1  stop_motors                    
0000285d  tx_data                        
00002cbc  uartConfig                     
00002ce0  upDownConfig                   
00001a95  updateTime                     
0000217b  write_i2c                      


GLOBAL SYMBOLS: SORTED BY Symbol Address 

address   name                           
-------   ----                           
00000000  __TI_static_base__             
00000000  interruptVectors               
000000e5  MadgwickQuaternionUpdate       
00000200  __STACK_SIZE                   
00000db1  getQ                           
00000dc5  main                           
00000e29  pid                            
00000fa9  init_clock                     
00001003  my_itoa                        
0000108d  stabilize_imu                  
000011ed  get_pitch                      
0000132d  init_all                       
000013a1  asin                           
000013a1  asinl                          
000017b1  init_struct                    
000017d9  getMres                        
00001803  getGres                        
00001845  getAres                        
00001887  readAccelData                  
000018c9  setAccelData                   
00001937  readGyroData                   
00001979  setGyroData                    
000019e7  readMagData                    
00001a29  setMagData                     
00001a47  init_offsets                   
00001a95  updateTime                     
00001b65  SystemCoreClockUpdate          
00001dd9  SystemInit                     
00001e91  move_forward                   
00001ec1  move_reverse                   
00001ef1  stop_motors                    
00001f13  speed_calc                     
00001f2d  init_PWM_timers                
00001f95  set_MOTOR_SPEED                
00001fd3  init_adc                       
0000209d  read_i2c                       
00002133  read_multibyte_i2c             
0000217b  write_i2c                      
000021e3  init_i2c                       
00002265  __aeabi_dsub                   
0000226f  __aeabi_dadd                   
0000241b  __mpu_init                     
0000241d  sqrt                           
0000241d  sqrtl                          
0000258d  __aeabi_ddiv                   
000026c3  __aeabi_dmul                   
000027bf  __aeabi_memcpy                 
000027bf  __aeabi_memcpy4                
000027bf  __aeabi_memcpy8                
000027bf  memcpy                         
0000285b  _system_post_cinit             
0000285d  tx_data                        
000028a7  rx_data                        
000028b7  init_uart                      
000028f5  __aeabi_cdrcmple               
0000297b  __aeabi_memclr                 
0000297b  __aeabi_memclr4                
0000297b  __aeabi_memclr8                
0000297d  __aeabi_memset                 
0000297d  __aeabi_memset4                
0000297d  __aeabi_memset8                
00002983  memset                         
000029f5  __TI_auto_init                 
00002a65  __aeabi_d2f                    
00002b3d  _c_int00                       
00002b91  C$$EXIT                        
00002b95  abort                          
00002b9d  exit                           
00002be5  copy_in                        
00002c31  __aeabi_f2d                    
00002c69  _args_main                     
00002c81  _register_unlock               
00002c87  _register_lock                 
00002c8f  _nop                           
00002c95  __TI_decompress_none           
00002ca3  Reset_Handler                  
00002caf  ADC14_IRQHandler               
00002caf  AES256_IRQHandler              
00002caf  BusFault_Handler               
00002caf  COMP_E0_IRQHandler             
00002caf  COMP_E1_IRQHandler             
00002caf  CS_IRQHandler                  
00002caf  DMA_ERR_IRQHandler             
00002caf  DMA_INT0_IRQHandler            
00002caf  DMA_INT1_IRQHandler            
00002caf  DMA_INT2_IRQHandler            
00002caf  DMA_INT3_IRQHandler            
00002caf  DebugMon_Handler               
00002caf  Default_Handler                
00002caf  EUSCIA0_IRQHandler             
00002caf  EUSCIA1_IRQHandler             
00002caf  EUSCIA2_IRQHandler             
00002caf  EUSCIA3_IRQHandler             
00002caf  EUSCIB0_IRQHandler             
00002caf  EUSCIB1_IRQHandler             
00002caf  EUSCIB2_IRQHandler             
00002caf  EUSCIB3_IRQHandler             
00002caf  FLCTL_IRQHandler               
00002caf  FPU_IRQHandler                 
00002caf  HardFault_Handler              
00002caf  MemManage_Handler              
00002caf  NMI_Handler                    
00002caf  PCM_IRQHandler                 
00002caf  PORT1_IRQHandler               
00002caf  PORT2_IRQHandler               
00002caf  PORT3_IRQHandler               
00002caf  PORT4_IRQHandler               
00002caf  PORT5_IRQHandler               
00002caf  PORT6_IRQHandler               
00002caf  PSS_IRQHandler                 
00002caf  PendSV_Handler                 
00002caf  RTC_C_IRQHandler               
00002caf  SVC_Handler                    
00002caf  SysTick_Handler                
00002caf  T32_INT1_IRQHandler            
00002caf  T32_INT2_IRQHandler            
00002caf  T32_INTC_IRQHandler            
00002caf  TA0_0_IRQHandler               
00002caf  TA0_N_IRQHandler               
00002caf  TA1_0_IRQHandler               
00002caf  TA1_N_IRQHandler               
00002caf  TA2_0_IRQHandler               
00002caf  TA2_N_IRQHandler               
00002caf  TA3_0_IRQHandler               
00002caf  TA3_N_IRQHandler               
00002caf  UsageFault_Handler             
00002caf  WDT_A_IRQHandler               
00002cb1  __TI_decompress_rle24          
00002cb7  _system_pre_init               
00002cbc  uartConfig                     
00002ce0  upDownConfig                   
00002cf8  i2cConfig                      
00002d0c  compareConfig_PWM1             
00002d1c  compareConfig_PWM2             
00002d2c  compareConfig_PWM3             
00002d3c  compareConfig_PWM4             
00002d4c  continuousModeConfig           
00002da4  __TI_Handler_Table_Base        
00002dac  __TI_CINIT_Base                
00002dac  __TI_Handler_Table_Limit       
00002dbc  __TI_CINIT_Limit               
20000000  kp                             
20000004  ki                             
20000008  kd                             
2000000c  last_error                     
20000020  __TI_cleanup_ptr               
20000024  __TI_dtors_ptr                 
20000028  __TI_enable_exit_profile_output
2000002c  _lock                          
20000030  _unlock                        
2000003c  errno                          
20000040  main_func_sp                   
20000044  SystemCoreClock                
20000048  d_term                         
2000004c  i_term                         
2000fe00  __stack                        
20010000  __STACK_END                    
4000480c  WDTCTL_SYM                     
ffffffff  __TI_pprof_out_hndl            
ffffffff  __TI_prof_data_size            
ffffffff  __TI_prof_data_start           
ffffffff  __binit__                      
ffffffff  __c_args__                     
ffffffff  binit                          
UNDEFED   SHT$$INIT_ARRAY$$Base          
UNDEFED   SHT$$INIT_ARRAY$$Limit         

[166 symbols]
