******************************************************************************
                  TI ARM Linker PC v15.12.3                    
******************************************************************************
>> Linked Tue Oct 18 22:39:38 2016

OUTPUT FILE NAME:   <PI.out>
ENTRY POINT SYMBOL: "_c_int00"  address: 000015cd


MEMORY CONFIGURATION

         name            origin    length      used     unused   attr    fill
----------------------  --------  ---------  --------  --------  ----  --------
  MAIN                  00000000   00040000  0000178a  0003e876  R  X
  INFO                  00200000   00004000  00000000  00004000  R  X
  SRAM_CODE             01000000   00010000  0000021c  0000fde4  RW X
  SRAM_DATA             20000000   00010000  0000021c  0000fde4  RW  


SEGMENT ALLOCATION MAP

run origin  load origin   length   init length attrs members
----------  ----------- ---------- ----------- ----- -------
00000000    00000000    0000178c   0000178c    r-x
  00000000    00000000    000000e4   000000e4    r-- .intvecs
  000000e4    000000e4    00001666   00001666    r-x .text
  0000174c    0000174c    00000014   00000014    r-- .const
  00001760    00001760    0000002c   0000002c    r-- .cinit
20000000    20000000    0000001c   00000000    rw-
  20000000    20000000    0000001c   00000000    rw- .data
2000fe00    2000fe00    00000200   00000000    rw-
  2000fe00    2000fe00    00000200   00000000    rw- .stack


SECTION ALLOCATION MAP

 output                                  attributes/
section   page    origin      length       input sections
--------  ----  ----------  ----------   ----------------
.intvecs   0    00000000    000000e4     
                  00000000    000000e4     startup_msp432p401r_ccs.obj (.intvecs:retain)

.binit     0    00000000    00000000     

.text      0    000000e4    00001666     
                  000000e4    000009c2     mpu9250.obj (.text)
                  00000aa6    00000002     rtsv7M4_T_le_v4SPD16_eabi.lib : mpu_init.obj (.text)
                  00000aa8    0000032c     system_msp432p401r.obj (.text)
                  00000dd4    000001c8     i2c.obj (.text)
                  00000f9c    000001b6     rtsv7M4_T_le_v4SPD16_eabi.lib : fd_add_t2.obj (.text)
                  00001152    00000136                                   : fd_div_t2.obj (.text)
                  00001288    000000e4     main.obj (.text)
                  0000136c    0000009c     rtsv7M4_T_le_v4SPD16_eabi.lib : memcpy_t2.obj (.text)
                  00001408    0000007a                                   : memset_t2.obj (.text)
                  00001482    00000002                                   : startup.obj (.text)
                  00001484    00000070                                   : autoinit.obj (.text)
                  000014f4    0000006e                                   : fd_tos_t2.obj (.text)
                  00001562    0000006a                                   : copy_decompress_rle.obj (.text)
                  000015cc    00000054                                   : boot.obj (.text)
                  00001620    00000054                                   : exit.obj (.text)
                  00001674    0000004c                                   : cpy_tbl.obj (.text)
                  000016c0    00000038                                   : fs_tod_t2.obj (.text)
                  000016f8    00000018                                   : args_main.obj (.text)
                  00001710    00000014                                   : _lock.obj (.text)
                  00001724    0000000e                                   : copy_decompress_none.obj (.text:decompress:none)
                  00001732    0000000e     startup_msp432p401r_ccs.obj (.text)
                  00001740    00000006     rtsv7M4_T_le_v4SPD16_eabi.lib : copy_decompress_rle.obj (.text:decompress:rle24)
                  00001746    00000004                                   : pre_init.obj (.text)

.const     0    0000174c    00000014     
                  0000174c    00000014     i2c.obj (.const:i2cConfig)

.cinit     0    00001760    0000002c     
                  00001760    0000001a     (.cinit..data.load) [load image, compression = rle]
                  0000177a    00000002     --HOLE-- [fill = 0]
                  0000177c    00000008     (__TI_handler_table)
                  00001784    00000008     (__TI_cinit_table)

.init_array 
*          0    00000000    00000000     UNINITIALIZED

.data      0    20000000    0000001c     UNINITIALIZED
                  20000000    0000000c     rtsv7M4_T_le_v4SPD16_eabi.lib : exit.obj (.data:$O1$$)
                  2000000c    00000008                                   : _lock.obj (.data:$O1$$)
                  20000014    00000004                                   : stkdepth_vars.obj (.data)
                  20000018    00000004     system_msp432p401r.obj (.data)

.stack     0    2000fe00    00000200     UNINITIALIZED
                  2000fe00    00000200     --HOLE--

MODULE SUMMARY

       Module                        code   ro data   rw data
       ------                        ----   -------   -------
    .\
       mpu9250.obj                   2498   0         0      
       system_msp432p401r.obj        812    0         8      
       i2c.obj                       456    20        0      
       startup_msp432p401r_ccs.obj   14     228       0      
       main.obj                      228    0         0      
    +--+-----------------------------+------+---------+---------+
       Total:                        4008   248       8      
                                                             
    D:\TI\ccsv6\tools\compiler\arm_15.12.3.LTS\lib\rtsv7M4_T_le_v4SPD16_eabi.lib
       fd_add_t2.obj                 438    0         0      
       fd_div_t2.obj                 310    0         0      
       memcpy_t2.obj                 156    0         0      
       memset_t2.obj                 122    0         0      
       autoinit.obj                  112    0         0      
       copy_decompress_rle.obj       112    0         0      
       fd_tos_t2.obj                 110    0         0      
       exit.obj                      84     0         24     
       boot.obj                      84     0         0      
       cpy_tbl.obj                   76     0         0      
       fs_tod_t2.obj                 56     0         0      
       _lock.obj                     20     0         16     
       args_main.obj                 24     0         0      
       copy_decompress_none.obj      14     0         0      
       stkdepth_vars.obj             0      0         8      
       pre_init.obj                  4      0         0      
       mpu_init.obj                  2      0         0      
       startup.obj                   2      0         0      
    +--+-----------------------------+------+---------+---------+
       Total:                        1726   0         48     
                                                             
       Stack:                        0      0         1024   
       Linker Generated:             0      42        0      
    +--+-----------------------------+------+---------+---------+
       Grand Total:                  5734   290       1080   


LINKER GENERATED COPY TABLES

__TI_cinit_table @ 00001784 records: 1, size/record: 8, table size: 8
	.data: load addr=00001760, load size=0000001a bytes, run addr=20000000, run size=0000001c bytes, compression=rle


LINKER GENERATED HANDLER TABLE

__TI_handler_table @ 0000177c records: 2, size/record: 4, table size: 8
	index: 0, handler: __TI_decompress_rle24
	index: 1, handler: __TI_decompress_none


GLOBAL SYMBOLS: SORTED ALPHABETICALLY BY Name 

address   name                           
-------   ----                           
0000173f  ADC14_IRQHandler               
0000173f  AES256_IRQHandler              
0000173f  BusFault_Handler               
00001621  C$$EXIT                        
0000173f  COMP_E0_IRQHandler             
0000173f  COMP_E1_IRQHandler             
0000173f  CS_IRQHandler                  
0000173f  DMA_ERR_IRQHandler             
0000173f  DMA_INT0_IRQHandler            
0000173f  DMA_INT1_IRQHandler            
0000173f  DMA_INT2_IRQHandler            
0000173f  DMA_INT3_IRQHandler            
0000173f  DebugMon_Handler               
0000173f  Default_Handler                
0000173f  EUSCIA0_IRQHandler             
0000173f  EUSCIA1_IRQHandler             
0000173f  EUSCIA2_IRQHandler             
0000173f  EUSCIA3_IRQHandler             
0000173f  EUSCIB0_IRQHandler             
0000173f  EUSCIB1_IRQHandler             
0000173f  EUSCIB2_IRQHandler             
0000173f  EUSCIB3_IRQHandler             
0000173f  FLCTL_IRQHandler               
0000173f  FPU_IRQHandler                 
0000173f  HardFault_Handler              
0000173f  MemManage_Handler              
0000173f  NMI_Handler                    
0000173f  PCM_IRQHandler                 
0000173f  PORT1_IRQHandler               
0000173f  PORT2_IRQHandler               
0000173f  PORT3_IRQHandler               
0000173f  PORT4_IRQHandler               
0000173f  PORT5_IRQHandler               
0000173f  PORT6_IRQHandler               
0000173f  PSS_IRQHandler                 
0000173f  PendSV_Handler                 
0000173f  RTC_C_IRQHandler               
00001733  Reset_Handler                  
UNDEFED   SHT$$INIT_ARRAY$$Base          
UNDEFED   SHT$$INIT_ARRAY$$Limit         
0000173f  SVC_Handler                    
0000173f  SysTick_Handler                
20000018  SystemCoreClock                
00000aa9  SystemCoreClockUpdate          
00000d1d  SystemInit                     
0000173f  T32_INT1_IRQHandler            
0000173f  T32_INT2_IRQHandler            
0000173f  T32_INTC_IRQHandler            
0000173f  TA0_0_IRQHandler               
0000173f  TA0_N_IRQHandler               
0000173f  TA1_0_IRQHandler               
0000173f  TA1_N_IRQHandler               
0000173f  TA2_0_IRQHandler               
0000173f  TA2_N_IRQHandler               
0000173f  TA3_0_IRQHandler               
0000173f  TA3_N_IRQHandler               
0000173f  UsageFault_Handler             
4000480c  WDTCTL_SYM                     
0000173f  WDT_A_IRQHandler               
20010000  __STACK_END                    
00000200  __STACK_SIZE                   
00001784  __TI_CINIT_Base                
0000178c  __TI_CINIT_Limit               
0000177c  __TI_Handler_Table_Base        
00001784  __TI_Handler_Table_Limit       
00001485  __TI_auto_init                 
20000000  __TI_cleanup_ptr               
00001725  __TI_decompress_none           
00001741  __TI_decompress_rle24          
20000004  __TI_dtors_ptr                 
20000008  __TI_enable_exit_profile_output
ffffffff  __TI_pprof_out_hndl            
ffffffff  __TI_prof_data_size            
ffffffff  __TI_prof_data_start           
00000000  __TI_static_base__             
000014f5  __aeabi_d2f                    
00000fa7  __aeabi_dadd                   
00001153  __aeabi_ddiv                   
00000f9d  __aeabi_dsub                   
000016c1  __aeabi_f2d                    
00001409  __aeabi_memclr                 
00001409  __aeabi_memclr4                
00001409  __aeabi_memclr8                
0000136d  __aeabi_memcpy                 
0000136d  __aeabi_memcpy4                
0000136d  __aeabi_memcpy8                
0000140b  __aeabi_memset                 
0000140b  __aeabi_memset4                
0000140b  __aeabi_memset8                
ffffffff  __binit__                      
ffffffff  __c_args__                     
00000aa7  __mpu_init                     
2000fe00  __stack                        
000016f9  _args_main                     
000015cd  _c_int00                       
2000000c  _lock                          
0000171f  _nop                           
00001717  _register_lock                 
00001711  _register_unlock               
00001483  _system_post_cinit             
00001747  _system_pre_init               
20000010  _unlock                        
00001625  abort                          
ffffffff  binit                          
00000521  calibrateMPU                   
00001675  copy_in                        
0000162d  exit                           
00000173  getAres                        
00000131  getGres                        
00000107  getMres                        
0000174c  i2cConfig                      
000003ed  initMAG                        
000012fb  init_clock                     
00000f1b  init_i2c                       
000000e5  init_struct                    
00000000  interruptVectors               
00001289  main                           
20000014  main_func_sp                   
0000136d  memcpy                         
00001411  memset                         
000001b5  readAccelData                  
00000265  readGyroData                   
00000315  readMagData                    
00000dd5  read_i2c                       
00000e6b  read_multibyte_i2c             
000001f7  setAccelData                   
000002a7  setGyroData                    
00000357  setMagData                     
00000eb3  write_i2c                      


GLOBAL SYMBOLS: SORTED BY Symbol Address 

address   name                           
-------   ----                           
00000000  __TI_static_base__             
00000000  interruptVectors               
000000e5  init_struct                    
00000107  getMres                        
00000131  getGres                        
00000173  getAres                        
000001b5  readAccelData                  
000001f7  setAccelData                   
00000200  __STACK_SIZE                   
00000265  readGyroData                   
000002a7  setGyroData                    
00000315  readMagData                    
00000357  setMagData                     
000003ed  initMAG                        
00000521  calibrateMPU                   
00000aa7  __mpu_init                     
00000aa9  SystemCoreClockUpdate          
00000d1d  SystemInit                     
00000dd5  read_i2c                       
00000e6b  read_multibyte_i2c             
00000eb3  write_i2c                      
00000f1b  init_i2c                       
00000f9d  __aeabi_dsub                   
00000fa7  __aeabi_dadd                   
00001153  __aeabi_ddiv                   
00001289  main                           
000012fb  init_clock                     
0000136d  __aeabi_memcpy                 
0000136d  __aeabi_memcpy4                
0000136d  __aeabi_memcpy8                
0000136d  memcpy                         
00001409  __aeabi_memclr                 
00001409  __aeabi_memclr4                
00001409  __aeabi_memclr8                
0000140b  __aeabi_memset                 
0000140b  __aeabi_memset4                
0000140b  __aeabi_memset8                
00001411  memset                         
00001483  _system_post_cinit             
00001485  __TI_auto_init                 
000014f5  __aeabi_d2f                    
000015cd  _c_int00                       
00001621  C$$EXIT                        
00001625  abort                          
0000162d  exit                           
00001675  copy_in                        
000016c1  __aeabi_f2d                    
000016f9  _args_main                     
00001711  _register_unlock               
00001717  _register_lock                 
0000171f  _nop                           
00001725  __TI_decompress_none           
00001733  Reset_Handler                  
0000173f  ADC14_IRQHandler               
0000173f  AES256_IRQHandler              
0000173f  BusFault_Handler               
0000173f  COMP_E0_IRQHandler             
0000173f  COMP_E1_IRQHandler             
0000173f  CS_IRQHandler                  
0000173f  DMA_ERR_IRQHandler             
0000173f  DMA_INT0_IRQHandler            
0000173f  DMA_INT1_IRQHandler            
0000173f  DMA_INT2_IRQHandler            
0000173f  DMA_INT3_IRQHandler            
0000173f  DebugMon_Handler               
0000173f  Default_Handler                
0000173f  EUSCIA0_IRQHandler             
0000173f  EUSCIA1_IRQHandler             
0000173f  EUSCIA2_IRQHandler             
0000173f  EUSCIA3_IRQHandler             
0000173f  EUSCIB0_IRQHandler             
0000173f  EUSCIB1_IRQHandler             
0000173f  EUSCIB2_IRQHandler             
0000173f  EUSCIB3_IRQHandler             
0000173f  FLCTL_IRQHandler               
0000173f  FPU_IRQHandler                 
0000173f  HardFault_Handler              
0000173f  MemManage_Handler              
0000173f  NMI_Handler                    
0000173f  PCM_IRQHandler                 
0000173f  PORT1_IRQHandler               
0000173f  PORT2_IRQHandler               
0000173f  PORT3_IRQHandler               
0000173f  PORT4_IRQHandler               
0000173f  PORT5_IRQHandler               
0000173f  PORT6_IRQHandler               
0000173f  PSS_IRQHandler                 
0000173f  PendSV_Handler                 
0000173f  RTC_C_IRQHandler               
0000173f  SVC_Handler                    
0000173f  SysTick_Handler                
0000173f  T32_INT1_IRQHandler            
0000173f  T32_INT2_IRQHandler            
0000173f  T32_INTC_IRQHandler            
0000173f  TA0_0_IRQHandler               
0000173f  TA0_N_IRQHandler               
0000173f  TA1_0_IRQHandler               
0000173f  TA1_N_IRQHandler               
0000173f  TA2_0_IRQHandler               
0000173f  TA2_N_IRQHandler               
0000173f  TA3_0_IRQHandler               
0000173f  TA3_N_IRQHandler               
0000173f  UsageFault_Handler             
0000173f  WDT_A_IRQHandler               
00001741  __TI_decompress_rle24          
00001747  _system_pre_init               
0000174c  i2cConfig                      
0000177c  __TI_Handler_Table_Base        
00001784  __TI_CINIT_Base                
00001784  __TI_Handler_Table_Limit       
0000178c  __TI_CINIT_Limit               
20000000  __TI_cleanup_ptr               
20000004  __TI_dtors_ptr                 
20000008  __TI_enable_exit_profile_output
2000000c  _lock                          
20000010  _unlock                        
20000014  main_func_sp                   
20000018  SystemCoreClock                
2000fe00  __stack                        
20010000  __STACK_END                    
4000480c  WDTCTL_SYM                     
ffffffff  __TI_pprof_out_hndl            
ffffffff  __TI_prof_data_size            
ffffffff  __TI_prof_data_start           
ffffffff  __binit__                      
ffffffff  __c_args__                     
ffffffff  binit                          
UNDEFED   SHT$$INIT_ARRAY$$Base          
UNDEFED   SHT$$INIT_ARRAY$$Limit         

[129 symbols]
