******************************************************************************
                  TI ARM Linker PC v15.12.3                    
******************************************************************************
>> Linked Tue Aug 23 21:49:54 2016

OUTPUT FILE NAME:   <PI.out>
ENTRY POINT SYMBOL: "_c_int00"  address: 000007dd


MEMORY CONFIGURATION

         name            origin    length      used     unused   attr    fill
----------------------  --------  ---------  --------  --------  ----  --------
  MAIN                  00000000   00040000  000009c0  0003f640  R  X
  INFO                  00200000   00004000  00000000  00004000  R  X
  SRAM_CODE             01000000   00010000  00000228  0000fdd8  RW X
  SRAM_DATA             20000000   00010000  00000228  0000fdd8  RW  


SEGMENT ALLOCATION MAP

run origin  load origin   length   init length attrs members
----------  ----------- ---------- ----------- ----- -------
00000000    00000000    000009c4   000009c4    r-x
  00000000    00000000    000000e4   000000e4    r-- .intvecs
  000000e4    000000e4    00000852   00000852    r-x .text
  00000938    00000938    0000003e   0000003e    r-- .const
  00000978    00000978    0000004c   0000004c    r-- .cinit
20000000    20000000    00000028   00000000    rw-
  20000000    20000000    00000024   00000000    rw- .data
  20000024    20000024    00000004   00000000    rw- .bss
2000fe00    2000fe00    00000200   00000000    rw-
  2000fe00    2000fe00    00000200   00000000    rw- .stack


SECTION ALLOCATION MAP

 output                                  attributes/
section   page    origin      length       input sections
--------  ----  ----------  ----------   ----------------
.intvecs   0    00000000    000000e4     
                  00000000    000000e4     startup_msp432p401r_ccs.obj (.intvecs:retain)

.binit     0    00000000    00000000     

.text      0    000000e4    00000852     
                  000000e4    0000032c     system_msp432p401r.obj (.text)
                  00000410    000001d8     gpio_int.obj (.text)
                  000005e8    0000009c     rtsv7M4_T_le_v4SPD16_eabi.lib : memcpy_t2.obj (.text)
                  00000684    0000007a                                   : memset_t2.obj (.text)
                  000006fe    00000002                                   : mpu_init.obj (.text)
                  00000700    00000070                                   : autoinit.obj (.text)
                  00000770    0000006a                                   : copy_decompress_rle.obj (.text)
                  000007da    00000002                                   : startup.obj (.text)
                  000007dc    00000054                                   : boot.obj (.text)
                  00000830    00000054                                   : exit.obj (.text)
                  00000884    0000004c                                   : cpy_tbl.obj (.text)
                  000008d0    00000018                                   : args_main.obj (.text)
                  000008e8    00000014                                   : _lock.obj (.text)
                  000008fc    00000014                                   : strlen.obj (.text)
                  00000910    0000000e                                   : copy_decompress_none.obj (.text:decompress:none)
                  0000091e    0000000e     startup_msp432p401r_ccs.obj (.text)
                  0000092c    00000006     rtsv7M4_T_le_v4SPD16_eabi.lib : copy_decompress_rle.obj (.text:decompress:rle24)
                  00000932    00000004                                   : pre_init.obj (.text)

.const     0    00000938    0000003e     
                  00000938    00000024     gpio_int.obj (.const:uartConfig)
                  0000095c    0000001a     gpio_int.obj (.const:.string)

.cinit     0    00000978    0000004c     
                  00000978    00000022     (.cinit..data.load) [load image, compression = rle]
                  0000099a    00000006     --HOLE-- [fill = 0]
                  000009a0    00000009     (.cinit..bss.load) [load image, compression = rle]
                  000009a9    00000003     --HOLE-- [fill = 0]
                  000009ac    00000008     (__TI_handler_table)
                  000009b4    00000010     (__TI_cinit_table)

.init_array 
*          0    00000000    00000000     UNINITIALIZED

.data      0    20000000    00000024     UNINITIALIZED
                  20000000    0000000c     rtsv7M4_T_le_v4SPD16_eabi.lib : exit.obj (.data:$O1$$)
                  2000000c    00000008                                   : _lock.obj (.data:$O1$$)
                  20000014    00000008     gpio_int.obj (.data)
                  2000001c    00000004     rtsv7M4_T_le_v4SPD16_eabi.lib : stkdepth_vars.obj (.data)
                  20000020    00000004     system_msp432p401r.obj (.data)

.bss       0    20000024    00000004     UNINITIALIZED
                  20000024    00000004     (.common:send_val)

.stack     0    2000fe00    00000200     UNINITIALIZED
                  2000fe00    00000200     --HOLE--

MODULE SUMMARY

       Module                        code   ro data   rw data
       ------                        ----   -------   -------
    .\
       system_msp432p401r.obj        812    0         8      
       gpio_int.obj                  472    62        24     
       startup_msp432p401r_ccs.obj   14     228       0      
    +--+-----------------------------+------+---------+---------+
       Total:                        1298   290       32     
                                                             
    D:\TI\ccsv6\tools\compiler\arm_15.12.3.LTS\lib\rtsv7M4_T_le_v4SPD16_eabi.lib
       memcpy_t2.obj                 156    0         0      
       memset_t2.obj                 122    0         0      
       autoinit.obj                  112    0         0      
       copy_decompress_rle.obj       112    0         0      
       exit.obj                      84     0         24     
       boot.obj                      84     0         0      
       cpy_tbl.obj                   76     0         0      
       _lock.obj                     20     0         16     
       args_main.obj                 24     0         0      
       strlen.obj                    20     0         0      
       copy_decompress_none.obj      14     0         0      
       stkdepth_vars.obj             0      0         8      
       pre_init.obj                  4      0         0      
       mpu_init.obj                  2      0         0      
       startup.obj                   2      0         0      
    +--+-----------------------------+------+---------+---------+
       Total:                        832    0         48     
                                                             
       Stack:                        0      0         1024   
       Linker Generated:             0      67        0      
    +--+-----------------------------+------+---------+---------+
       Grand Total:                  2130   357       1104   


LINKER GENERATED COPY TABLES

__TI_cinit_table @ 000009b4 records: 2, size/record: 8, table size: 16
	.data: load addr=00000978, load size=00000022 bytes, run addr=20000000, run size=00000024 bytes, compression=rle
	.bss: load addr=000009a0, load size=00000009 bytes, run addr=20000024, run size=00000004 bytes, compression=rle


LINKER GENERATED HANDLER TABLE

__TI_handler_table @ 000009ac records: 2, size/record: 4, table size: 8
	index: 0, handler: __TI_decompress_rle24
	index: 1, handler: __TI_decompress_none


GLOBAL SYMBOLS: SORTED ALPHABETICALLY BY Name 

address   name                           
-------   ----                           
0000092b  ADC14_IRQHandler               
0000092b  AES256_IRQHandler              
0000092b  BusFault_Handler               
00000831  C$$EXIT                        
0000092b  COMP_E0_IRQHandler             
0000092b  COMP_E1_IRQHandler             
0000092b  CS_IRQHandler                  
0000092b  DMA_ERR_IRQHandler             
0000092b  DMA_INT0_IRQHandler            
0000092b  DMA_INT1_IRQHandler            
0000092b  DMA_INT2_IRQHandler            
0000092b  DMA_INT3_IRQHandler            
0000092b  DebugMon_Handler               
0000092b  Default_Handler                
0000092b  EUSCIA0_IRQHandler             
0000092b  EUSCIA1_IRQHandler             
0000092b  EUSCIA2_IRQHandler             
0000092b  EUSCIA3_IRQHandler             
0000092b  EUSCIB0_IRQHandler             
0000092b  EUSCIB1_IRQHandler             
0000092b  EUSCIB2_IRQHandler             
0000092b  EUSCIB3_IRQHandler             
0000092b  FLCTL_IRQHandler               
0000092b  FPU_IRQHandler                 
0000092b  HardFault_Handler              
0000092b  MemManage_Handler              
0000092b  NMI_Handler                    
0000092b  PCM_IRQHandler                 
00000537  PORT1_IRQHandler               
00000537  PORT1_IRQHandler               
0000092b  PORT2_IRQHandler               
0000092b  PORT3_IRQHandler               
0000092b  PORT4_IRQHandler               
0000092b  PORT5_IRQHandler               
0000092b  PORT6_IRQHandler               
0000092b  PSS_IRQHandler                 
0000092b  PendSV_Handler                 
0000092b  RTC_C_IRQHandler               
0000091f  Reset_Handler                  
UNDEFED   SHT$$INIT_ARRAY$$Base          
UNDEFED   SHT$$INIT_ARRAY$$Limit         
0000092b  SVC_Handler                    
0000092b  SysTick_Handler                
20000020  SystemCoreClock                
000000e5  SystemCoreClockUpdate          
00000359  SystemInit                     
0000092b  T32_INT1_IRQHandler            
0000092b  T32_INT2_IRQHandler            
0000092b  T32_INTC_IRQHandler            
0000092b  TA0_0_IRQHandler               
0000092b  TA0_N_IRQHandler               
0000092b  TA1_0_IRQHandler               
0000092b  TA1_N_IRQHandler               
0000092b  TA2_0_IRQHandler               
0000092b  TA2_N_IRQHandler               
0000092b  TA3_0_IRQHandler               
0000092b  TA3_N_IRQHandler               
000004eb  UART_transmit_data             
0000092b  UsageFault_Handler             
4000480c  WDTCTL_SYM                     
0000092b  WDT_A_IRQHandler               
20010000  __STACK_END                    
00000200  __STACK_SIZE                   
000009b4  __TI_CINIT_Base                
000009c4  __TI_CINIT_Limit               
000009ac  __TI_Handler_Table_Base        
000009b4  __TI_Handler_Table_Limit       
00000701  __TI_auto_init                 
20000000  __TI_cleanup_ptr               
00000911  __TI_decompress_none           
0000092d  __TI_decompress_rle24          
20000004  __TI_dtors_ptr                 
20000008  __TI_enable_exit_profile_output
ffffffff  __TI_pprof_out_hndl            
ffffffff  __TI_prof_data_size            
ffffffff  __TI_prof_data_start           
00000000  __TI_static_base__             
00000685  __aeabi_memclr                 
00000685  __aeabi_memclr4                
00000685  __aeabi_memclr8                
000005e9  __aeabi_memcpy                 
000005e9  __aeabi_memcpy4                
000005e9  __aeabi_memcpy8                
00000687  __aeabi_memset                 
00000687  __aeabi_memset4                
00000687  __aeabi_memset8                
ffffffff  __binit__                      
ffffffff  __c_args__                     
000006ff  __mpu_init                     
2000fe00  __stack                        
000008d1  _args_main                     
000007dd  _c_int00                       
2000000c  _lock                          
000008f7  _nop                           
000008ef  _register_lock                 
000008e9  _register_unlock               
000007db  _system_post_cinit             
00000933  _system_pre_init               
20000010  _unlock                        
00000835  abort                          
ffffffff  binit                          
00000885  copy_in                        
0000083d  exit                           
00000000  interruptVectors               
00000411  main                           
2000001c  main_func_sp                   
000005e9  memcpy                         
0000068d  memset                         
20000024  send_val                       
000008fd  strlen                         
00000938  uartConfig                     
20000014  val1                           
20000018  val2                           


GLOBAL SYMBOLS: SORTED BY Symbol Address 

address   name                           
-------   ----                           
00000000  __TI_static_base__             
00000000  interruptVectors               
000000e5  SystemCoreClockUpdate          
00000200  __STACK_SIZE                   
00000359  SystemInit                     
00000411  main                           
000004eb  UART_transmit_data             
00000537  PORT1_IRQHandler               
00000537  PORT1_IRQHandler               
000005e9  __aeabi_memcpy                 
000005e9  __aeabi_memcpy4                
000005e9  __aeabi_memcpy8                
000005e9  memcpy                         
00000685  __aeabi_memclr                 
00000685  __aeabi_memclr4                
00000685  __aeabi_memclr8                
00000687  __aeabi_memset                 
00000687  __aeabi_memset4                
00000687  __aeabi_memset8                
0000068d  memset                         
000006ff  __mpu_init                     
00000701  __TI_auto_init                 
000007db  _system_post_cinit             
000007dd  _c_int00                       
00000831  C$$EXIT                        
00000835  abort                          
0000083d  exit                           
00000885  copy_in                        
000008d1  _args_main                     
000008e9  _register_unlock               
000008ef  _register_lock                 
000008f7  _nop                           
000008fd  strlen                         
00000911  __TI_decompress_none           
0000091f  Reset_Handler                  
0000092b  ADC14_IRQHandler               
0000092b  AES256_IRQHandler              
0000092b  BusFault_Handler               
0000092b  COMP_E0_IRQHandler             
0000092b  COMP_E1_IRQHandler             
0000092b  CS_IRQHandler                  
0000092b  DMA_ERR_IRQHandler             
0000092b  DMA_INT0_IRQHandler            
0000092b  DMA_INT1_IRQHandler            
0000092b  DMA_INT2_IRQHandler            
0000092b  DMA_INT3_IRQHandler            
0000092b  DebugMon_Handler               
0000092b  Default_Handler                
0000092b  EUSCIA0_IRQHandler             
0000092b  EUSCIA1_IRQHandler             
0000092b  EUSCIA2_IRQHandler             
0000092b  EUSCIA3_IRQHandler             
0000092b  EUSCIB0_IRQHandler             
0000092b  EUSCIB1_IRQHandler             
0000092b  EUSCIB2_IRQHandler             
0000092b  EUSCIB3_IRQHandler             
0000092b  FLCTL_IRQHandler               
0000092b  FPU_IRQHandler                 
0000092b  HardFault_Handler              
0000092b  MemManage_Handler              
0000092b  NMI_Handler                    
0000092b  PCM_IRQHandler                 
0000092b  PORT2_IRQHandler               
0000092b  PORT3_IRQHandler               
0000092b  PORT4_IRQHandler               
0000092b  PORT5_IRQHandler               
0000092b  PORT6_IRQHandler               
0000092b  PSS_IRQHandler                 
0000092b  PendSV_Handler                 
0000092b  RTC_C_IRQHandler               
0000092b  SVC_Handler                    
0000092b  SysTick_Handler                
0000092b  T32_INT1_IRQHandler            
0000092b  T32_INT2_IRQHandler            
0000092b  T32_INTC_IRQHandler            
0000092b  TA0_0_IRQHandler               
0000092b  TA0_N_IRQHandler               
0000092b  TA1_0_IRQHandler               
0000092b  TA1_N_IRQHandler               
0000092b  TA2_0_IRQHandler               
0000092b  TA2_N_IRQHandler               
0000092b  TA3_0_IRQHandler               
0000092b  TA3_N_IRQHandler               
0000092b  UsageFault_Handler             
0000092b  WDT_A_IRQHandler               
0000092d  __TI_decompress_rle24          
00000933  _system_pre_init               
00000938  uartConfig                     
000009ac  __TI_Handler_Table_Base        
000009b4  __TI_CINIT_Base                
000009b4  __TI_Handler_Table_Limit       
000009c4  __TI_CINIT_Limit               
20000000  __TI_cleanup_ptr               
20000004  __TI_dtors_ptr                 
20000008  __TI_enable_exit_profile_output
2000000c  _lock                          
20000010  _unlock                        
20000014  val1                           
20000018  val2                           
2000001c  main_func_sp                   
20000020  SystemCoreClock                
20000024  send_val                       
2000fe00  __stack                        
20010000  __STACK_END                    
4000480c  WDTCTL_SYM                     
ffffffff  __TI_pprof_out_hndl            
ffffffff  __TI_prof_data_size            
ffffffff  __TI_prof_data_start           
ffffffff  __binit__                      
ffffffff  __c_args__                     
ffffffff  binit                          
UNDEFED   SHT$$INIT_ARRAY$$Base          
UNDEFED   SHT$$INIT_ARRAY$$Limit         

[113 symbols]
