******************************************************************************
                  TI ARM Linker PC v15.12.3                    
******************************************************************************
>> Linked Thu Sep 15 00:29:18 2016

OUTPUT FILE NAME:   <PI.out>
ENTRY POINT SYMBOL: "_c_int00"  address: 0000094d


MEMORY CONFIGURATION

         name            origin    length      used     unused   attr    fill
----------------------  --------  ---------  --------  --------  ----  --------
  MAIN                  00000000   00040000  00000b4e  0003f4b2  R  X
  INFO                  00200000   00004000  00000000  00004000  R  X
  SRAM_CODE             01000000   00010000  0000021c  0000fde4  RW X
  SRAM_DATA             20000000   00010000  0000021c  0000fde4  RW  


SEGMENT ALLOCATION MAP

run origin  load origin   length   init length attrs members
----------  ----------- ---------- ----------- ----- -------
00000000    00000000    00000b54   00000b54    r-x
  00000000    00000000    000000e4   000000e4    r-- .intvecs
  000000e4    000000e4    000009c2   000009c2    r-x .text
  00000aa8    00000aa8    0000007c   0000007c    r-- .const
  00000b28    00000b28    0000002c   0000002c    r-- .cinit
20000000    20000000    0000001c   00000000    rw-
  20000000    20000000    0000001c   00000000    rw- .data
2000fe00    2000fe00    00000200   00000000    rw-
  2000fe00    2000fe00    00000200   00000000    rw- .stack


SECTION ALLOCATION MAP

 output                                  attributes/
section   page    origin      length       input sections
--------  ----  ----------  ----------   ----------------
.intvecs   0    00000000    000000e4     
                  00000000    000000e4     startup_msp432p401r_ccs.obj (.intvecs:retain)

.binit     0    00000000    00000000     

.text      0    000000e4    000009c2     
                  000000e4    0000032c     system_msp432p401r.obj (.text)
                  00000410    0000020c     motor_driver.obj (.text)
                  0000061c    0000013c     main.obj (.text)
                  00000758    0000009c     rtsv7M4_T_le_v4SPD16_eabi.lib : memcpy_t2.obj (.text)
                  000007f4    0000007a                                   : memset_t2.obj (.text)
                  0000086e    00000002                                   : mpu_init.obj (.text)
                  00000870    00000070                                   : autoinit.obj (.text)
                  000008e0    0000006a                                   : copy_decompress_rle.obj (.text)
                  0000094a    00000002                                   : startup.obj (.text)
                  0000094c    00000054                                   : boot.obj (.text)
                  000009a0    00000054                                   : exit.obj (.text)
                  000009f4    0000004c                                   : cpy_tbl.obj (.text)
                  00000a40    00000018                                   : args_main.obj (.text)
                  00000a58    00000014                                   : _lock.obj (.text)
                  00000a6c    00000014                                   : strlen.obj (.text)
                  00000a80    0000000e                                   : copy_decompress_none.obj (.text:decompress:none)
                  00000a8e    0000000e     startup_msp432p401r_ccs.obj (.text)
                  00000a9c    00000006     rtsv7M4_T_le_v4SPD16_eabi.lib : copy_decompress_rle.obj (.text:decompress:rle24)
                  00000aa2    00000004                                   : pre_init.obj (.text)

.const     0    00000aa8    0000007c     
                  00000aa8    00000024     main.obj (.const:uartConfig)
                  00000acc    00000018     motor_driver.obj (.const:upDownConfig)
                  00000ae4    00000010     motor_driver.obj (.const:compareConfig_PWM1)
                  00000af4    00000010     motor_driver.obj (.const:compareConfig_PWM2)
                  00000b04    00000010     motor_driver.obj (.const:compareConfig_PWM3)
                  00000b14    00000010     motor_driver.obj (.const:compareConfig_PWM4)

.cinit     0    00000b28    0000002c     
                  00000b28    0000001a     (.cinit..data.load) [load image, compression = rle]
                  00000b42    00000002     --HOLE-- [fill = 0]
                  00000b44    00000008     (__TI_handler_table)
                  00000b4c    00000008     (__TI_cinit_table)

.init_array 
*          0    00000000    00000000     UNINITIALIZED

.data      0    20000000    0000001c     UNINITIALIZED
                  20000000    0000000c     rtsv7M4_T_le_v4SPD16_eabi.lib : exit.obj (.data:$O1$$)
                  2000000c    00000008                                   : _lock.obj (.data:$O1$$)
                  20000014    00000004                                   : stkdepth_vars.obj (.data)
                  20000018    00000004     system_msp432p401r.obj (.data)

.stack     0    2000fe00    00000200     UNINITIALIZED
                  2000fe00    00000200     --HOLE--

MODULE SUMMARY

       Module                        code   ro data   rw data
       ------                        ----   -------   -------
    .\
       system_msp432p401r.obj        812    0         8      
       motor_driver.obj              524    88        0      
       main.obj                      316    36        0      
       startup_msp432p401r_ccs.obj   14     228       0      
    +--+-----------------------------+------+---------+---------+
       Total:                        1666   352       8      
                                                             
    D:\TI\ccsv6\tools\compiler\arm_15.12.3.LTS\lib\rtsv7M4_T_le_v4SPD16_eabi.lib
       memcpy_t2.obj                 156    0         0      
       memset_t2.obj                 122    0         0      
       autoinit.obj                  112    0         0      
       copy_decompress_rle.obj       112    0         0      
       exit.obj                      84     0         24     
       boot.obj                      84     0         0      
       cpy_tbl.obj                   76     0         0      
       _lock.obj                     20     0         16     
       args_main.obj                 24     0         0      
       strlen.obj                    20     0         0      
       copy_decompress_none.obj      14     0         0      
       stkdepth_vars.obj             0      0         8      
       pre_init.obj                  4      0         0      
       mpu_init.obj                  2      0         0      
       startup.obj                   2      0         0      
    +--+-----------------------------+------+---------+---------+
       Total:                        832    0         48     
                                                             
       Stack:                        0      0         1024   
       Linker Generated:             0      42        0      
    +--+-----------------------------+------+---------+---------+
       Grand Total:                  2498   394       1080   


LINKER GENERATED COPY TABLES

__TI_cinit_table @ 00000b4c records: 1, size/record: 8, table size: 8
	.data: load addr=00000b28, load size=0000001a bytes, run addr=20000000, run size=0000001c bytes, compression=rle


LINKER GENERATED HANDLER TABLE

__TI_handler_table @ 00000b44 records: 2, size/record: 4, table size: 8
	index: 0, handler: __TI_decompress_rle24
	index: 1, handler: __TI_decompress_none


GLOBAL SYMBOLS: SORTED ALPHABETICALLY BY Name 

address   name                           
-------   ----                           
00000a9b  ADC14_IRQHandler               
00000a9b  AES256_IRQHandler              
00000a9b  BusFault_Handler               
000009a1  C$$EXIT                        
00000a9b  COMP_E0_IRQHandler             
00000a9b  COMP_E1_IRQHandler             
00000a9b  CS_IRQHandler                  
00000a9b  DMA_ERR_IRQHandler             
00000a9b  DMA_INT0_IRQHandler            
00000a9b  DMA_INT1_IRQHandler            
00000a9b  DMA_INT2_IRQHandler            
00000a9b  DMA_INT3_IRQHandler            
00000a9b  DebugMon_Handler               
00000a9b  Default_Handler                
00000a9b  EUSCIA0_IRQHandler             
00000a9b  EUSCIA1_IRQHandler             
00000a9b  EUSCIA2_IRQHandler             
00000a9b  EUSCIA3_IRQHandler             
00000a9b  EUSCIB0_IRQHandler             
00000a9b  EUSCIB1_IRQHandler             
00000a9b  EUSCIB2_IRQHandler             
00000a9b  EUSCIB3_IRQHandler             
00000a9b  FLCTL_IRQHandler               
00000a9b  FPU_IRQHandler                 
00000a9b  HardFault_Handler              
00000a9b  MemManage_Handler              
00000a9b  NMI_Handler                    
00000a9b  PCM_IRQHandler                 
00000a9b  PORT1_IRQHandler               
00000a9b  PORT2_IRQHandler               
00000a9b  PORT3_IRQHandler               
00000a9b  PORT4_IRQHandler               
00000a9b  PORT5_IRQHandler               
00000a9b  PORT6_IRQHandler               
00000a9b  PSS_IRQHandler                 
00000a9b  PendSV_Handler                 
00000a9b  RTC_C_IRQHandler               
00000a8f  Reset_Handler                  
UNDEFED   SHT$$INIT_ARRAY$$Base          
UNDEFED   SHT$$INIT_ARRAY$$Limit         
00000a9b  SVC_Handler                    
00000a9b  SysTick_Handler                
20000018  SystemCoreClock                
000000e5  SystemCoreClockUpdate          
00000359  SystemInit                     
00000a9b  T32_INT1_IRQHandler            
00000a9b  T32_INT2_IRQHandler            
00000a9b  T32_INTC_IRQHandler            
00000a9b  TA0_0_IRQHandler               
00000a9b  TA0_N_IRQHandler               
00000a9b  TA1_0_IRQHandler               
00000a9b  TA1_N_IRQHandler               
00000a9b  TA2_0_IRQHandler               
00000a9b  TA2_N_IRQHandler               
00000a9b  TA3_0_IRQHandler               
00000a9b  TA3_N_IRQHandler               
00000693  UART_transmit_data             
00000a9b  UsageFault_Handler             
4000480c  WDTCTL_SYM                     
00000a9b  WDT_A_IRQHandler               
20010000  __STACK_END                    
00000200  __STACK_SIZE                   
00000b4c  __TI_CINIT_Base                
00000b54  __TI_CINIT_Limit               
00000b44  __TI_Handler_Table_Base        
00000b4c  __TI_Handler_Table_Limit       
00000871  __TI_auto_init                 
20000000  __TI_cleanup_ptr               
00000a81  __TI_decompress_none           
00000a9d  __TI_decompress_rle24          
20000004  __TI_dtors_ptr                 
20000008  __TI_enable_exit_profile_output
ffffffff  __TI_pprof_out_hndl            
ffffffff  __TI_prof_data_size            
ffffffff  __TI_prof_data_start           
00000000  __TI_static_base__             
000007f5  __aeabi_memclr                 
000007f5  __aeabi_memclr4                
000007f5  __aeabi_memclr8                
00000759  __aeabi_memcpy                 
00000759  __aeabi_memcpy4                
00000759  __aeabi_memcpy8                
000007f7  __aeabi_memset                 
000007f7  __aeabi_memset4                
000007f7  __aeabi_memset8                
ffffffff  __binit__                      
ffffffff  __c_args__                     
0000086f  __mpu_init                     
2000fe00  __stack                        
00000a41  _args_main                     
0000094d  _c_int00                       
2000000c  _lock                          
00000a67  _nop                           
00000a5f  _register_lock                 
00000a59  _register_unlock               
0000094b  _system_post_cinit             
00000aa3  _system_pre_init               
20000010  _unlock                        
000009a5  abort                          
ffffffff  binit                          
00000ae4  compareConfig_PWM1             
00000af4  compareConfig_PWM2             
00000b04  compareConfig_PWM3             
00000b14  compareConfig_PWM4             
000009f5  copy_in                        
000009ad  exit                           
00000555  init_adc                       
000006df  init_clock                     
000004af  init_timers                    
00000000  interruptVectors               
0000061d  main                           
20000014  main_func_sp                   
00000759  memcpy                         
000007fd  memset                         
00000411  move_forward                   
00000441  move_reverse                   
00000517  set_MOTOR_SPEED                
00000493  speed_calc                     
00000471  stop_motors                    
00000a6d  strlen                         
00000aa8  uartConfig                     
00000acc  upDownConfig                   


GLOBAL SYMBOLS: SORTED BY Symbol Address 

address   name                           
-------   ----                           
00000000  __TI_static_base__             
00000000  interruptVectors               
000000e5  SystemCoreClockUpdate          
00000200  __STACK_SIZE                   
00000359  SystemInit                     
00000411  move_forward                   
00000441  move_reverse                   
00000471  stop_motors                    
00000493  speed_calc                     
000004af  init_timers                    
00000517  set_MOTOR_SPEED                
00000555  init_adc                       
0000061d  main                           
00000693  UART_transmit_data             
000006df  init_clock                     
00000759  __aeabi_memcpy                 
00000759  __aeabi_memcpy4                
00000759  __aeabi_memcpy8                
00000759  memcpy                         
000007f5  __aeabi_memclr                 
000007f5  __aeabi_memclr4                
000007f5  __aeabi_memclr8                
000007f7  __aeabi_memset                 
000007f7  __aeabi_memset4                
000007f7  __aeabi_memset8                
000007fd  memset                         
0000086f  __mpu_init                     
00000871  __TI_auto_init                 
0000094b  _system_post_cinit             
0000094d  _c_int00                       
000009a1  C$$EXIT                        
000009a5  abort                          
000009ad  exit                           
000009f5  copy_in                        
00000a41  _args_main                     
00000a59  _register_unlock               
00000a5f  _register_lock                 
00000a67  _nop                           
00000a6d  strlen                         
00000a81  __TI_decompress_none           
00000a8f  Reset_Handler                  
00000a9b  ADC14_IRQHandler               
00000a9b  AES256_IRQHandler              
00000a9b  BusFault_Handler               
00000a9b  COMP_E0_IRQHandler             
00000a9b  COMP_E1_IRQHandler             
00000a9b  CS_IRQHandler                  
00000a9b  DMA_ERR_IRQHandler             
00000a9b  DMA_INT0_IRQHandler            
00000a9b  DMA_INT1_IRQHandler            
00000a9b  DMA_INT2_IRQHandler            
00000a9b  DMA_INT3_IRQHandler            
00000a9b  DebugMon_Handler               
00000a9b  Default_Handler                
00000a9b  EUSCIA0_IRQHandler             
00000a9b  EUSCIA1_IRQHandler             
00000a9b  EUSCIA2_IRQHandler             
00000a9b  EUSCIA3_IRQHandler             
00000a9b  EUSCIB0_IRQHandler             
00000a9b  EUSCIB1_IRQHandler             
00000a9b  EUSCIB2_IRQHandler             
00000a9b  EUSCIB3_IRQHandler             
00000a9b  FLCTL_IRQHandler               
00000a9b  FPU_IRQHandler                 
00000a9b  HardFault_Handler              
00000a9b  MemManage_Handler              
00000a9b  NMI_Handler                    
00000a9b  PCM_IRQHandler                 
00000a9b  PORT1_IRQHandler               
00000a9b  PORT2_IRQHandler               
00000a9b  PORT3_IRQHandler               
00000a9b  PORT4_IRQHandler               
00000a9b  PORT5_IRQHandler               
00000a9b  PORT6_IRQHandler               
00000a9b  PSS_IRQHandler                 
00000a9b  PendSV_Handler                 
00000a9b  RTC_C_IRQHandler               
00000a9b  SVC_Handler                    
00000a9b  SysTick_Handler                
00000a9b  T32_INT1_IRQHandler            
00000a9b  T32_INT2_IRQHandler            
00000a9b  T32_INTC_IRQHandler            
00000a9b  TA0_0_IRQHandler               
00000a9b  TA0_N_IRQHandler               
00000a9b  TA1_0_IRQHandler               
00000a9b  TA1_N_IRQHandler               
00000a9b  TA2_0_IRQHandler               
00000a9b  TA2_N_IRQHandler               
00000a9b  TA3_0_IRQHandler               
00000a9b  TA3_N_IRQHandler               
00000a9b  UsageFault_Handler             
00000a9b  WDT_A_IRQHandler               
00000a9d  __TI_decompress_rle24          
00000aa3  _system_pre_init               
00000aa8  uartConfig                     
00000acc  upDownConfig                   
00000ae4  compareConfig_PWM1             
00000af4  compareConfig_PWM2             
00000b04  compareConfig_PWM3             
00000b14  compareConfig_PWM4             
00000b44  __TI_Handler_Table_Base        
00000b4c  __TI_CINIT_Base                
00000b4c  __TI_Handler_Table_Limit       
00000b54  __TI_CINIT_Limit               
20000000  __TI_cleanup_ptr               
20000004  __TI_dtors_ptr                 
20000008  __TI_enable_exit_profile_output
2000000c  _lock                          
20000010  _unlock                        
20000014  main_func_sp                   
20000018  SystemCoreClock                
2000fe00  __stack                        
20010000  __STACK_END                    
4000480c  WDTCTL_SYM                     
ffffffff  __TI_pprof_out_hndl            
ffffffff  __TI_prof_data_size            
ffffffff  __TI_prof_data_start           
ffffffff  __binit__                      
ffffffff  __c_args__                     
ffffffff  binit                          
UNDEFED   SHT$$INIT_ARRAY$$Base          
UNDEFED   SHT$$INIT_ARRAY$$Limit         

[122 symbols]
