******************************************************************************
                  TI ARM Linker PC v15.12.3                    
******************************************************************************
>> Linked Fri Oct 28 23:03:16 2016

OUTPUT FILE NAME:   <PI.out>
ENTRY POINT SYMBOL: "_c_int00"  address: 00002fb5


MEMORY CONFIGURATION

         name            origin    length      used     unused   attr    fill
----------------------  --------  ---------  --------  --------  ----  --------
  MAIN                  00000000   00040000  0000321a  0003cde6  R  X
  INFO                  00200000   00004000  00000000  00004000  R  X
  SRAM_CODE             01000000   00010000  00000244  0000fdbc  RW X
  SRAM_DATA             20000000   00010000  00000244  0000fdbc  RW  


SEGMENT ALLOCATION MAP

run origin  load origin   length   init length attrs members
----------  ----------- ---------- ----------- ----- -------
00000000    00000000    0000321c   0000321c    r-x
  00000000    00000000    000000e4   000000e4    r-- .intvecs
  000000e4    000000e4    00003062   00003062    r-x .text
  00003148    00003148    000000a0   000000a0    r-- .const
  000031e8    000031e8    00000034   00000034    r-- .cinit
20000000    20000000    00000044   00000000    rw-
  20000000    20000000    00000044   00000000    rw- .data
2000fe00    2000fe00    00000200   00000000    rw-
  2000fe00    2000fe00    00000200   00000000    rw- .stack


SECTION ALLOCATION MAP

 output                                  attributes/
section   page    origin      length       input sections
--------  ----  ----------  ----------   ----------------
.intvecs   0    00000000    000000e4     
                  00000000    000000e4     startup_msp432p401r_ccs.obj (.intvecs:retain)

.binit     0    00000000    00000000     

.text      0    000000e4    00003062     
                  000000e4    00001450     quaternionFilters.obj (.text)
                  00001534    00000410     rtsv7M4_T_le_v4SPD16_eabi.lib : e_asin.obj (.text)
                  00001944    000003c0     mpu9250.obj (.text)
                  00001d04    0000032c     system_msp432p401r.obj (.text)
                  00002030    000002f4     main.obj (.text)
                  00002324    0000020c     motor_driver.obj (.text)
                  00002530    000001c8     i2c.obj (.text)
                  000026f8    000001b6     rtsv7M4_T_le_v4SPD16_eabi.lib : fd_add_t2.obj (.text)
                  000028ae    00000002                                   : mpu_init.obj (.text)
                  000028b0    00000170                                   : e_sqrt.obj (.text)
                  00002a20    00000136                                   : fd_div_t2.obj (.text)
                  00002b56    000000fc                                   : fd_mul_t2.obj (.text)
                  00002c52    0000009c                                   : memcpy_t2.obj (.text)
                  00002cee    00000086                                   : fd_cmp_t2.obj (.text:__aeabi_cdrcmple)
                  00002d74    0000007c     msp_uart.obj (.text)
                  00002df0    0000007a     rtsv7M4_T_le_v4SPD16_eabi.lib : memset_t2.obj (.text)
                  00002e6a    00000002                                   : startup.obj (.text)
                  00002e6c    00000070                                   : autoinit.obj (.text)
                  00002edc    0000006e                                   : fd_tos_t2.obj (.text)
                  00002f4a    0000006a                                   : copy_decompress_rle.obj (.text)
                  00002fb4    00000054                                   : boot.obj (.text)
                  00003008    00000054                                   : exit.obj (.text)
                  0000305c    0000004c                                   : cpy_tbl.obj (.text)
                  000030a8    00000038                                   : fs_tod_t2.obj (.text)
                  000030e0    00000018                                   : args_main.obj (.text)
                  000030f8    00000014                                   : _lock.obj (.text)
                  0000310c    00000014                                   : strlen.obj (.text)
                  00003120    0000000e                                   : copy_decompress_none.obj (.text:decompress:none)
                  0000312e    0000000e     startup_msp432p401r_ccs.obj (.text)
                  0000313c    00000006     rtsv7M4_T_le_v4SPD16_eabi.lib : copy_decompress_rle.obj (.text:decompress:rle24)
                  00003142    00000004                                   : pre_init.obj (.text)

.const     0    00003148    000000a0     
                  00003148    00000024     msp_uart.obj (.const:uartConfig)
                  0000316c    00000018     motor_driver.obj (.const:upDownConfig)
                  00003184    00000014     i2c.obj (.const:i2cConfig)
                  00003198    00000010     motor_driver.obj (.const:compareConfig_PWM1)
                  000031a8    00000010     motor_driver.obj (.const:compareConfig_PWM2)
                  000031b8    00000010     motor_driver.obj (.const:compareConfig_PWM3)
                  000031c8    00000010     motor_driver.obj (.const:compareConfig_PWM4)
                  000031d8    00000010     main.obj (.const:continuousModeConfig)

.cinit     0    000031e8    00000034     
                  000031e8    00000024     (.cinit..data.load) [load image, compression = rle]
                  0000320c    00000008     (__TI_handler_table)
                  00003214    00000008     (__TI_cinit_table)

.init_array 
*          0    00000000    00000000     UNINITIALIZED

.data      0    20000000    00000044     UNINITIALIZED
                  20000000    00000010     quaternionFilters.obj (.data:q)
                  20000010    0000000c     rtsv7M4_T_le_v4SPD16_eabi.lib : exit.obj (.data:$O1$$)
                  2000001c    0000000c     quaternionFilters.obj (.data:eInt)
                  20000028    00000008     rtsv7M4_T_le_v4SPD16_eabi.lib : _lock.obj (.data:$O1$$)
                  20000030    00000008     quaternionFilters.obj (.data)
                  20000038    00000004     rtsv7M4_T_le_v4SPD16_eabi.lib : errno.obj (.data)
                  2000003c    00000004                                   : stkdepth_vars.obj (.data)
                  20000040    00000004     system_msp432p401r.obj (.data)

.stack     0    2000fe00    00000200     UNINITIALIZED
                  2000fe00    00000200     --HOLE--

MODULE SUMMARY

       Module                        code    ro data   rw data
       ------                        ----    -------   -------
    .\
       quaternionFilters.obj         5200    0         72     
       mpu9250.obj                   960     0         0      
       system_msp432p401r.obj        812     0         8      
       main.obj                      756     16        0      
       motor_driver.obj              524     88        0      
       i2c.obj                       456     20        0      
       startup_msp432p401r_ccs.obj   14      228       0      
       msp_uart.obj                  124     36        0      
    +--+-----------------------------+-------+---------+---------+
       Total:                        8846    388       80     
                                                              
    D:\TI\ccsv6\tools\compiler\arm_15.12.3.LTS\lib\rtsv7M4_T_le_v4SPD16_eabi.lib
       e_asin.obj                    1040    0         0      
       fd_add_t2.obj                 438     0         0      
       e_sqrt.obj                    368     0         0      
       fd_div_t2.obj                 310     0         0      
       fd_mul_t2.obj                 252     0         0      
       memcpy_t2.obj                 156     0         0      
       fd_cmp_t2.obj                 134     0         0      
       memset_t2.obj                 122     0         0      
       autoinit.obj                  112     0         0      
       copy_decompress_rle.obj       112     0         0      
       fd_tos_t2.obj                 110     0         0      
       exit.obj                      84      0         24     
       boot.obj                      84      0         0      
       cpy_tbl.obj                   76      0         0      
       fs_tod_t2.obj                 56      0         0      
       _lock.obj                     20      0         16     
       args_main.obj                 24      0         0      
       strlen.obj                    20      0         0      
       copy_decompress_none.obj      14      0         0      
       errno.obj                     0       0         8      
       stkdepth_vars.obj             0       0         8      
       pre_init.obj                  4       0         0      
       mpu_init.obj                  2       0         0      
       startup.obj                   2       0         0      
    +--+-----------------------------+-------+---------+---------+
       Total:                        3540    0         56     
                                                              
       Stack:                        0       0         1024   
       Linker Generated:             0       52        0      
    +--+-----------------------------+-------+---------+---------+
       Grand Total:                  12386   440       1160   


LINKER GENERATED COPY TABLES

__TI_cinit_table @ 00003214 records: 1, size/record: 8, table size: 8
	.data: load addr=000031e8, load size=00000024 bytes, run addr=20000000, run size=00000044 bytes, compression=rle


LINKER GENERATED HANDLER TABLE

__TI_handler_table @ 0000320c records: 2, size/record: 4, table size: 8
	index: 0, handler: __TI_decompress_rle24
	index: 1, handler: __TI_decompress_none


GLOBAL SYMBOLS: SORTED ALPHABETICALLY BY Name 

address   name                           
-------   ----                           
0000313b  ADC14_IRQHandler               
0000313b  AES256_IRQHandler              
0000313b  BusFault_Handler               
00003009  C$$EXIT                        
0000313b  COMP_E0_IRQHandler             
0000313b  COMP_E1_IRQHandler             
0000313b  CS_IRQHandler                  
0000313b  DMA_ERR_IRQHandler             
0000313b  DMA_INT0_IRQHandler            
0000313b  DMA_INT1_IRQHandler            
0000313b  DMA_INT2_IRQHandler            
0000313b  DMA_INT3_IRQHandler            
0000313b  DebugMon_Handler               
0000313b  Default_Handler                
0000313b  EUSCIA0_IRQHandler             
0000313b  EUSCIA1_IRQHandler             
0000313b  EUSCIA2_IRQHandler             
0000313b  EUSCIA3_IRQHandler             
0000313b  EUSCIB0_IRQHandler             
0000313b  EUSCIB1_IRQHandler             
0000313b  EUSCIB2_IRQHandler             
0000313b  EUSCIB3_IRQHandler             
0000313b  FLCTL_IRQHandler               
0000313b  FPU_IRQHandler                 
0000313b  HardFault_Handler              
000000e5  MadgwickQuaternionUpdate       
00000db1  MahonyQuaternionUpdate         
0000313b  MemManage_Handler              
0000313b  NMI_Handler                    
0000313b  PCM_IRQHandler                 
0000313b  PORT1_IRQHandler               
0000313b  PORT2_IRQHandler               
0000313b  PORT3_IRQHandler               
0000313b  PORT4_IRQHandler               
0000313b  PORT5_IRQHandler               
0000313b  PORT6_IRQHandler               
0000313b  PSS_IRQHandler                 
0000313b  PendSV_Handler                 
0000313b  RTC_C_IRQHandler               
0000312f  Reset_Handler                  
UNDEFED   SHT$$INIT_ARRAY$$Base          
UNDEFED   SHT$$INIT_ARRAY$$Limit         
0000313b  SVC_Handler                    
0000313b  SysTick_Handler                
20000040  SystemCoreClock                
00001d05  SystemCoreClockUpdate          
00001f79  SystemInit                     
0000313b  T32_INT1_IRQHandler            
0000313b  T32_INT2_IRQHandler            
0000313b  T32_INTC_IRQHandler            
0000313b  TA0_0_IRQHandler               
0000313b  TA0_N_IRQHandler               
0000313b  TA1_0_IRQHandler               
0000313b  TA1_N_IRQHandler               
0000313b  TA2_0_IRQHandler               
0000313b  TA2_N_IRQHandler               
0000313b  TA3_0_IRQHandler               
0000313b  TA3_N_IRQHandler               
00002d75  UART_transmit_data             
0000313b  UsageFault_Handler             
4000480c  WDTCTL_SYM                     
0000313b  WDT_A_IRQHandler               
20010000  __STACK_END                    
00000200  __STACK_SIZE                   
00003214  __TI_CINIT_Base                
0000321c  __TI_CINIT_Limit               
0000320c  __TI_Handler_Table_Base        
00003214  __TI_Handler_Table_Limit       
00002e6d  __TI_auto_init                 
20000010  __TI_cleanup_ptr               
00003121  __TI_decompress_none           
0000313d  __TI_decompress_rle24          
20000014  __TI_dtors_ptr                 
20000018  __TI_enable_exit_profile_output
ffffffff  __TI_pprof_out_hndl            
ffffffff  __TI_prof_data_size            
ffffffff  __TI_prof_data_start           
00000000  __TI_static_base__             
00002cef  __aeabi_cdrcmple               
00002edd  __aeabi_d2f                    
00002703  __aeabi_dadd                   
00002a21  __aeabi_ddiv                   
00002b57  __aeabi_dmul                   
000026f9  __aeabi_dsub                   
000030a9  __aeabi_f2d                    
00002df1  __aeabi_memclr                 
00002df1  __aeabi_memclr4                
00002df1  __aeabi_memclr8                
00002c53  __aeabi_memcpy                 
00002c53  __aeabi_memcpy4                
00002c53  __aeabi_memcpy8                
00002df3  __aeabi_memset                 
00002df3  __aeabi_memset4                
00002df3  __aeabi_memset8                
ffffffff  __binit__                      
ffffffff  __c_args__                     
000028af  __mpu_init                     
2000fe00  __stack                        
000030e1  _args_main                     
00002fb5  _c_int00                       
20000028  _lock                          
00003107  _nop                           
000030ff  _register_lock                 
000030f9  _register_unlock               
00002e6b  _system_post_cinit             
00003143  _system_pre_init               
2000002c  _unlock                        
0000300d  abort                          
00001535  asin                           
00001535  asinl                          
ffffffff  binit                          
00003198  compareConfig_PWM1             
000031a8  compareConfig_PWM2             
000031b8  compareConfig_PWM3             
000031c8  compareConfig_PWM4             
000031d8  continuousModeConfig           
0000305d  copy_in                        
20000038  errno                          
00003015  exit                           
000019d9  getAres                        
00001997  getGres                        
0000196d  getMres                        
00001511  getQ                           
00003184  i2cConfig                      
00002469  init_adc                       
00002219  init_clock                     
00002677  init_i2c                       
00001945  init_struct                    
000023c3  init_timers                    
00002db3  init_uart                      
00000000  interruptVectors               
00002031  main                           
2000003c  main_func_sp                   
00002c53  memcpy                         
00002df9  memset                         
00002325  move_forward                   
00002355  move_reverse                   
00002273  my_itoa                        
00001a1b  readAccelData                  
00001b19  readGyroData                   
00001bc9  readMagData                    
00002531  read_i2c                       
000025c7  read_multibyte_i2c             
00001aab  setAccelData                   
00001b5b  setGyroData                    
00001c0b  setMagData                     
0000242b  set_MOTOR_SPEED                
000023a7  speed_calc                     
000028b1  sqrt                           
000028b1  sqrtl                          
00002385  stop_motors                    
0000310d  strlen                         
00003148  uartConfig                     
0000316c  upDownConfig                   
00001c39  updateTime                     
0000260f  write_i2c                      


GLOBAL SYMBOLS: SORTED BY Symbol Address 

address   name                           
-------   ----                           
00000000  __TI_static_base__             
00000000  interruptVectors               
000000e5  MadgwickQuaternionUpdate       
00000200  __STACK_SIZE                   
00000db1  MahonyQuaternionUpdate         
00001511  getQ                           
00001535  asin                           
00001535  asinl                          
00001945  init_struct                    
0000196d  getMres                        
00001997  getGres                        
000019d9  getAres                        
00001a1b  readAccelData                  
00001aab  setAccelData                   
00001b19  readGyroData                   
00001b5b  setGyroData                    
00001bc9  readMagData                    
00001c0b  setMagData                     
00001c39  updateTime                     
00001d05  SystemCoreClockUpdate          
00001f79  SystemInit                     
00002031  main                           
00002219  init_clock                     
00002273  my_itoa                        
00002325  move_forward                   
00002355  move_reverse                   
00002385  stop_motors                    
000023a7  speed_calc                     
000023c3  init_timers                    
0000242b  set_MOTOR_SPEED                
00002469  init_adc                       
00002531  read_i2c                       
000025c7  read_multibyte_i2c             
0000260f  write_i2c                      
00002677  init_i2c                       
000026f9  __aeabi_dsub                   
00002703  __aeabi_dadd                   
000028af  __mpu_init                     
000028b1  sqrt                           
000028b1  sqrtl                          
00002a21  __aeabi_ddiv                   
00002b57  __aeabi_dmul                   
00002c53  __aeabi_memcpy                 
00002c53  __aeabi_memcpy4                
00002c53  __aeabi_memcpy8                
00002c53  memcpy                         
00002cef  __aeabi_cdrcmple               
00002d75  UART_transmit_data             
00002db3  init_uart                      
00002df1  __aeabi_memclr                 
00002df1  __aeabi_memclr4                
00002df1  __aeabi_memclr8                
00002df3  __aeabi_memset                 
00002df3  __aeabi_memset4                
00002df3  __aeabi_memset8                
00002df9  memset                         
00002e6b  _system_post_cinit             
00002e6d  __TI_auto_init                 
00002edd  __aeabi_d2f                    
00002fb5  _c_int00                       
00003009  C$$EXIT                        
0000300d  abort                          
00003015  exit                           
0000305d  copy_in                        
000030a9  __aeabi_f2d                    
000030e1  _args_main                     
000030f9  _register_unlock               
000030ff  _register_lock                 
00003107  _nop                           
0000310d  strlen                         
00003121  __TI_decompress_none           
0000312f  Reset_Handler                  
0000313b  ADC14_IRQHandler               
0000313b  AES256_IRQHandler              
0000313b  BusFault_Handler               
0000313b  COMP_E0_IRQHandler             
0000313b  COMP_E1_IRQHandler             
0000313b  CS_IRQHandler                  
0000313b  DMA_ERR_IRQHandler             
0000313b  DMA_INT0_IRQHandler            
0000313b  DMA_INT1_IRQHandler            
0000313b  DMA_INT2_IRQHandler            
0000313b  DMA_INT3_IRQHandler            
0000313b  DebugMon_Handler               
0000313b  Default_Handler                
0000313b  EUSCIA0_IRQHandler             
0000313b  EUSCIA1_IRQHandler             
0000313b  EUSCIA2_IRQHandler             
0000313b  EUSCIA3_IRQHandler             
0000313b  EUSCIB0_IRQHandler             
0000313b  EUSCIB1_IRQHandler             
0000313b  EUSCIB2_IRQHandler             
0000313b  EUSCIB3_IRQHandler             
0000313b  FLCTL_IRQHandler               
0000313b  FPU_IRQHandler                 
0000313b  HardFault_Handler              
0000313b  MemManage_Handler              
0000313b  NMI_Handler                    
0000313b  PCM_IRQHandler                 
0000313b  PORT1_IRQHandler               
0000313b  PORT2_IRQHandler               
0000313b  PORT3_IRQHandler               
0000313b  PORT4_IRQHandler               
0000313b  PORT5_IRQHandler               
0000313b  PORT6_IRQHandler               
0000313b  PSS_IRQHandler                 
0000313b  PendSV_Handler                 
0000313b  RTC_C_IRQHandler               
0000313b  SVC_Handler                    
0000313b  SysTick_Handler                
0000313b  T32_INT1_IRQHandler            
0000313b  T32_INT2_IRQHandler            
0000313b  T32_INTC_IRQHandler            
0000313b  TA0_0_IRQHandler               
0000313b  TA0_N_IRQHandler               
0000313b  TA1_0_IRQHandler               
0000313b  TA1_N_IRQHandler               
0000313b  TA2_0_IRQHandler               
0000313b  TA2_N_IRQHandler               
0000313b  TA3_0_IRQHandler               
0000313b  TA3_N_IRQHandler               
0000313b  UsageFault_Handler             
0000313b  WDT_A_IRQHandler               
0000313d  __TI_decompress_rle24          
00003143  _system_pre_init               
00003148  uartConfig                     
0000316c  upDownConfig                   
00003184  i2cConfig                      
00003198  compareConfig_PWM1             
000031a8  compareConfig_PWM2             
000031b8  compareConfig_PWM3             
000031c8  compareConfig_PWM4             
000031d8  continuousModeConfig           
0000320c  __TI_Handler_Table_Base        
00003214  __TI_CINIT_Base                
00003214  __TI_Handler_Table_Limit       
0000321c  __TI_CINIT_Limit               
20000010  __TI_cleanup_ptr               
20000014  __TI_dtors_ptr                 
20000018  __TI_enable_exit_profile_output
20000028  _lock                          
2000002c  _unlock                        
20000038  errno                          
2000003c  main_func_sp                   
20000040  SystemCoreClock                
2000fe00  __stack                        
20010000  __STACK_END                    
4000480c  WDTCTL_SYM                     
ffffffff  __TI_pprof_out_hndl            
ffffffff  __TI_prof_data_size            
ffffffff  __TI_prof_data_start           
ffffffff  __binit__                      
ffffffff  __c_args__                     
ffffffff  binit                          
UNDEFED   SHT$$INIT_ARRAY$$Base          
UNDEFED   SHT$$INIT_ARRAY$$Limit         

[156 symbols]
