******************************************************************************
                  TI ARM Linker PC v15.12.3                    
******************************************************************************
>> Linked Thu Nov 10 04:40:58 2016

OUTPUT FILE NAME:   <PI.out>
ENTRY POINT SYMBOL: "_c_int00"  address: 0000316d


MEMORY CONFIGURATION

         name            origin    length      used     unused   attr    fill
----------------------  --------  ---------  --------  --------  ----  --------
  MAIN                  00000000   00040000  000033ea  0003cc16  R  X
  INFO                  00200000   00004000  00000000  00004000  R  X
  SRAM_CODE             01000000   00010000  00000254  0000fdac  RW X
  SRAM_DATA             20000000   00010000  00000254  0000fdac  RW  


SEGMENT ALLOCATION MAP

run origin  load origin   length   init length attrs members
----------  ----------- ---------- ----------- ----- -------
00000000    00000000    000033ec   000033ec    r-x
  00000000    00000000    000000e4   000000e4    r-- .intvecs
  000000e4    000000e4    0000321a   0000321a    r-x .text
  00003300    00003300    000000a0   000000a0    r-- .const
  000033a0    000033a0    0000004c   0000004c    r-- .cinit
20000000    20000000    00000054   00000000    rw-
  20000000    20000000    00000048   00000000    rw- .data
  20000048    20000048    0000000c   00000000    rw- .bss
2000fe00    2000fe00    00000200   00000000    rw-
  2000fe00    2000fe00    00000200   00000000    rw- .stack


SECTION ALLOCATION MAP

 output                                  attributes/
section   page    origin      length       input sections
--------  ----  ----------  ----------   ----------------
.intvecs   0    00000000    000000e4     
                  00000000    000000e4     startup_msp432p401r_ccs.obj (.intvecs:retain)

.binit     0    00000000    00000000     

.text      0    000000e4    0000321a     
                  000000e4    00001450     quaternionFilters.obj (.text)
                  00001534    00000478     main.obj (.text)
                  000019ac    00000410     rtsv7M4_T_le_v4SPD16_eabi.lib : e_asin.obj (.text)
                  00001dbc    00000400     mpu9250.obj (.text)
                  000021bc    0000032c     system_msp432p401r.obj (.text)
                  000024e8    0000020c     motor_driver.obj (.text)
                  000026f4    000001c8     i2c.obj (.text)
                  000028bc    000001b6     rtsv7M4_T_le_v4SPD16_eabi.lib : fd_add_t2.obj (.text)
                  00002a72    00000002                                   : mpu_init.obj (.text)
                  00002a74    00000170                                   : e_sqrt.obj (.text)
                  00002be4    00000136                                   : fd_div_t2.obj (.text)
                  00002d1a    000000fc                                   : fd_mul_t2.obj (.text)
                  00002e16    0000009c                                   : memcpy_t2.obj (.text)
                  00002eb2    00000086                                   : fd_cmp_t2.obj (.text:__aeabi_cdrcmple)
                  00002f38    0000007a                                   : memset_t2.obj (.text)
                  00002fb2    00000002                                   : startup.obj (.text)
                  00002fb4    00000070     msp_uart.obj (.text)
                  00003024    00000070     rtsv7M4_T_le_v4SPD16_eabi.lib : autoinit.obj (.text)
                  00003094    0000006e                                   : fd_tos_t2.obj (.text)
                  00003102    0000006a                                   : copy_decompress_rle.obj (.text)
                  0000316c    00000054                                   : boot.obj (.text)
                  000031c0    00000054                                   : exit.obj (.text)
                  00003214    0000004c                                   : cpy_tbl.obj (.text)
                  00003260    00000038                                   : fs_tod_t2.obj (.text)
                  00003298    00000018                                   : args_main.obj (.text)
                  000032b0    00000014                                   : _lock.obj (.text)
                  000032c4    00000014                                   : strlen.obj (.text)
                  000032d8    0000000e                                   : copy_decompress_none.obj (.text:decompress:none)
                  000032e6    0000000e     startup_msp432p401r_ccs.obj (.text)
                  000032f4    00000006     rtsv7M4_T_le_v4SPD16_eabi.lib : copy_decompress_rle.obj (.text:decompress:rle24)
                  000032fa    00000004                                   : pre_init.obj (.text)

.const     0    00003300    000000a0     
                  00003300    00000024     msp_uart.obj (.const:uartConfig)
                  00003324    00000018     motor_driver.obj (.const:upDownConfig)
                  0000333c    00000014     i2c.obj (.const:i2cConfig)
                  00003350    00000010     motor_driver.obj (.const:compareConfig_PWM1)
                  00003360    00000010     motor_driver.obj (.const:compareConfig_PWM2)
                  00003370    00000010     motor_driver.obj (.const:compareConfig_PWM3)
                  00003380    00000010     motor_driver.obj (.const:compareConfig_PWM4)
                  00003390    00000010     main.obj (.const:continuousModeConfig)

.cinit     0    000033a0    0000004c     
                  000033a0    00000024     (.cinit..data.load) [load image, compression = rle]
                  000033c4    00000004     --HOLE-- [fill = 0]
                  000033c8    00000009     (.cinit..bss.load) [load image, compression = rle]
                  000033d1    00000003     --HOLE-- [fill = 0]
                  000033d4    00000008     (__TI_handler_table)
                  000033dc    00000010     (__TI_cinit_table)

.init_array 
*          0    00000000    00000000     UNINITIALIZED

.data      0    20000000    00000048     UNINITIALIZED
                  20000000    00000010     quaternionFilters.obj (.data:q)
                  20000010    0000000c     rtsv7M4_T_le_v4SPD16_eabi.lib : exit.obj (.data:$O1$$)
                  2000001c    0000000c     quaternionFilters.obj (.data:eInt)
                  20000028    00000008     rtsv7M4_T_le_v4SPD16_eabi.lib : _lock.obj (.data:$O1$$)
                  20000030    00000008     quaternionFilters.obj (.data)
                  20000038    00000004     main.obj (.data)
                  2000003c    00000004     rtsv7M4_T_le_v4SPD16_eabi.lib : errno.obj (.data)
                  20000040    00000004                                   : stkdepth_vars.obj (.data)
                  20000044    00000004     system_msp432p401r.obj (.data)

.bss       0    20000048    0000000c     UNINITIALIZED
                  20000048    00000008     main.obj (.bss)
                  20000050    00000004     (.common:i_term)

.stack     0    2000fe00    00000200     UNINITIALIZED
                  2000fe00    00000200     --HOLE--

MODULE SUMMARY

       Module                        code    ro data   rw data
       ------                        ----    -------   -------
    .\
       quaternionFilters.obj         5200    0         72     
       main.obj                      1144    16        32     
       mpu9250.obj                   1024    0         0      
       system_msp432p401r.obj        812     0         8      
       motor_driver.obj              524     88        0      
       i2c.obj                       456     20        0      
       startup_msp432p401r_ccs.obj   14      228       0      
       msp_uart.obj                  112     36        0      
    +--+-----------------------------+-------+---------+---------+
       Total:                        9286    388       112    
                                                              
    C:\ti\ccsv6\tools\compiler\arm_15.12.3.LTS\lib\rtsv7M4_T_le_v4SPD16_eabi.lib
       e_asin.obj                    1040    0         0      
       fd_add_t2.obj                 438     0         0      
       e_sqrt.obj                    368     0         0      
       fd_div_t2.obj                 310     0         0      
       fd_mul_t2.obj                 252     0         0      
       memcpy_t2.obj                 156     0         0      
       fd_cmp_t2.obj                 134     0         0      
       memset_t2.obj                 122     0         0      
       autoinit.obj                  112     0         0      
       copy_decompress_rle.obj       112     0         0      
       fd_tos_t2.obj                 110     0         0      
       exit.obj                      84      0         24     
       boot.obj                      84      0         0      
       cpy_tbl.obj                   76      0         0      
       fs_tod_t2.obj                 56      0         0      
       _lock.obj                     20      0         16     
       args_main.obj                 24      0         0      
       strlen.obj                    20      0         0      
       copy_decompress_none.obj      14      0         0      
       errno.obj                     0       0         8      
       stkdepth_vars.obj             0       0         8      
       pre_init.obj                  4       0         0      
       mpu_init.obj                  2       0         0      
       startup.obj                   2       0         0      
    +--+-----------------------------+-------+---------+---------+
       Total:                        3540    0         56     
                                                              
       Stack:                        0       0         1024   
       Linker Generated:             0       69        0      
    +--+-----------------------------+-------+---------+---------+
       Grand Total:                  12826   457       1192   


LINKER GENERATED COPY TABLES

__TI_cinit_table @ 000033dc records: 2, size/record: 8, table size: 16
	.data: load addr=000033a0, load size=00000024 bytes, run addr=20000000, run size=00000048 bytes, compression=rle
	.bss: load addr=000033c8, load size=00000009 bytes, run addr=20000048, run size=0000000c bytes, compression=rle


LINKER GENERATED HANDLER TABLE

__TI_handler_table @ 000033d4 records: 2, size/record: 4, table size: 8
	index: 0, handler: __TI_decompress_rle24
	index: 1, handler: __TI_decompress_none


GLOBAL SYMBOLS: SORTED ALPHABETICALLY BY Name 

address   name                           
-------   ----                           
000032f3  ADC14_IRQHandler               
000032f3  AES256_IRQHandler              
000032f3  BusFault_Handler               
000031c1  C$$EXIT                        
000032f3  COMP_E0_IRQHandler             
000032f3  COMP_E1_IRQHandler             
000032f3  CS_IRQHandler                  
000032f3  DMA_ERR_IRQHandler             
000032f3  DMA_INT0_IRQHandler            
000032f3  DMA_INT1_IRQHandler            
000032f3  DMA_INT2_IRQHandler            
000032f3  DMA_INT3_IRQHandler            
000032f3  DebugMon_Handler               
000032f3  Default_Handler                
000032f3  EUSCIA0_IRQHandler             
000032f3  EUSCIA1_IRQHandler             
000032f3  EUSCIA2_IRQHandler             
000032f3  EUSCIA3_IRQHandler             
000032f3  EUSCIB0_IRQHandler             
000032f3  EUSCIB1_IRQHandler             
000032f3  EUSCIB2_IRQHandler             
000032f3  EUSCIB3_IRQHandler             
000032f3  FLCTL_IRQHandler               
000032f3  FPU_IRQHandler                 
000032f3  HardFault_Handler              
000000e5  MadgwickQuaternionUpdate       
00000db1  MahonyQuaternionUpdate         
000032f3  MemManage_Handler              
000032f3  NMI_Handler                    
000032f3  PCM_IRQHandler                 
000032f3  PORT1_IRQHandler               
000032f3  PORT2_IRQHandler               
000032f3  PORT3_IRQHandler               
000032f3  PORT4_IRQHandler               
000032f3  PORT5_IRQHandler               
000032f3  PORT6_IRQHandler               
000032f3  PSS_IRQHandler                 
000032f3  PendSV_Handler                 
000032f3  RTC_C_IRQHandler               
000032e7  Reset_Handler                  
UNDEFED   SHT$$INIT_ARRAY$$Base          
UNDEFED   SHT$$INIT_ARRAY$$Limit         
000032f3  SVC_Handler                    
000032f3  SysTick_Handler                
20000044  SystemCoreClock                
000021bd  SystemCoreClockUpdate          
00002431  SystemInit                     
000032f3  T32_INT1_IRQHandler            
000032f3  T32_INT2_IRQHandler            
000032f3  T32_INTC_IRQHandler            
000032f3  TA0_0_IRQHandler               
00001901  TA0_N_IRQHandler               
00001901  TA0_N_IRQHandler               
000032f3  TA1_0_IRQHandler               
000032f3  TA1_N_IRQHandler               
000032f3  TA2_0_IRQHandler               
000032f3  TA2_N_IRQHandler               
000032f3  TA3_0_IRQHandler               
000032f3  TA3_N_IRQHandler               
000032f3  UsageFault_Handler             
4000480c  WDTCTL_SYM                     
000032f3  WDT_A_IRQHandler               
20010000  __STACK_END                    
00000200  __STACK_SIZE                   
000033dc  __TI_CINIT_Base                
000033ec  __TI_CINIT_Limit               
000033d4  __TI_Handler_Table_Base        
000033dc  __TI_Handler_Table_Limit       
00003025  __TI_auto_init                 
20000010  __TI_cleanup_ptr               
000032d9  __TI_decompress_none           
000032f5  __TI_decompress_rle24          
20000014  __TI_dtors_ptr                 
20000018  __TI_enable_exit_profile_output
ffffffff  __TI_pprof_out_hndl            
ffffffff  __TI_prof_data_size            
ffffffff  __TI_prof_data_start           
00000000  __TI_static_base__             
00002eb3  __aeabi_cdrcmple               
00003095  __aeabi_d2f                    
000028c7  __aeabi_dadd                   
00002be5  __aeabi_ddiv                   
00002d1b  __aeabi_dmul                   
000028bd  __aeabi_dsub                   
00003261  __aeabi_f2d                    
00002f39  __aeabi_memclr                 
00002f39  __aeabi_memclr4                
00002f39  __aeabi_memclr8                
00002e17  __aeabi_memcpy                 
00002e17  __aeabi_memcpy4                
00002e17  __aeabi_memcpy8                
00002f3b  __aeabi_memset                 
00002f3b  __aeabi_memset4                
00002f3b  __aeabi_memset8                
ffffffff  __binit__                      
ffffffff  __c_args__                     
00002a73  __mpu_init                     
2000fe00  __stack                        
00003299  _args_main                     
0000316d  _c_int00                       
20000028  _lock                          
000032bf  _nop                           
000032b7  _register_lock                 
000032b1  _register_unlock               
00002fb3  _system_post_cinit             
000032fb  _system_pre_init               
2000002c  _unlock                        
000031c5  abort                          
000019ad  asin                           
000019ad  asinl                          
ffffffff  binit                          
00003350  compareConfig_PWM1             
00003360  compareConfig_PWM2             
00003370  compareConfig_PWM3             
00003380  compareConfig_PWM4             
00003390  continuousModeConfig           
00003215  copy_in                        
2000003c  errno                          
000031cd  exit                           
00001e51  getAres                        
00001e0f  getGres                        
00001de5  getMres                        
00001511  getQ                           
0000333c  i2cConfig                      
20000050  i_term                         
00002585  init_PWM_timers                
0000262b  init_adc                       
00001827  init_clock                     
0000283b  init_i2c                       
000020a1  init_offsets                   
00001dbd  init_struct                    
00002fe5  init_uart                      
00000000  interruptVectors               
20000038  last_error                     
00001535  main                           
20000040  main_func_sp                   
00002e17  memcpy                         
00002f41  memset                         
000024e9  move_forward                   
00002519  move_reverse                   
00001889  my_itoa                        
000016a7  pid_0                          
00001e93  readAccelData                  
00001f91  readGyroData                   
00002041  readMagData                    
000026f5  read_i2c                       
0000278b  read_multibyte_i2c             
00001f23  setAccelData                   
00001fd3  setGyroData                    
00002083  setMagData                     
000025ed  set_MOTOR_SPEED                
0000256b  speed_calc                     
00002a75  sqrt                           
00002a75  sqrtl                          
00002549  stop_motors                    
000032c5  strlen                         
00002fb5  tx_data                        
00003300  uartConfig                     
00003324  upDownConfig                   
000020f9  updateTime                     
000027d3  write_i2c                      


GLOBAL SYMBOLS: SORTED BY Symbol Address 

address   name                           
-------   ----                           
00000000  __TI_static_base__             
00000000  interruptVectors               
000000e5  MadgwickQuaternionUpdate       
00000200  __STACK_SIZE                   
00000db1  MahonyQuaternionUpdate         
00001511  getQ                           
00001535  main                           
000016a7  pid_0                          
00001827  init_clock                     
00001889  my_itoa                        
00001901  TA0_N_IRQHandler               
00001901  TA0_N_IRQHandler               
000019ad  asin                           
000019ad  asinl                          
00001dbd  init_struct                    
00001de5  getMres                        
00001e0f  getGres                        
00001e51  getAres                        
00001e93  readAccelData                  
00001f23  setAccelData                   
00001f91  readGyroData                   
00001fd3  setGyroData                    
00002041  readMagData                    
00002083  setMagData                     
000020a1  init_offsets                   
000020f9  updateTime                     
000021bd  SystemCoreClockUpdate          
00002431  SystemInit                     
000024e9  move_forward                   
00002519  move_reverse                   
00002549  stop_motors                    
0000256b  speed_calc                     
00002585  init_PWM_timers                
000025ed  set_MOTOR_SPEED                
0000262b  init_adc                       
000026f5  read_i2c                       
0000278b  read_multibyte_i2c             
000027d3  write_i2c                      
0000283b  init_i2c                       
000028bd  __aeabi_dsub                   
000028c7  __aeabi_dadd                   
00002a73  __mpu_init                     
00002a75  sqrt                           
00002a75  sqrtl                          
00002be5  __aeabi_ddiv                   
00002d1b  __aeabi_dmul                   
00002e17  __aeabi_memcpy                 
00002e17  __aeabi_memcpy4                
00002e17  __aeabi_memcpy8                
00002e17  memcpy                         
00002eb3  __aeabi_cdrcmple               
00002f39  __aeabi_memclr                 
00002f39  __aeabi_memclr4                
00002f39  __aeabi_memclr8                
00002f3b  __aeabi_memset                 
00002f3b  __aeabi_memset4                
00002f3b  __aeabi_memset8                
00002f41  memset                         
00002fb3  _system_post_cinit             
00002fb5  tx_data                        
00002fe5  init_uart                      
00003025  __TI_auto_init                 
00003095  __aeabi_d2f                    
0000316d  _c_int00                       
000031c1  C$$EXIT                        
000031c5  abort                          
000031cd  exit                           
00003215  copy_in                        
00003261  __aeabi_f2d                    
00003299  _args_main                     
000032b1  _register_unlock               
000032b7  _register_lock                 
000032bf  _nop                           
000032c5  strlen                         
000032d9  __TI_decompress_none           
000032e7  Reset_Handler                  
000032f3  ADC14_IRQHandler               
000032f3  AES256_IRQHandler              
000032f3  BusFault_Handler               
000032f3  COMP_E0_IRQHandler             
000032f3  COMP_E1_IRQHandler             
000032f3  CS_IRQHandler                  
000032f3  DMA_ERR_IRQHandler             
000032f3  DMA_INT0_IRQHandler            
000032f3  DMA_INT1_IRQHandler            
000032f3  DMA_INT2_IRQHandler            
000032f3  DMA_INT3_IRQHandler            
000032f3  DebugMon_Handler               
000032f3  Default_Handler                
000032f3  EUSCIA0_IRQHandler             
000032f3  EUSCIA1_IRQHandler             
000032f3  EUSCIA2_IRQHandler             
000032f3  EUSCIA3_IRQHandler             
000032f3  EUSCIB0_IRQHandler             
000032f3  EUSCIB1_IRQHandler             
000032f3  EUSCIB2_IRQHandler             
000032f3  EUSCIB3_IRQHandler             
000032f3  FLCTL_IRQHandler               
000032f3  FPU_IRQHandler                 
000032f3  HardFault_Handler              
000032f3  MemManage_Handler              
000032f3  NMI_Handler                    
000032f3  PCM_IRQHandler                 
000032f3  PORT1_IRQHandler               
000032f3  PORT2_IRQHandler               
000032f3  PORT3_IRQHandler               
000032f3  PORT4_IRQHandler               
000032f3  PORT5_IRQHandler               
000032f3  PORT6_IRQHandler               
000032f3  PSS_IRQHandler                 
000032f3  PendSV_Handler                 
000032f3  RTC_C_IRQHandler               
000032f3  SVC_Handler                    
000032f3  SysTick_Handler                
000032f3  T32_INT1_IRQHandler            
000032f3  T32_INT2_IRQHandler            
000032f3  T32_INTC_IRQHandler            
000032f3  TA0_0_IRQHandler               
000032f3  TA1_0_IRQHandler               
000032f3  TA1_N_IRQHandler               
000032f3  TA2_0_IRQHandler               
000032f3  TA2_N_IRQHandler               
000032f3  TA3_0_IRQHandler               
000032f3  TA3_N_IRQHandler               
000032f3  UsageFault_Handler             
000032f3  WDT_A_IRQHandler               
000032f5  __TI_decompress_rle24          
000032fb  _system_pre_init               
00003300  uartConfig                     
00003324  upDownConfig                   
0000333c  i2cConfig                      
00003350  compareConfig_PWM1             
00003360  compareConfig_PWM2             
00003370  compareConfig_PWM3             
00003380  compareConfig_PWM4             
00003390  continuousModeConfig           
000033d4  __TI_Handler_Table_Base        
000033dc  __TI_CINIT_Base                
000033dc  __TI_Handler_Table_Limit       
000033ec  __TI_CINIT_Limit               
20000010  __TI_cleanup_ptr               
20000014  __TI_dtors_ptr                 
20000018  __TI_enable_exit_profile_output
20000028  _lock                          
2000002c  _unlock                        
20000038  last_error                     
2000003c  errno                          
20000040  main_func_sp                   
20000044  SystemCoreClock                
20000050  i_term                         
2000fe00  __stack                        
20010000  __STACK_END                    
4000480c  WDTCTL_SYM                     
ffffffff  __TI_pprof_out_hndl            
ffffffff  __TI_prof_data_size            
ffffffff  __TI_prof_data_start           
ffffffff  __binit__                      
ffffffff  __c_args__                     
ffffffff  binit                          
UNDEFED   SHT$$INIT_ARRAY$$Base          
UNDEFED   SHT$$INIT_ARRAY$$Limit         

[161 symbols]
