******************************************************************************
                  TI ARM Linker PC v15.12.3                    
******************************************************************************
>> Linked Mon Oct 17 13:42:00 2016

OUTPUT FILE NAME:   <PI.out>
ENTRY POINT SYMBOL: "_c_int00"  address: 00000ae9


MEMORY CONFIGURATION

         name            origin    length      used     unused   attr    fill
----------------------  --------  ---------  --------  --------  ----  --------
  MAIN                  00000000   00040000  00000c6e  0003f392  R  X
  INFO                  00200000   00004000  00000000  00004000  R  X
  SRAM_CODE             01000000   00010000  0000021c  0000fde4  RW X
  SRAM_DATA             20000000   00010000  0000021c  0000fde4  RW  


SEGMENT ALLOCATION MAP

run origin  load origin   length   init length attrs members
----------  ----------- ---------- ----------- ----- -------
00000000    00000000    00000c74   00000c74    r-x
  00000000    00000000    000000e4   000000e4    r-- .intvecs
  000000e4    000000e4    00000b4a   00000b4a    r-x .text
  00000c30    00000c30    00000014   00000014    r-- .const
  00000c48    00000c48    0000002c   0000002c    r-- .cinit
20000000    20000000    0000001c   00000000    rw-
  20000000    20000000    0000001c   00000000    rw- .data
2000fe00    2000fe00    00000200   00000000    rw-
  2000fe00    2000fe00    00000200   00000000    rw- .stack


SECTION ALLOCATION MAP

 output                                  attributes/
section   page    origin      length       input sections
--------  ----  ----------  ----------   ----------------
.intvecs   0    00000000    000000e4     
                  00000000    000000e4     startup_msp432p401r_ccs.obj (.intvecs:retain)

.binit     0    00000000    00000000     

.text      0    000000e4    00000b4a     
                  000000e4    0000032c     system_msp432p401r.obj (.text)
                  00000410    000002a4     mpu9250.obj (.text)
                  000006b4    00000198     i2c.obj (.text)
                  0000084c    000000a8     main.obj (.text)
                  000008f4    0000009c     rtsv7M4_T_le_v4SPD16_eabi.lib : memcpy_t2.obj (.text)
                  00000990    0000007a                                   : memset_t2.obj (.text)
                  00000a0a    00000002                                   : mpu_init.obj (.text)
                  00000a0c    00000070                                   : autoinit.obj (.text)
                  00000a7c    0000006a                                   : copy_decompress_rle.obj (.text)
                  00000ae6    00000002                                   : startup.obj (.text)
                  00000ae8    00000054                                   : boot.obj (.text)
                  00000b3c    00000054                                   : exit.obj (.text)
                  00000b90    0000004c                                   : cpy_tbl.obj (.text)
                  00000bdc    00000018                                   : args_main.obj (.text)
                  00000bf4    00000014                                   : _lock.obj (.text)
                  00000c08    0000000e                                   : copy_decompress_none.obj (.text:decompress:none)
                  00000c16    0000000e     startup_msp432p401r_ccs.obj (.text)
                  00000c24    00000006     rtsv7M4_T_le_v4SPD16_eabi.lib : copy_decompress_rle.obj (.text:decompress:rle24)
                  00000c2a    00000004                                   : pre_init.obj (.text)

.const     0    00000c30    00000014     
                  00000c30    00000014     i2c.obj (.const:i2cConfig)

.cinit     0    00000c48    0000002c     
                  00000c48    0000001a     (.cinit..data.load) [load image, compression = rle]
                  00000c62    00000002     --HOLE-- [fill = 0]
                  00000c64    00000008     (__TI_handler_table)
                  00000c6c    00000008     (__TI_cinit_table)

.init_array 
*          0    00000000    00000000     UNINITIALIZED

.data      0    20000000    0000001c     UNINITIALIZED
                  20000000    0000000c     rtsv7M4_T_le_v4SPD16_eabi.lib : exit.obj (.data:$O1$$)
                  2000000c    00000008                                   : _lock.obj (.data:$O1$$)
                  20000014    00000004                                   : stkdepth_vars.obj (.data)
                  20000018    00000004     system_msp432p401r.obj (.data)

.stack     0    2000fe00    00000200     UNINITIALIZED
                  2000fe00    00000200     --HOLE--

MODULE SUMMARY

       Module                        code   ro data   rw data
       ------                        ----   -------   -------
    .\
       system_msp432p401r.obj        812    0         8      
       mpu9250.obj                   676    0         0      
       i2c.obj                       408    20        0      
       startup_msp432p401r_ccs.obj   14     228       0      
       main.obj                      168    0         0      
    +--+-----------------------------+------+---------+---------+
       Total:                        2078   248       8      
                                                             
    C:\ti\ccsv6\tools\compiler\arm_15.12.3.LTS\lib\rtsv7M4_T_le_v4SPD16_eabi.lib
       memcpy_t2.obj                 156    0         0      
       memset_t2.obj                 122    0         0      
       autoinit.obj                  112    0         0      
       copy_decompress_rle.obj       112    0         0      
       exit.obj                      84     0         24     
       boot.obj                      84     0         0      
       cpy_tbl.obj                   76     0         0      
       _lock.obj                     20     0         16     
       args_main.obj                 24     0         0      
       copy_decompress_none.obj      14     0         0      
       stkdepth_vars.obj             0      0         8      
       pre_init.obj                  4      0         0      
       mpu_init.obj                  2      0         0      
       startup.obj                   2      0         0      
    +--+-----------------------------+------+---------+---------+
       Total:                        812    0         48     
                                                             
       Stack:                        0      0         1024   
       Linker Generated:             0      42        0      
    +--+-----------------------------+------+---------+---------+
       Grand Total:                  2890   290       1080   


LINKER GENERATED COPY TABLES

__TI_cinit_table @ 00000c6c records: 1, size/record: 8, table size: 8
	.data: load addr=00000c48, load size=0000001a bytes, run addr=20000000, run size=0000001c bytes, compression=rle


LINKER GENERATED HANDLER TABLE

__TI_handler_table @ 00000c64 records: 2, size/record: 4, table size: 8
	index: 0, handler: __TI_decompress_rle24
	index: 1, handler: __TI_decompress_none


GLOBAL SYMBOLS: SORTED ALPHABETICALLY BY Name 

address   name                           
-------   ----                           
00000c23  ADC14_IRQHandler               
00000c23  AES256_IRQHandler              
00000c23  BusFault_Handler               
00000b3d  C$$EXIT                        
00000c23  COMP_E0_IRQHandler             
00000c23  COMP_E1_IRQHandler             
00000c23  CS_IRQHandler                  
00000c23  DMA_ERR_IRQHandler             
00000c23  DMA_INT0_IRQHandler            
00000c23  DMA_INT1_IRQHandler            
00000c23  DMA_INT2_IRQHandler            
00000c23  DMA_INT3_IRQHandler            
00000c23  DebugMon_Handler               
00000c23  Default_Handler                
00000c23  EUSCIA0_IRQHandler             
00000c23  EUSCIA1_IRQHandler             
00000c23  EUSCIA2_IRQHandler             
00000c23  EUSCIA3_IRQHandler             
00000c23  EUSCIB0_IRQHandler             
00000c23  EUSCIB1_IRQHandler             
00000c23  EUSCIB2_IRQHandler             
00000c23  EUSCIB3_IRQHandler             
00000c23  FLCTL_IRQHandler               
00000c23  FPU_IRQHandler                 
00000c23  HardFault_Handler              
00000c23  MemManage_Handler              
00000c23  NMI_Handler                    
00000c23  PCM_IRQHandler                 
00000c23  PORT1_IRQHandler               
00000c23  PORT2_IRQHandler               
00000c23  PORT3_IRQHandler               
00000c23  PORT4_IRQHandler               
00000c23  PORT5_IRQHandler               
00000c23  PORT6_IRQHandler               
00000c23  PSS_IRQHandler                 
00000c23  PendSV_Handler                 
00000c23  RTC_C_IRQHandler               
00000c17  Reset_Handler                  
UNDEFED   SHT$$INIT_ARRAY$$Base          
UNDEFED   SHT$$INIT_ARRAY$$Limit         
00000c23  SVC_Handler                    
00000c23  SysTick_Handler                
20000018  SystemCoreClock                
000000e5  SystemCoreClockUpdate          
00000359  SystemInit                     
00000c23  T32_INT1_IRQHandler            
00000c23  T32_INT2_IRQHandler            
00000c23  T32_INTC_IRQHandler            
00000c23  TA0_0_IRQHandler               
00000c23  TA0_N_IRQHandler               
00000c23  TA1_0_IRQHandler               
00000c23  TA1_N_IRQHandler               
00000c23  TA2_0_IRQHandler               
00000c23  TA2_N_IRQHandler               
00000c23  TA3_0_IRQHandler               
00000c23  TA3_N_IRQHandler               
00000c23  UsageFault_Handler             
4000480c  WDTCTL_SYM                     
00000c23  WDT_A_IRQHandler               
20010000  __STACK_END                    
00000200  __STACK_SIZE                   
00000c6c  __TI_CINIT_Base                
00000c74  __TI_CINIT_Limit               
00000c64  __TI_Handler_Table_Base        
00000c6c  __TI_Handler_Table_Limit       
00000a0d  __TI_auto_init                 
20000000  __TI_cleanup_ptr               
00000c09  __TI_decompress_none           
00000c25  __TI_decompress_rle24          
20000004  __TI_dtors_ptr                 
20000008  __TI_enable_exit_profile_output
ffffffff  __TI_pprof_out_hndl            
ffffffff  __TI_prof_data_size            
ffffffff  __TI_prof_data_start           
00000000  __TI_static_base__             
00000991  __aeabi_memclr                 
00000991  __aeabi_memclr4                
00000991  __aeabi_memclr8                
000008f5  __aeabi_memcpy                 
000008f5  __aeabi_memcpy4                
000008f5  __aeabi_memcpy8                
00000993  __aeabi_memset                 
00000993  __aeabi_memset4                
00000993  __aeabi_memset8                
ffffffff  __binit__                      
ffffffff  __c_args__                     
00000a0b  __mpu_init                     
2000fe00  __stack                        
00000bdd  _args_main                     
00000ae9  _c_int00                       
2000000c  _lock                          
00000c03  _nop                           
00000bfb  _register_lock                 
00000bf5  _register_unlock               
00000ae7  _system_post_cinit             
00000c2b  _system_pre_init               
20000010  _unlock                        
00000b41  abort                          
ffffffff  binit                          
00000b91  copy_in                        
00000b49  exit                           
0000049f  getAres                        
0000045d  getGres                        
00000433  getMres                        
00000c30  i2cConfig                      
00000883  init_clock                     
000007cb  init_i2c                       
00000411  init_struct                    
00000000  interruptVectors               
0000084d  main                           
20000014  main_func_sp                   
000008f5  memcpy                         
00000999  memset                         
000004e1  readAccelData                  
000005b7  readGyroData                   
000006b5  read_i2c                       
00000737  read_multibyte_i2c             
00000521  setAccelData                   
000005f7  setGyroData                    
00000777  write_i2c                      


GLOBAL SYMBOLS: SORTED BY Symbol Address 

address   name                           
-------   ----                           
00000000  __TI_static_base__             
00000000  interruptVectors               
000000e5  SystemCoreClockUpdate          
00000200  __STACK_SIZE                   
00000359  SystemInit                     
00000411  init_struct                    
00000433  getMres                        
0000045d  getGres                        
0000049f  getAres                        
000004e1  readAccelData                  
00000521  setAccelData                   
000005b7  readGyroData                   
000005f7  setGyroData                    
000006b5  read_i2c                       
00000737  read_multibyte_i2c             
00000777  write_i2c                      
000007cb  init_i2c                       
0000084d  main                           
00000883  init_clock                     
000008f5  __aeabi_memcpy                 
000008f5  __aeabi_memcpy4                
000008f5  __aeabi_memcpy8                
000008f5  memcpy                         
00000991  __aeabi_memclr                 
00000991  __aeabi_memclr4                
00000991  __aeabi_memclr8                
00000993  __aeabi_memset                 
00000993  __aeabi_memset4                
00000993  __aeabi_memset8                
00000999  memset                         
00000a0b  __mpu_init                     
00000a0d  __TI_auto_init                 
00000ae7  _system_post_cinit             
00000ae9  _c_int00                       
00000b3d  C$$EXIT                        
00000b41  abort                          
00000b49  exit                           
00000b91  copy_in                        
00000bdd  _args_main                     
00000bf5  _register_unlock               
00000bfb  _register_lock                 
00000c03  _nop                           
00000c09  __TI_decompress_none           
00000c17  Reset_Handler                  
00000c23  ADC14_IRQHandler               
00000c23  AES256_IRQHandler              
00000c23  BusFault_Handler               
00000c23  COMP_E0_IRQHandler             
00000c23  COMP_E1_IRQHandler             
00000c23  CS_IRQHandler                  
00000c23  DMA_ERR_IRQHandler             
00000c23  DMA_INT0_IRQHandler            
00000c23  DMA_INT1_IRQHandler            
00000c23  DMA_INT2_IRQHandler            
00000c23  DMA_INT3_IRQHandler            
00000c23  DebugMon_Handler               
00000c23  Default_Handler                
00000c23  EUSCIA0_IRQHandler             
00000c23  EUSCIA1_IRQHandler             
00000c23  EUSCIA2_IRQHandler             
00000c23  EUSCIA3_IRQHandler             
00000c23  EUSCIB0_IRQHandler             
00000c23  EUSCIB1_IRQHandler             
00000c23  EUSCIB2_IRQHandler             
00000c23  EUSCIB3_IRQHandler             
00000c23  FLCTL_IRQHandler               
00000c23  FPU_IRQHandler                 
00000c23  HardFault_Handler              
00000c23  MemManage_Handler              
00000c23  NMI_Handler                    
00000c23  PCM_IRQHandler                 
00000c23  PORT1_IRQHandler               
00000c23  PORT2_IRQHandler               
00000c23  PORT3_IRQHandler               
00000c23  PORT4_IRQHandler               
00000c23  PORT5_IRQHandler               
00000c23  PORT6_IRQHandler               
00000c23  PSS_IRQHandler                 
00000c23  PendSV_Handler                 
00000c23  RTC_C_IRQHandler               
00000c23  SVC_Handler                    
00000c23  SysTick_Handler                
00000c23  T32_INT1_IRQHandler            
00000c23  T32_INT2_IRQHandler            
00000c23  T32_INTC_IRQHandler            
00000c23  TA0_0_IRQHandler               
00000c23  TA0_N_IRQHandler               
00000c23  TA1_0_IRQHandler               
00000c23  TA1_N_IRQHandler               
00000c23  TA2_0_IRQHandler               
00000c23  TA2_N_IRQHandler               
00000c23  TA3_0_IRQHandler               
00000c23  TA3_N_IRQHandler               
00000c23  UsageFault_Handler             
00000c23  WDT_A_IRQHandler               
00000c25  __TI_decompress_rle24          
00000c2b  _system_pre_init               
00000c30  i2cConfig                      
00000c64  __TI_Handler_Table_Base        
00000c6c  __TI_CINIT_Base                
00000c6c  __TI_Handler_Table_Limit       
00000c74  __TI_CINIT_Limit               
20000000  __TI_cleanup_ptr               
20000004  __TI_dtors_ptr                 
20000008  __TI_enable_exit_profile_output
2000000c  _lock                          
20000010  _unlock                        
20000014  main_func_sp                   
20000018  SystemCoreClock                
2000fe00  __stack                        
20010000  __STACK_END                    
4000480c  WDTCTL_SYM                     
ffffffff  __TI_pprof_out_hndl            
ffffffff  __TI_prof_data_size            
ffffffff  __TI_prof_data_start           
ffffffff  __binit__                      
ffffffff  __c_args__                     
ffffffff  binit                          
UNDEFED   SHT$$INIT_ARRAY$$Base          
UNDEFED   SHT$$INIT_ARRAY$$Limit         

[120 symbols]
