******************************************************************************
                  TI ARM Linker PC v15.12.3                    
******************************************************************************
>> Linked Sun Oct 16 20:36:35 2016

OUTPUT FILE NAME:   <PI.out>
ENTRY POINT SYMBOL: "_c_int00"  address: 00000831


MEMORY CONFIGURATION

         name            origin    length      used     unused   attr    fill
----------------------  --------  ---------  --------  --------  ----  --------
  MAIN                  00000000   00040000  000009b6  0003f64a  R  X
  INFO                  00200000   00004000  00000000  00004000  R  X
  SRAM_CODE             01000000   00010000  0000021c  0000fde4  RW X
  SRAM_DATA             20000000   00010000  0000021c  0000fde4  RW  


SEGMENT ALLOCATION MAP

run origin  load origin   length   init length attrs members
----------  ----------- ---------- ----------- ----- -------
00000000    00000000    000009bc   000009bc    r-x
  00000000    00000000    000000e4   000000e4    r-- .intvecs
  000000e4    000000e4    00000892   00000892    r-x .text
  00000978    00000978    00000014   00000014    r-- .const
  00000990    00000990    0000002c   0000002c    r-- .cinit
20000000    20000000    0000001c   00000000    rw-
  20000000    20000000    0000001c   00000000    rw- .data
2000fe00    2000fe00    00000200   00000000    rw-
  2000fe00    2000fe00    00000200   00000000    rw- .stack


SECTION ALLOCATION MAP

 output                                  attributes/
section   page    origin      length       input sections
--------  ----  ----------  ----------   ----------------
.intvecs   0    00000000    000000e4     
                  00000000    000000e4     startup_msp432p401r_ccs.obj (.intvecs:retain)

.binit     0    00000000    00000000     

.text      0    000000e4    00000892     
                  000000e4    0000032c     system_msp432p401r.obj (.text)
                  00000410    00000198     i2c.obj (.text)
                  000005a8    0000009c     rtsv7M4_T_le_v4SPD16_eabi.lib : memcpy_t2.obj (.text)
                  00000644    00000094     main.obj (.text)
                  000006d8    0000007a     rtsv7M4_T_le_v4SPD16_eabi.lib : memset_t2.obj (.text)
                  00000752    00000002                                   : mpu_init.obj (.text)
                  00000754    00000070                                   : autoinit.obj (.text)
                  000007c4    0000006a                                   : copy_decompress_rle.obj (.text)
                  0000082e    00000002                                   : startup.obj (.text)
                  00000830    00000054                                   : boot.obj (.text)
                  00000884    00000054                                   : exit.obj (.text)
                  000008d8    0000004c                                   : cpy_tbl.obj (.text)
                  00000924    00000018                                   : args_main.obj (.text)
                  0000093c    00000014                                   : _lock.obj (.text)
                  00000950    0000000e                                   : copy_decompress_none.obj (.text:decompress:none)
                  0000095e    0000000e     startup_msp432p401r_ccs.obj (.text)
                  0000096c    00000006     rtsv7M4_T_le_v4SPD16_eabi.lib : copy_decompress_rle.obj (.text:decompress:rle24)
                  00000972    00000004                                   : pre_init.obj (.text)

.const     0    00000978    00000014     
                  00000978    00000014     i2c.obj (.const:i2cConfig)

.cinit     0    00000990    0000002c     
                  00000990    0000001a     (.cinit..data.load) [load image, compression = rle]
                  000009aa    00000002     --HOLE-- [fill = 0]
                  000009ac    00000008     (__TI_handler_table)
                  000009b4    00000008     (__TI_cinit_table)

.init_array 
*          0    00000000    00000000     UNINITIALIZED

.data      0    20000000    0000001c     UNINITIALIZED
                  20000000    0000000c     rtsv7M4_T_le_v4SPD16_eabi.lib : exit.obj (.data:$O1$$)
                  2000000c    00000008                                   : _lock.obj (.data:$O1$$)
                  20000014    00000004                                   : stkdepth_vars.obj (.data)
                  20000018    00000004     system_msp432p401r.obj (.data)

.stack     0    2000fe00    00000200     UNINITIALIZED
                  2000fe00    00000200     --HOLE--

MODULE SUMMARY

       Module                        code   ro data   rw data
       ------                        ----   -------   -------
    .\
       system_msp432p401r.obj        812    0         8      
       i2c.obj                       408    20        0      
       startup_msp432p401r_ccs.obj   14     228       0      
       main.obj                      148    0         0      
    +--+-----------------------------+------+---------+---------+
       Total:                        1382   248       8      
                                                             
    D:\TI\ccsv6\tools\compiler\arm_15.12.3.LTS\lib\rtsv7M4_T_le_v4SPD16_eabi.lib
       memcpy_t2.obj                 156    0         0      
       memset_t2.obj                 122    0         0      
       autoinit.obj                  112    0         0      
       copy_decompress_rle.obj       112    0         0      
       exit.obj                      84     0         24     
       boot.obj                      84     0         0      
       cpy_tbl.obj                   76     0         0      
       _lock.obj                     20     0         16     
       args_main.obj                 24     0         0      
       copy_decompress_none.obj      14     0         0      
       stkdepth_vars.obj             0      0         8      
       pre_init.obj                  4      0         0      
       mpu_init.obj                  2      0         0      
       startup.obj                   2      0         0      
    +--+-----------------------------+------+---------+---------+
       Total:                        812    0         48     
                                                             
       Stack:                        0      0         1024   
       Linker Generated:             0      42        0      
    +--+-----------------------------+------+---------+---------+
       Grand Total:                  2194   290       1080   


LINKER GENERATED COPY TABLES

__TI_cinit_table @ 000009b4 records: 1, size/record: 8, table size: 8
	.data: load addr=00000990, load size=0000001a bytes, run addr=20000000, run size=0000001c bytes, compression=rle


LINKER GENERATED HANDLER TABLE

__TI_handler_table @ 000009ac records: 2, size/record: 4, table size: 8
	index: 0, handler: __TI_decompress_rle24
	index: 1, handler: __TI_decompress_none


GLOBAL SYMBOLS: SORTED ALPHABETICALLY BY Name 

address   name                           
-------   ----                           
0000096b  ADC14_IRQHandler               
0000096b  AES256_IRQHandler              
0000096b  BusFault_Handler               
00000885  C$$EXIT                        
0000096b  COMP_E0_IRQHandler             
0000096b  COMP_E1_IRQHandler             
0000096b  CS_IRQHandler                  
0000096b  DMA_ERR_IRQHandler             
0000096b  DMA_INT0_IRQHandler            
0000096b  DMA_INT1_IRQHandler            
0000096b  DMA_INT2_IRQHandler            
0000096b  DMA_INT3_IRQHandler            
0000096b  DebugMon_Handler               
0000096b  Default_Handler                
0000096b  EUSCIA0_IRQHandler             
0000096b  EUSCIA1_IRQHandler             
0000096b  EUSCIA2_IRQHandler             
0000096b  EUSCIA3_IRQHandler             
0000096b  EUSCIB0_IRQHandler             
0000096b  EUSCIB1_IRQHandler             
0000096b  EUSCIB2_IRQHandler             
0000096b  EUSCIB3_IRQHandler             
0000096b  FLCTL_IRQHandler               
0000096b  FPU_IRQHandler                 
0000096b  HardFault_Handler              
0000096b  MemManage_Handler              
0000096b  NMI_Handler                    
0000096b  PCM_IRQHandler                 
0000096b  PORT1_IRQHandler               
0000096b  PORT2_IRQHandler               
0000096b  PORT3_IRQHandler               
0000096b  PORT4_IRQHandler               
0000096b  PORT5_IRQHandler               
0000096b  PORT6_IRQHandler               
0000096b  PSS_IRQHandler                 
0000096b  PendSV_Handler                 
0000096b  RTC_C_IRQHandler               
0000095f  Reset_Handler                  
UNDEFED   SHT$$INIT_ARRAY$$Base          
UNDEFED   SHT$$INIT_ARRAY$$Limit         
0000096b  SVC_Handler                    
0000096b  SysTick_Handler                
20000018  SystemCoreClock                
000000e5  SystemCoreClockUpdate          
00000359  SystemInit                     
0000096b  T32_INT1_IRQHandler            
0000096b  T32_INT2_IRQHandler            
0000096b  T32_INTC_IRQHandler            
0000096b  TA0_0_IRQHandler               
0000096b  TA0_N_IRQHandler               
0000096b  TA1_0_IRQHandler               
0000096b  TA1_N_IRQHandler               
0000096b  TA2_0_IRQHandler               
0000096b  TA2_N_IRQHandler               
0000096b  TA3_0_IRQHandler               
0000096b  TA3_N_IRQHandler               
0000096b  UsageFault_Handler             
4000480c  WDTCTL_SYM                     
0000096b  WDT_A_IRQHandler               
20010000  __STACK_END                    
00000200  __STACK_SIZE                   
000009b4  __TI_CINIT_Base                
000009bc  __TI_CINIT_Limit               
000009ac  __TI_Handler_Table_Base        
000009b4  __TI_Handler_Table_Limit       
00000755  __TI_auto_init                 
20000000  __TI_cleanup_ptr               
00000951  __TI_decompress_none           
0000096d  __TI_decompress_rle24          
20000004  __TI_dtors_ptr                 
20000008  __TI_enable_exit_profile_output
ffffffff  __TI_pprof_out_hndl            
ffffffff  __TI_prof_data_size            
ffffffff  __TI_prof_data_start           
00000000  __TI_static_base__             
000006d9  __aeabi_memclr                 
000006d9  __aeabi_memclr4                
000006d9  __aeabi_memclr8                
000005a9  __aeabi_memcpy                 
000005a9  __aeabi_memcpy4                
000005a9  __aeabi_memcpy8                
000006db  __aeabi_memset                 
000006db  __aeabi_memset4                
000006db  __aeabi_memset8                
ffffffff  __binit__                      
ffffffff  __c_args__                     
00000753  __mpu_init                     
2000fe00  __stack                        
00000925  _args_main                     
00000831  _c_int00                       
2000000c  _lock                          
0000094b  _nop                           
00000943  _register_lock                 
0000093d  _register_unlock               
0000082f  _system_post_cinit             
00000973  _system_pre_init               
20000010  _unlock                        
00000889  abort                          
ffffffff  binit                          
000008d9  copy_in                        
00000891  exit                           
00000978  i2cConfig                      
00000667  init_clock                     
00000527  init_i2c                       
00000000  interruptVectors               
00000645  main                           
20000014  main_func_sp                   
000005a9  memcpy                         
000006e1  memset                         
00000411  read_i2c                       
00000493  read_multibyte_i2c             
000004d3  write_i2c                      


GLOBAL SYMBOLS: SORTED BY Symbol Address 

address   name                           
-------   ----                           
00000000  __TI_static_base__             
00000000  interruptVectors               
000000e5  SystemCoreClockUpdate          
00000200  __STACK_SIZE                   
00000359  SystemInit                     
00000411  read_i2c                       
00000493  read_multibyte_i2c             
000004d3  write_i2c                      
00000527  init_i2c                       
000005a9  __aeabi_memcpy                 
000005a9  __aeabi_memcpy4                
000005a9  __aeabi_memcpy8                
000005a9  memcpy                         
00000645  main                           
00000667  init_clock                     
000006d9  __aeabi_memclr                 
000006d9  __aeabi_memclr4                
000006d9  __aeabi_memclr8                
000006db  __aeabi_memset                 
000006db  __aeabi_memset4                
000006db  __aeabi_memset8                
000006e1  memset                         
00000753  __mpu_init                     
00000755  __TI_auto_init                 
0000082f  _system_post_cinit             
00000831  _c_int00                       
00000885  C$$EXIT                        
00000889  abort                          
00000891  exit                           
000008d9  copy_in                        
00000925  _args_main                     
0000093d  _register_unlock               
00000943  _register_lock                 
0000094b  _nop                           
00000951  __TI_decompress_none           
0000095f  Reset_Handler                  
0000096b  ADC14_IRQHandler               
0000096b  AES256_IRQHandler              
0000096b  BusFault_Handler               
0000096b  COMP_E0_IRQHandler             
0000096b  COMP_E1_IRQHandler             
0000096b  CS_IRQHandler                  
0000096b  DMA_ERR_IRQHandler             
0000096b  DMA_INT0_IRQHandler            
0000096b  DMA_INT1_IRQHandler            
0000096b  DMA_INT2_IRQHandler            
0000096b  DMA_INT3_IRQHandler            
0000096b  DebugMon_Handler               
0000096b  Default_Handler                
0000096b  EUSCIA0_IRQHandler             
0000096b  EUSCIA1_IRQHandler             
0000096b  EUSCIA2_IRQHandler             
0000096b  EUSCIA3_IRQHandler             
0000096b  EUSCIB0_IRQHandler             
0000096b  EUSCIB1_IRQHandler             
0000096b  EUSCIB2_IRQHandler             
0000096b  EUSCIB3_IRQHandler             
0000096b  FLCTL_IRQHandler               
0000096b  FPU_IRQHandler                 
0000096b  HardFault_Handler              
0000096b  MemManage_Handler              
0000096b  NMI_Handler                    
0000096b  PCM_IRQHandler                 
0000096b  PORT1_IRQHandler               
0000096b  PORT2_IRQHandler               
0000096b  PORT3_IRQHandler               
0000096b  PORT4_IRQHandler               
0000096b  PORT5_IRQHandler               
0000096b  PORT6_IRQHandler               
0000096b  PSS_IRQHandler                 
0000096b  PendSV_Handler                 
0000096b  RTC_C_IRQHandler               
0000096b  SVC_Handler                    
0000096b  SysTick_Handler                
0000096b  T32_INT1_IRQHandler            
0000096b  T32_INT2_IRQHandler            
0000096b  T32_INTC_IRQHandler            
0000096b  TA0_0_IRQHandler               
0000096b  TA0_N_IRQHandler               
0000096b  TA1_0_IRQHandler               
0000096b  TA1_N_IRQHandler               
0000096b  TA2_0_IRQHandler               
0000096b  TA2_N_IRQHandler               
0000096b  TA3_0_IRQHandler               
0000096b  TA3_N_IRQHandler               
0000096b  UsageFault_Handler             
0000096b  WDT_A_IRQHandler               
0000096d  __TI_decompress_rle24          
00000973  _system_pre_init               
00000978  i2cConfig                      
000009ac  __TI_Handler_Table_Base        
000009b4  __TI_CINIT_Base                
000009b4  __TI_Handler_Table_Limit       
000009bc  __TI_CINIT_Limit               
20000000  __TI_cleanup_ptr               
20000004  __TI_dtors_ptr                 
20000008  __TI_enable_exit_profile_output
2000000c  _lock                          
20000010  _unlock                        
20000014  main_func_sp                   
20000018  SystemCoreClock                
2000fe00  __stack                        
20010000  __STACK_END                    
4000480c  WDTCTL_SYM                     
ffffffff  __TI_pprof_out_hndl            
ffffffff  __TI_prof_data_size            
ffffffff  __TI_prof_data_start           
ffffffff  __binit__                      
ffffffff  __c_args__                     
ffffffff  binit                          
UNDEFED   SHT$$INIT_ARRAY$$Base          
UNDEFED   SHT$$INIT_ARRAY$$Limit         

[112 symbols]
