******************************************************************************
                  TI ARM Linker PC v15.12.3                    
******************************************************************************
>> Linked Thu Nov 10 04:17:18 2016

OUTPUT FILE NAME:   <PI.out>
ENTRY POINT SYMBOL: "_c_int00"  address: 00000ecd


MEMORY CONFIGURATION

         name            origin    length      used     unused   attr    fill
----------------------  --------  ---------  --------  --------  ----  --------
  MAIN                  00000000   00040000  0000111e  0003eee2  R  X
  INFO                  00200000   00004000  00000000  00004000  R  X
  SRAM_CODE             01000000   00010000  0000022c  0000fdd4  RW X
  SRAM_DATA             20000000   00010000  0000022c  0000fdd4  RW  


SEGMENT ALLOCATION MAP

run origin  load origin   length   init length attrs members
----------  ----------- ---------- ----------- ----- -------
00000000    00000000    00001124   00001124    r-x
  00000000    00000000    000000e4   000000e4    r-- .intvecs
  000000e4    000000e4    00000f7a   00000f7a    r-x .text
  00001060    00001060    0000007c   0000007c    r-- .const
  000010e0    000010e0    00000044   00000044    r-- .cinit
20000000    20000000    0000002c   00000000    rw-
  20000000    20000000    00000020   00000000    rw- .data
  20000020    20000020    0000000c   00000000    rw- .bss
2000fe00    2000fe00    00000200   00000000    rw-
  2000fe00    2000fe00    00000200   00000000    rw- .stack


SECTION ALLOCATION MAP

 output                                  attributes/
section   page    origin      length       input sections
--------  ----  ----------  ----------   ----------------
.intvecs   0    00000000    000000e4     
                  00000000    000000e4     startup_msp432p401r_ccs.obj (.intvecs:retain)

.binit     0    00000000    00000000     

.text      0    000000e4    00000f7a     
                  000000e4    0000032c     system_msp432p401r.obj (.text)
                  00000410    0000030c     main.obj (.text)
                  0000071c    0000020c     motor_driver.obj (.text)
                  00000928    000001b6     rtsv7M4_T_le_v4SPD16_eabi.lib : fd_add_t2.obj (.text)
                  00000ade    000000fc                                   : fd_mul_t2.obj (.text)
                  00000bda    0000009c                                   : memcpy_t2.obj (.text)
                  00000c76    00000002                                   : mpu_init.obj (.text)
                  00000c78    00000090     msp_uart.obj (.text)
                  00000d08    0000007a     rtsv7M4_T_le_v4SPD16_eabi.lib : memset_t2.obj (.text)
                  00000d82    00000002                                   : startup.obj (.text)
                  00000d84    00000070                                   : autoinit.obj (.text)
                  00000df4    0000006e                                   : fd_tos_t2.obj (.text)
                  00000e62    0000006a                                   : copy_decompress_rle.obj (.text)
                  00000ecc    00000054                                   : boot.obj (.text)
                  00000f20    00000054                                   : exit.obj (.text)
                  00000f74    0000004c                                   : cpy_tbl.obj (.text)
                  00000fc0    00000038                                   : fs_tod_t2.obj (.text)
                  00000ff8    00000018                                   : args_main.obj (.text)
                  00001010    00000014                                   : _lock.obj (.text)
                  00001024    00000014                                   : strlen.obj (.text)
                  00001038    0000000e                                   : copy_decompress_none.obj (.text:decompress:none)
                  00001046    0000000e     startup_msp432p401r_ccs.obj (.text)
                  00001054    00000006     rtsv7M4_T_le_v4SPD16_eabi.lib : copy_decompress_rle.obj (.text:decompress:rle24)
                  0000105a    00000004                                   : pre_init.obj (.text)

.const     0    00001060    0000007c     
                  00001060    00000024     msp_uart.obj (.const:uartConfig)
                  00001084    00000018     motor_driver.obj (.const:upDownConfig)
                  0000109c    00000010     motor_driver.obj (.const:compareConfig_PWM1)
                  000010ac    00000010     motor_driver.obj (.const:compareConfig_PWM2)
                  000010bc    00000010     motor_driver.obj (.const:compareConfig_PWM3)
                  000010cc    00000010     motor_driver.obj (.const:compareConfig_PWM4)

.cinit     0    000010e0    00000044     
                  000010e0    0000001a     (.cinit..data.load) [load image, compression = rle]
                  000010fa    00000006     --HOLE-- [fill = 0]
                  00001100    00000009     (.cinit..bss.load) [load image, compression = rle]
                  00001109    00000003     --HOLE-- [fill = 0]
                  0000110c    00000008     (__TI_handler_table)
                  00001114    00000010     (__TI_cinit_table)

.init_array 
*          0    00000000    00000000     UNINITIALIZED

.data      0    20000000    00000020     UNINITIALIZED
                  20000000    0000000c     rtsv7M4_T_le_v4SPD16_eabi.lib : exit.obj (.data:$O1$$)
                  2000000c    00000008                                   : _lock.obj (.data:$O1$$)
                  20000014    00000004     main.obj (.data)
                  20000018    00000004     rtsv7M4_T_le_v4SPD16_eabi.lib : stkdepth_vars.obj (.data)
                  2000001c    00000004     system_msp432p401r.obj (.data)

.bss       0    20000020    0000000c     UNINITIALIZED
                  20000020    00000008     main.obj (.bss)
                  20000028    00000004     (.common:i_term)

.stack     0    2000fe00    00000200     UNINITIALIZED
                  2000fe00    00000200     --HOLE--

MODULE SUMMARY

       Module                        code   ro data   rw data
       ------                        ----   -------   -------
    .\
       system_msp432p401r.obj        812    0         8      
       main.obj                      780    0         32     
       motor_driver.obj              524    88        0      
       startup_msp432p401r_ccs.obj   14     228       0      
       msp_uart.obj                  144    36        0      
    +--+-----------------------------+------+---------+---------+
       Total:                        2274   352       40     
                                                             
    C:\ti\ccsv6\tools\compiler\arm_15.12.3.LTS\lib\rtsv7M4_T_le_v4SPD16_eabi.lib
       fd_add_t2.obj                 438    0         0      
       fd_mul_t2.obj                 252    0         0      
       memcpy_t2.obj                 156    0         0      
       memset_t2.obj                 122    0         0      
       autoinit.obj                  112    0         0      
       copy_decompress_rle.obj       112    0         0      
       fd_tos_t2.obj                 110    0         0      
       exit.obj                      84     0         24     
       boot.obj                      84     0         0      
       cpy_tbl.obj                   76     0         0      
       fs_tod_t2.obj                 56     0         0      
       _lock.obj                     20     0         16     
       args_main.obj                 24     0         0      
       strlen.obj                    20     0         0      
       copy_decompress_none.obj      14     0         0      
       stkdepth_vars.obj             0      0         8      
       pre_init.obj                  4      0         0      
       mpu_init.obj                  2      0         0      
       startup.obj                   2      0         0      
    +--+-----------------------------+------+---------+---------+
       Total:                        1688   0         48     
                                                             
       Stack:                        0      0         1024   
       Linker Generated:             0      59        0      
    +--+-----------------------------+------+---------+---------+
       Grand Total:                  3962   411       1112   


LINKER GENERATED COPY TABLES

__TI_cinit_table @ 00001114 records: 2, size/record: 8, table size: 16
	.data: load addr=000010e0, load size=0000001a bytes, run addr=20000000, run size=00000020 bytes, compression=rle
	.bss: load addr=00001100, load size=00000009 bytes, run addr=20000020, run size=0000000c bytes, compression=rle


LINKER GENERATED HANDLER TABLE

__TI_handler_table @ 0000110c records: 2, size/record: 4, table size: 8
	index: 0, handler: __TI_decompress_rle24
	index: 1, handler: __TI_decompress_none


GLOBAL SYMBOLS: SORTED ALPHABETICALLY BY Name 

address   name                           
-------   ----                           
00001053  ADC14_IRQHandler               
00001053  AES256_IRQHandler              
00001053  BusFault_Handler               
00000f21  C$$EXIT                        
00001053  COMP_E0_IRQHandler             
00001053  COMP_E1_IRQHandler             
00001053  CS_IRQHandler                  
00001053  DMA_ERR_IRQHandler             
00001053  DMA_INT0_IRQHandler            
00001053  DMA_INT1_IRQHandler            
00001053  DMA_INT2_IRQHandler            
00001053  DMA_INT3_IRQHandler            
00001053  DebugMon_Handler               
00001053  Default_Handler                
00001053  EUSCIA0_IRQHandler             
00001053  EUSCIA1_IRQHandler             
00001053  EUSCIA2_IRQHandler             
00001053  EUSCIA3_IRQHandler             
00001053  EUSCIB0_IRQHandler             
00001053  EUSCIB1_IRQHandler             
00001053  EUSCIB2_IRQHandler             
00001053  EUSCIB3_IRQHandler             
00001053  FLCTL_IRQHandler               
00001053  FPU_IRQHandler                 
00001053  HardFault_Handler              
00001053  MemManage_Handler              
00001053  NMI_Handler                    
00001053  PCM_IRQHandler                 
00001053  PORT1_IRQHandler               
00001053  PORT2_IRQHandler               
00001053  PORT3_IRQHandler               
00001053  PORT4_IRQHandler               
00001053  PORT5_IRQHandler               
00001053  PORT6_IRQHandler               
00001053  PSS_IRQHandler                 
00001053  PendSV_Handler                 
00001053  RTC_C_IRQHandler               
00001047  Reset_Handler                  
UNDEFED   SHT$$INIT_ARRAY$$Base          
UNDEFED   SHT$$INIT_ARRAY$$Limit         
00001053  SVC_Handler                    
00001053  SysTick_Handler                
2000001c  SystemCoreClock                
000000e5  SystemCoreClockUpdate          
00000359  SystemInit                     
00001053  T32_INT1_IRQHandler            
00001053  T32_INT2_IRQHandler            
00001053  T32_INTC_IRQHandler            
00001053  TA0_0_IRQHandler               
0000066b  TA0_N_IRQHandler               
0000066b  TA0_N_IRQHandler               
00001053  TA1_0_IRQHandler               
00001053  TA1_N_IRQHandler               
00001053  TA2_0_IRQHandler               
00001053  TA2_N_IRQHandler               
00001053  TA3_0_IRQHandler               
00001053  TA3_N_IRQHandler               
00001053  UsageFault_Handler             
4000480c  WDTCTL_SYM                     
00001053  WDT_A_IRQHandler               
20010000  __STACK_END                    
00000200  __STACK_SIZE                   
00001114  __TI_CINIT_Base                
00001124  __TI_CINIT_Limit               
0000110c  __TI_Handler_Table_Base        
00001114  __TI_Handler_Table_Limit       
00000d85  __TI_auto_init                 
20000000  __TI_cleanup_ptr               
00001039  __TI_decompress_none           
00001055  __TI_decompress_rle24          
20000004  __TI_dtors_ptr                 
20000008  __TI_enable_exit_profile_output
ffffffff  __TI_pprof_out_hndl            
ffffffff  __TI_prof_data_size            
ffffffff  __TI_prof_data_start           
00000000  __TI_static_base__             
00000df5  __aeabi_d2f                    
00000933  __aeabi_dadd                   
00000adf  __aeabi_dmul                   
00000929  __aeabi_dsub                   
00000fc1  __aeabi_f2d                    
00000d09  __aeabi_memclr                 
00000d09  __aeabi_memclr4                
00000d09  __aeabi_memclr8                
00000bdb  __aeabi_memcpy                 
00000bdb  __aeabi_memcpy4                
00000bdb  __aeabi_memcpy8                
00000d0b  __aeabi_memset                 
00000d0b  __aeabi_memset4                
00000d0b  __aeabi_memset8                
ffffffff  __binit__                      
ffffffff  __c_args__                     
00000c77  __mpu_init                     
2000fe00  __stack                        
00000ff9  _args_main                     
00000ecd  _c_int00                       
2000000c  _lock                          
0000101f  _nop                           
00001017  _register_lock                 
00001011  _register_unlock               
00000d83  _system_post_cinit             
0000105b  _system_pre_init               
20000010  _unlock                        
00000f25  abort                          
ffffffff  binit                          
0000109c  compareConfig_PWM1             
000010ac  compareConfig_PWM2             
000010bc  compareConfig_PWM3             
000010cc  compareConfig_PWM4             
00000f75  copy_in                        
00000f2d  exit                           
20000028  i_term                         
000007b9  init_PWM_timers                
0000085f  init_adc                       
000005a3  init_clock                     
00000cc5  init_uart                      
00000000  interruptVectors               
20000014  last_error                     
00000411  main                           
20000018  main_func_sp                   
00000bdb  memcpy                         
00000d11  memset                         
0000071d  move_forward                   
0000074d  move_reverse                   
000005fd  my_itoa                        
00000423  pid_0                          
00000821  set_MOTOR_SPEED                
0000079f  speed_calc                     
0000077d  stop_motors                    
00001025  strlen                         
00000c79  tx_data                        
00001060  uartConfig                     
00001084  upDownConfig                   


GLOBAL SYMBOLS: SORTED BY Symbol Address 

address   name                           
-------   ----                           
00000000  __TI_static_base__             
00000000  interruptVectors               
000000e5  SystemCoreClockUpdate          
00000200  __STACK_SIZE                   
00000359  SystemInit                     
00000411  main                           
00000423  pid_0                          
000005a3  init_clock                     
000005fd  my_itoa                        
0000066b  TA0_N_IRQHandler               
0000066b  TA0_N_IRQHandler               
0000071d  move_forward                   
0000074d  move_reverse                   
0000077d  stop_motors                    
0000079f  speed_calc                     
000007b9  init_PWM_timers                
00000821  set_MOTOR_SPEED                
0000085f  init_adc                       
00000929  __aeabi_dsub                   
00000933  __aeabi_dadd                   
00000adf  __aeabi_dmul                   
00000bdb  __aeabi_memcpy                 
00000bdb  __aeabi_memcpy4                
00000bdb  __aeabi_memcpy8                
00000bdb  memcpy                         
00000c77  __mpu_init                     
00000c79  tx_data                        
00000cc5  init_uart                      
00000d09  __aeabi_memclr                 
00000d09  __aeabi_memclr4                
00000d09  __aeabi_memclr8                
00000d0b  __aeabi_memset                 
00000d0b  __aeabi_memset4                
00000d0b  __aeabi_memset8                
00000d11  memset                         
00000d83  _system_post_cinit             
00000d85  __TI_auto_init                 
00000df5  __aeabi_d2f                    
00000ecd  _c_int00                       
00000f21  C$$EXIT                        
00000f25  abort                          
00000f2d  exit                           
00000f75  copy_in                        
00000fc1  __aeabi_f2d                    
00000ff9  _args_main                     
00001011  _register_unlock               
00001017  _register_lock                 
0000101f  _nop                           
00001025  strlen                         
00001039  __TI_decompress_none           
00001047  Reset_Handler                  
00001053  ADC14_IRQHandler               
00001053  AES256_IRQHandler              
00001053  BusFault_Handler               
00001053  COMP_E0_IRQHandler             
00001053  COMP_E1_IRQHandler             
00001053  CS_IRQHandler                  
00001053  DMA_ERR_IRQHandler             
00001053  DMA_INT0_IRQHandler            
00001053  DMA_INT1_IRQHandler            
00001053  DMA_INT2_IRQHandler            
00001053  DMA_INT3_IRQHandler            
00001053  DebugMon_Handler               
00001053  Default_Handler                
00001053  EUSCIA0_IRQHandler             
00001053  EUSCIA1_IRQHandler             
00001053  EUSCIA2_IRQHandler             
00001053  EUSCIA3_IRQHandler             
00001053  EUSCIB0_IRQHandler             
00001053  EUSCIB1_IRQHandler             
00001053  EUSCIB2_IRQHandler             
00001053  EUSCIB3_IRQHandler             
00001053  FLCTL_IRQHandler               
00001053  FPU_IRQHandler                 
00001053  HardFault_Handler              
00001053  MemManage_Handler              
00001053  NMI_Handler                    
00001053  PCM_IRQHandler                 
00001053  PORT1_IRQHandler               
00001053  PORT2_IRQHandler               
00001053  PORT3_IRQHandler               
00001053  PORT4_IRQHandler               
00001053  PORT5_IRQHandler               
00001053  PORT6_IRQHandler               
00001053  PSS_IRQHandler                 
00001053  PendSV_Handler                 
00001053  RTC_C_IRQHandler               
00001053  SVC_Handler                    
00001053  SysTick_Handler                
00001053  T32_INT1_IRQHandler            
00001053  T32_INT2_IRQHandler            
00001053  T32_INTC_IRQHandler            
00001053  TA0_0_IRQHandler               
00001053  TA1_0_IRQHandler               
00001053  TA1_N_IRQHandler               
00001053  TA2_0_IRQHandler               
00001053  TA2_N_IRQHandler               
00001053  TA3_0_IRQHandler               
00001053  TA3_N_IRQHandler               
00001053  UsageFault_Handler             
00001053  WDT_A_IRQHandler               
00001055  __TI_decompress_rle24          
0000105b  _system_pre_init               
00001060  uartConfig                     
00001084  upDownConfig                   
0000109c  compareConfig_PWM1             
000010ac  compareConfig_PWM2             
000010bc  compareConfig_PWM3             
000010cc  compareConfig_PWM4             
0000110c  __TI_Handler_Table_Base        
00001114  __TI_CINIT_Base                
00001114  __TI_Handler_Table_Limit       
00001124  __TI_CINIT_Limit               
20000000  __TI_cleanup_ptr               
20000004  __TI_dtors_ptr                 
20000008  __TI_enable_exit_profile_output
2000000c  _lock                          
20000010  _unlock                        
20000014  last_error                     
20000018  main_func_sp                   
2000001c  SystemCoreClock                
20000028  i_term                         
2000fe00  __stack                        
20010000  __STACK_END                    
4000480c  WDTCTL_SYM                     
ffffffff  __TI_pprof_out_hndl            
ffffffff  __TI_prof_data_size            
ffffffff  __TI_prof_data_start           
ffffffff  __binit__                      
ffffffff  __c_args__                     
ffffffff  binit                          
UNDEFED   SHT$$INIT_ARRAY$$Base          
UNDEFED   SHT$$INIT_ARRAY$$Limit         

[133 symbols]
