******************************************************************************
                  TI ARM Linker PC v15.12.3                    
******************************************************************************
>> Linked Tue Nov 29 22:54:49 2016

OUTPUT FILE NAME:   <PI.out>
ENTRY POINT SYMBOL: "_c_int00"  address: 00002d61


MEMORY CONFIGURATION

         name            origin    length      used     unused   attr    fill
----------------------  --------  ---------  --------  --------  ----  --------
  MAIN                  00000000   00040000  00002fee  0003d012  R  X
  INFO                  00200000   00004000  00000000  00004000  R  X
  SRAM_CODE             01000000   00010000  00000258  0000fda8  RW X
  SRAM_DATA             20000000   00010000  00000258  0000fda8  RW  


SEGMENT ALLOCATION MAP

run origin  load origin   length   init length attrs members
----------  ----------- ---------- ----------- ----- -------
00000000    00000000    00002ff4   00002ff4    r-x
  00000000    00000000    000000e4   000000e4    r-- .intvecs
  000000e4    000000e4    00002e0e   00002e0e    r-x .text
  00002ef4    00002ef4    000000a0   000000a0    r-- .const
  00002f98    00002f98    0000005c   0000005c    r-- .cinit
20000000    20000000    00000058   00000000    rw-
  20000000    20000000    00000050   00000000    rw- .data
  20000050    20000050    00000008   00000000    rw- .bss
2000fe00    2000fe00    00000200   00000000    rw-
  2000fe00    2000fe00    00000200   00000000    rw- .stack


SECTION ALLOCATION MAP

 output                                  attributes/
section   page    origin      length       input sections
--------  ----  ----------  ----------   ----------------
.intvecs   0    00000000    000000e4     
                  00000000    000000e4     startup_msp432p401r_ccs.obj (.intvecs:retain)

.binit     0    00000000    00000000     

.text      0    000000e4    00002e0e     
                  000000e4    00000ce0     quaternionFilters.obj (.text)
                  00000dc4    00000804     main.obj (.text)
                  000015c8    00000410     rtsv7M4_T_le_v4SPD16_eabi.lib : e_asin.obj (.text)
                  000019d8    000003b4     mpu9250.obj (.text)
                  00001d8c    0000032c     system_msp432p401r.obj (.text)
                  000020b8    0000020c     motor_driver.obj (.text)
                  000022c4    000001c8     i2c.obj (.text)
                  0000248c    000001b6     rtsv7M4_T_le_v4SPD16_eabi.lib : fd_add_t2.obj (.text)
                  00002642    00000002                                   : mpu_init.obj (.text)
                  00002644    00000170                                   : e_sqrt.obj (.text)
                  000027b4    00000136                                   : fd_div_t2.obj (.text)
                  000028ea    000000fc                                   : fd_mul_t2.obj (.text)
                  000029e6    0000009c                                   : memcpy_t2.obj (.text)
                  00002a82    00000002                                   : startup.obj (.text)
                  00002a84    00000094     msp_uart.obj (.text)
                  00002b18    00000086     rtsv7M4_T_le_v4SPD16_eabi.lib : fd_cmp_t2.obj (.text:__aeabi_cdrcmple)
                  00002b9e    0000007a                                   : memset_t2.obj (.text)
                  00002c18    00000070                                   : autoinit.obj (.text)
                  00002c88    0000006e                                   : fd_tos_t2.obj (.text)
                  00002cf6    0000006a                                   : copy_decompress_rle.obj (.text)
                  00002d60    00000054                                   : boot.obj (.text)
                  00002db4    00000054                                   : exit.obj (.text)
                  00002e08    0000004c                                   : cpy_tbl.obj (.text)
                  00002e54    00000038                                   : fs_tod_t2.obj (.text)
                  00002e8c    00000018                                   : args_main.obj (.text)
                  00002ea4    00000014                                   : _lock.obj (.text)
                  00002eb8    00000014                                   : strlen.obj (.text)
                  00002ecc    0000000e                                   : copy_decompress_none.obj (.text:decompress:none)
                  00002eda    0000000e     startup_msp432p401r_ccs.obj (.text)
                  00002ee8    00000006     rtsv7M4_T_le_v4SPD16_eabi.lib : copy_decompress_rle.obj (.text:decompress:rle24)
                  00002eee    00000004                                   : pre_init.obj (.text)

.const     0    00002ef4    000000a0     
                  00002ef4    00000024     msp_uart.obj (.const:uartConfig)
                  00002f18    00000018     motor_driver.obj (.const:upDownConfig)
                  00002f30    00000014     i2c.obj (.const:i2cConfig)
                  00002f44    00000010     motor_driver.obj (.const:compareConfig_PWM1)
                  00002f54    00000010     motor_driver.obj (.const:compareConfig_PWM2)
                  00002f64    00000010     motor_driver.obj (.const:compareConfig_PWM3)
                  00002f74    00000010     motor_driver.obj (.const:compareConfig_PWM4)
                  00002f84    00000010     main.obj (.const:continuousModeConfig)

.cinit     0    00002f98    0000005c     
                  00002f98    00000035     (.cinit..data.load) [load image, compression = rle]
                  00002fcd    00000003     --HOLE-- [fill = 0]
                  00002fd0    00000009     (.cinit..bss.load) [load image, compression = rle]
                  00002fd9    00000003     --HOLE-- [fill = 0]
                  00002fdc    00000008     (__TI_handler_table)
                  00002fe4    00000010     (__TI_cinit_table)

.init_array 
*          0    00000000    00000000     UNINITIALIZED

.data      0    20000000    00000050     UNINITIALIZED
                  20000000    00000018     main.obj (.data)
                  20000018    00000010     quaternionFilters.obj (.data:q)
                  20000028    0000000c     rtsv7M4_T_le_v4SPD16_eabi.lib : exit.obj (.data:$O1$$)
                  20000034    00000008                                   : _lock.obj (.data:$O1$$)
                  2000003c    00000008     quaternionFilters.obj (.data)
                  20000044    00000004     rtsv7M4_T_le_v4SPD16_eabi.lib : errno.obj (.data)
                  20000048    00000004                                   : stkdepth_vars.obj (.data)
                  2000004c    00000004     system_msp432p401r.obj (.data)

.bss       0    20000050    00000008     UNINITIALIZED
                  20000050    00000004     (.common:d_term)
                  20000054    00000004     (.common:i_term)

.stack     0    2000fe00    00000200     UNINITIALIZED
                  2000fe00    00000200     --HOLE--

MODULE SUMMARY

       Module                        code    ro data   rw data
       ------                        ----    -------   -------
    .\
       quaternionFilters.obj         3296    0         48     
       main.obj                      2052    16        64     
       mpu9250.obj                   948     0         0      
       system_msp432p401r.obj        812     0         8      
       motor_driver.obj              524     88        0      
       i2c.obj                       456     20        0      
       startup_msp432p401r_ccs.obj   14      228       0      
       msp_uart.obj                  148     36        0      
    +--+-----------------------------+-------+---------+---------+
       Total:                        8250    388       120    
                                                              
    C:\ti\ccsv6\tools\compiler\arm_15.12.3.LTS\lib\rtsv7M4_T_le_v4SPD16_eabi.lib
       e_asin.obj                    1040    0         0      
       fd_add_t2.obj                 438     0         0      
       e_sqrt.obj                    368     0         0      
       fd_div_t2.obj                 310     0         0      
       fd_mul_t2.obj                 252     0         0      
       memcpy_t2.obj                 156     0         0      
       fd_cmp_t2.obj                 134     0         0      
       memset_t2.obj                 122     0         0      
       autoinit.obj                  112     0         0      
       copy_decompress_rle.obj       112     0         0      
       fd_tos_t2.obj                 110     0         0      
       exit.obj                      84      0         24     
       boot.obj                      84      0         0      
       cpy_tbl.obj                   76      0         0      
       fs_tod_t2.obj                 56      0         0      
       _lock.obj                     20      0         16     
       args_main.obj                 24      0         0      
       strlen.obj                    20      0         0      
       copy_decompress_none.obj      14      0         0      
       errno.obj                     0       0         8      
       stkdepth_vars.obj             0       0         8      
       pre_init.obj                  4       0         0      
       mpu_init.obj                  2       0         0      
       startup.obj                   2       0         0      
    +--+-----------------------------+-------+---------+---------+
       Total:                        3540    0         56     
                                                              
       Stack:                        0       0         1024   
       Linker Generated:             0       86        0      
    +--+-----------------------------+-------+---------+---------+
       Grand Total:                  11790   474       1200   


LINKER GENERATED COPY TABLES

__TI_cinit_table @ 00002fe4 records: 2, size/record: 8, table size: 16
	.data: load addr=00002f98, load size=00000035 bytes, run addr=20000000, run size=00000050 bytes, compression=rle
	.bss: load addr=00002fd0, load size=00000009 bytes, run addr=20000050, run size=00000008 bytes, compression=rle


LINKER GENERATED HANDLER TABLE

__TI_handler_table @ 00002fdc records: 2, size/record: 4, table size: 8
	index: 0, handler: __TI_decompress_rle24
	index: 1, handler: __TI_decompress_none


GLOBAL SYMBOLS: SORTED ALPHABETICALLY BY Name 

address   name                           
-------   ----                           
00002ee7  ADC14_IRQHandler               
00002ee7  AES256_IRQHandler              
00002ee7  BusFault_Handler               
00002db5  C$$EXIT                        
00002ee7  COMP_E0_IRQHandler             
00002ee7  COMP_E1_IRQHandler             
00002ee7  CS_IRQHandler                  
00002ee7  DMA_ERR_IRQHandler             
00002ee7  DMA_INT0_IRQHandler            
00002ee7  DMA_INT1_IRQHandler            
00002ee7  DMA_INT2_IRQHandler            
00002ee7  DMA_INT3_IRQHandler            
00002ee7  DebugMon_Handler               
00002ee7  Default_Handler                
00002ee7  EUSCIA0_IRQHandler             
00002ee7  EUSCIA1_IRQHandler             
00002ee7  EUSCIA2_IRQHandler             
00002ee7  EUSCIA3_IRQHandler             
00002ee7  EUSCIB0_IRQHandler             
00002ee7  EUSCIB1_IRQHandler             
00002ee7  EUSCIB2_IRQHandler             
00002ee7  EUSCIB3_IRQHandler             
00002ee7  FLCTL_IRQHandler               
00002ee7  FPU_IRQHandler                 
00002ee7  HardFault_Handler              
000000e5  MadgwickQuaternionUpdate       
00002ee7  MemManage_Handler              
00002ee7  NMI_Handler                    
00002ee7  PCM_IRQHandler                 
00002ee7  PORT1_IRQHandler               
00002ee7  PORT2_IRQHandler               
00002ee7  PORT3_IRQHandler               
00002ee7  PORT4_IRQHandler               
00002ee7  PORT5_IRQHandler               
00002ee7  PORT6_IRQHandler               
00002ee7  PSS_IRQHandler                 
00002ee7  PendSV_Handler                 
00002ee7  RTC_C_IRQHandler               
00002edb  Reset_Handler                  
UNDEFED   SHT$$INIT_ARRAY$$Base          
UNDEFED   SHT$$INIT_ARRAY$$Limit         
00002ee7  SVC_Handler                    
00002ee7  SysTick_Handler                
2000004c  SystemCoreClock                
00001d8d  SystemCoreClockUpdate          
00002001  SystemInit                     
00002ee7  T32_INT1_IRQHandler            
00002ee7  T32_INT2_IRQHandler            
00002ee7  T32_INTC_IRQHandler            
00002ee7  TA0_0_IRQHandler               
00002ee7  TA0_N_IRQHandler               
00002ee7  TA1_0_IRQHandler               
00002ee7  TA1_N_IRQHandler               
00002ee7  TA2_0_IRQHandler               
00002ee7  TA2_N_IRQHandler               
00002ee7  TA3_0_IRQHandler               
00002ee7  TA3_N_IRQHandler               
00002ee7  UsageFault_Handler             
4000480c  WDTCTL_SYM                     
00002ee7  WDT_A_IRQHandler               
20010000  __STACK_END                    
00000200  __STACK_SIZE                   
00002fe4  __TI_CINIT_Base                
00002ff4  __TI_CINIT_Limit               
00002fdc  __TI_Handler_Table_Base        
00002fe4  __TI_Handler_Table_Limit       
00002c19  __TI_auto_init                 
20000028  __TI_cleanup_ptr               
00002ecd  __TI_decompress_none           
00002ee9  __TI_decompress_rle24          
2000002c  __TI_dtors_ptr                 
20000030  __TI_enable_exit_profile_output
ffffffff  __TI_pprof_out_hndl            
ffffffff  __TI_prof_data_size            
ffffffff  __TI_prof_data_start           
00000000  __TI_static_base__             
00002b19  __aeabi_cdrcmple               
00002c89  __aeabi_d2f                    
00002497  __aeabi_dadd                   
000027b5  __aeabi_ddiv                   
000028eb  __aeabi_dmul                   
0000248d  __aeabi_dsub                   
00002e55  __aeabi_f2d                    
00002b9f  __aeabi_memclr                 
00002b9f  __aeabi_memclr4                
00002b9f  __aeabi_memclr8                
000029e7  __aeabi_memcpy                 
000029e7  __aeabi_memcpy4                
000029e7  __aeabi_memcpy8                
00002ba1  __aeabi_memset                 
00002ba1  __aeabi_memset4                
00002ba1  __aeabi_memset8                
ffffffff  __binit__                      
ffffffff  __c_args__                     
00002643  __mpu_init                     
2000fe00  __stack                        
00002e8d  _args_main                     
00002d61  _c_int00                       
20000034  _lock                          
00002eb3  _nop                           
00002eab  _register_lock                 
00002ea5  _register_unlock               
00002a83  _system_post_cinit             
00002eef  _system_pre_init               
20000038  _unlock                        
00002db9  abort                          
000015c9  asin                           
000015c9  asinl                          
ffffffff  binit                          
00002f44  compareConfig_PWM1             
00002f54  compareConfig_PWM2             
00002f64  compareConfig_PWM3             
00002f74  compareConfig_PWM4             
00002f84  continuousModeConfig           
00002e09  copy_in                        
20000050  d_term                         
20000044  errno                          
00002dc1  exit                           
00001a6d  getAres                        
00001a2b  getGres                        
00001a01  getMres                        
00000db1  getQ                           
0000142d  get_pitch                      
00002f30  i2cConfig                      
20000054  i_term                         
00002155  init_PWM_timers                
000021fb  init_adc                       
0000155d  init_all                       
00001149  init_clock                     
0000240b  init_i2c                       
00001c6f  init_offsets                   
000019d9  init_struct                    
00002acd  init_uart                      
00000000  interruptVectors               
20000008  kd                             
20000004  ki                             
20000000  kp                             
2000000c  kptr                           
20000010  last_error                     
00000dc5  main                           
20000048  main_func_sp                   
000029e7  memcpy                         
00002ba7  memset                         
000020b9  move_forward                   
000020e9  move_reverse                   
000011bd  my_itoa                        
00000fa5  pid                            
00001aaf  readAccelData                  
00001b5f  readGyroData                   
00001c0f  readMagData                    
000022c5  read_i2c                       
0000235b  read_multibyte_i2c             
00001af1  setAccelData                   
00001ba1  setGyroData                    
00001c51  setMagData                     
000021bd  set_MOTOR_SPEED                
20000014  setpoint                       
0000213b  speed_calc                     
00002645  sqrt                           
00002645  sqrtl                          
000012cd  stabilize_imu                  
00002119  stop_motors                    
00002eb9  strlen                         
00002ab5  tx_char                        
00002a85  tx_data                        
00002ef4  uartConfig                     
00002f18  upDownConfig                   
00001cbd  updateTime                     
000023a3  write_i2c                      


GLOBAL SYMBOLS: SORTED BY Symbol Address 

address   name                           
-------   ----                           
00000000  __TI_static_base__             
00000000  interruptVectors               
000000e5  MadgwickQuaternionUpdate       
00000200  __STACK_SIZE                   
00000db1  getQ                           
00000dc5  main                           
00000fa5  pid                            
00001149  init_clock                     
000011bd  my_itoa                        
000012cd  stabilize_imu                  
0000142d  get_pitch                      
0000155d  init_all                       
000015c9  asin                           
000015c9  asinl                          
000019d9  init_struct                    
00001a01  getMres                        
00001a2b  getGres                        
00001a6d  getAres                        
00001aaf  readAccelData                  
00001af1  setAccelData                   
00001b5f  readGyroData                   
00001ba1  setGyroData                    
00001c0f  readMagData                    
00001c51  setMagData                     
00001c6f  init_offsets                   
00001cbd  updateTime                     
00001d8d  SystemCoreClockUpdate          
00002001  SystemInit                     
000020b9  move_forward                   
000020e9  move_reverse                   
00002119  stop_motors                    
0000213b  speed_calc                     
00002155  init_PWM_timers                
000021bd  set_MOTOR_SPEED                
000021fb  init_adc                       
000022c5  read_i2c                       
0000235b  read_multibyte_i2c             
000023a3  write_i2c                      
0000240b  init_i2c                       
0000248d  __aeabi_dsub                   
00002497  __aeabi_dadd                   
00002643  __mpu_init                     
00002645  sqrt                           
00002645  sqrtl                          
000027b5  __aeabi_ddiv                   
000028eb  __aeabi_dmul                   
000029e7  __aeabi_memcpy                 
000029e7  __aeabi_memcpy4                
000029e7  __aeabi_memcpy8                
000029e7  memcpy                         
00002a83  _system_post_cinit             
00002a85  tx_data                        
00002ab5  tx_char                        
00002acd  init_uart                      
00002b19  __aeabi_cdrcmple               
00002b9f  __aeabi_memclr                 
00002b9f  __aeabi_memclr4                
00002b9f  __aeabi_memclr8                
00002ba1  __aeabi_memset                 
00002ba1  __aeabi_memset4                
00002ba1  __aeabi_memset8                
00002ba7  memset                         
00002c19  __TI_auto_init                 
00002c89  __aeabi_d2f                    
00002d61  _c_int00                       
00002db5  C$$EXIT                        
00002db9  abort                          
00002dc1  exit                           
00002e09  copy_in                        
00002e55  __aeabi_f2d                    
00002e8d  _args_main                     
00002ea5  _register_unlock               
00002eab  _register_lock                 
00002eb3  _nop                           
00002eb9  strlen                         
00002ecd  __TI_decompress_none           
00002edb  Reset_Handler                  
00002ee7  ADC14_IRQHandler               
00002ee7  AES256_IRQHandler              
00002ee7  BusFault_Handler               
00002ee7  COMP_E0_IRQHandler             
00002ee7  COMP_E1_IRQHandler             
00002ee7  CS_IRQHandler                  
00002ee7  DMA_ERR_IRQHandler             
00002ee7  DMA_INT0_IRQHandler            
00002ee7  DMA_INT1_IRQHandler            
00002ee7  DMA_INT2_IRQHandler            
00002ee7  DMA_INT3_IRQHandler            
00002ee7  DebugMon_Handler               
00002ee7  Default_Handler                
00002ee7  EUSCIA0_IRQHandler             
00002ee7  EUSCIA1_IRQHandler             
00002ee7  EUSCIA2_IRQHandler             
00002ee7  EUSCIA3_IRQHandler             
00002ee7  EUSCIB0_IRQHandler             
00002ee7  EUSCIB1_IRQHandler             
00002ee7  EUSCIB2_IRQHandler             
00002ee7  EUSCIB3_IRQHandler             
00002ee7  FLCTL_IRQHandler               
00002ee7  FPU_IRQHandler                 
00002ee7  HardFault_Handler              
00002ee7  MemManage_Handler              
00002ee7  NMI_Handler                    
00002ee7  PCM_IRQHandler                 
00002ee7  PORT1_IRQHandler               
00002ee7  PORT2_IRQHandler               
00002ee7  PORT3_IRQHandler               
00002ee7  PORT4_IRQHandler               
00002ee7  PORT5_IRQHandler               
00002ee7  PORT6_IRQHandler               
00002ee7  PSS_IRQHandler                 
00002ee7  PendSV_Handler                 
00002ee7  RTC_C_IRQHandler               
00002ee7  SVC_Handler                    
00002ee7  SysTick_Handler                
00002ee7  T32_INT1_IRQHandler            
00002ee7  T32_INT2_IRQHandler            
00002ee7  T32_INTC_IRQHandler            
00002ee7  TA0_0_IRQHandler               
00002ee7  TA0_N_IRQHandler               
00002ee7  TA1_0_IRQHandler               
00002ee7  TA1_N_IRQHandler               
00002ee7  TA2_0_IRQHandler               
00002ee7  TA2_N_IRQHandler               
00002ee7  TA3_0_IRQHandler               
00002ee7  TA3_N_IRQHandler               
00002ee7  UsageFault_Handler             
00002ee7  WDT_A_IRQHandler               
00002ee9  __TI_decompress_rle24          
00002eef  _system_pre_init               
00002ef4  uartConfig                     
00002f18  upDownConfig                   
00002f30  i2cConfig                      
00002f44  compareConfig_PWM1             
00002f54  compareConfig_PWM2             
00002f64  compareConfig_PWM3             
00002f74  compareConfig_PWM4             
00002f84  continuousModeConfig           
00002fdc  __TI_Handler_Table_Base        
00002fe4  __TI_CINIT_Base                
00002fe4  __TI_Handler_Table_Limit       
00002ff4  __TI_CINIT_Limit               
20000000  kp                             
20000004  ki                             
20000008  kd                             
2000000c  kptr                           
20000010  last_error                     
20000014  setpoint                       
20000028  __TI_cleanup_ptr               
2000002c  __TI_dtors_ptr                 
20000030  __TI_enable_exit_profile_output
20000034  _lock                          
20000038  _unlock                        
20000044  errno                          
20000048  main_func_sp                   
2000004c  SystemCoreClock                
20000050  d_term                         
20000054  i_term                         
2000fe00  __stack                        
20010000  __STACK_END                    
4000480c  WDTCTL_SYM                     
ffffffff  __TI_pprof_out_hndl            
ffffffff  __TI_prof_data_size            
ffffffff  __TI_prof_data_start           
ffffffff  __binit__                      
ffffffff  __c_args__                     
ffffffff  binit                          
UNDEFED   SHT$$INIT_ARRAY$$Base          
UNDEFED   SHT$$INIT_ARRAY$$Limit         

[169 symbols]
