******************************************************************************
                  TI ARM Linker PC v15.12.3                    
******************************************************************************
>> Linked Wed Nov 30 17:09:08 2016

OUTPUT FILE NAME:   <PI.out>
ENTRY POINT SYMBOL: "_c_int00"  address: 00002cd5


MEMORY CONFIGURATION

         name            origin    length      used     unused   attr    fill
----------------------  --------  ---------  --------  --------  ----  --------
  MAIN                  00000000   00040000  00002f62  0003d09e  R  X
  INFO                  00200000   00004000  00000000  00004000  R  X
  SRAM_CODE             01000000   00010000  00000258  0000fda8  RW X
  SRAM_DATA             20000000   00010000  00000258  0000fda8  RW  


SEGMENT ALLOCATION MAP

run origin  load origin   length   init length attrs members
----------  ----------- ---------- ----------- ----- -------
00000000    00000000    00002f64   00002f64    r-x
  00000000    00000000    000000e4   000000e4    r-- .intvecs
  000000e4    000000e4    00002d82   00002d82    r-x .text
  00002e68    00002e68    000000a0   000000a0    r-- .const
  00002f08    00002f08    0000005c   0000005c    r-- .cinit
20000000    20000000    00000058   00000000    rw-
  20000000    20000000    00000050   00000000    rw- .data
  20000050    20000050    00000008   00000000    rw- .bss
2000fe00    2000fe00    00000200   00000000    rw-
  2000fe00    2000fe00    00000200   00000000    rw- .stack


SECTION ALLOCATION MAP

 output                                  attributes/
section   page    origin      length       input sections
--------  ----  ----------  ----------   ----------------
.intvecs   0    00000000    000000e4     
                  00000000    000000e4     startup_msp432p401r_ccs.obj (.intvecs:retain)

.binit     0    00000000    00000000     

.text      0    000000e4    00002d82     
                  000000e4    00000ce0     quaternionFilters.obj (.text)
                  00000dc4    000006fc     main.obj (.text)
                  000014c0    00000410     rtsv7M4_T_le_v4SPD16_eabi.lib : e_asin.obj (.text)
                  000018d0    000003b4     mpu9250.obj (.text)
                  00001c84    0000032c     system_msp432p401r.obj (.text)
                  00001fb0    00000288     motor_driver.obj (.text)
                  00002238    000001c8     i2c.obj (.text)
                  00002400    000001b6     rtsv7M4_T_le_v4SPD16_eabi.lib : fd_add_t2.obj (.text)
                  000025b6    00000002                                   : mpu_init.obj (.text)
                  000025b8    00000170                                   : e_sqrt.obj (.text)
                  00002728    00000136                                   : fd_div_t2.obj (.text)
                  0000285e    000000fc                                   : fd_mul_t2.obj (.text)
                  0000295a    0000009c                                   : memcpy_t2.obj (.text)
                  000029f6    00000002                                   : startup.obj (.text)
                  000029f8    00000094     msp_uart.obj (.text)
                  00002a8c    00000086     rtsv7M4_T_le_v4SPD16_eabi.lib : fd_cmp_t2.obj (.text:__aeabi_cdrcmple)
                  00002b12    0000007a                                   : memset_t2.obj (.text)
                  00002b8c    00000070                                   : autoinit.obj (.text)
                  00002bfc    0000006e                                   : fd_tos_t2.obj (.text)
                  00002c6a    0000006a                                   : copy_decompress_rle.obj (.text)
                  00002cd4    00000054                                   : boot.obj (.text)
                  00002d28    00000054                                   : exit.obj (.text)
                  00002d7c    0000004c                                   : cpy_tbl.obj (.text)
                  00002dc8    00000038                                   : fs_tod_t2.obj (.text)
                  00002e00    00000018                                   : args_main.obj (.text)
                  00002e18    00000014                                   : _lock.obj (.text)
                  00002e2c    00000014                                   : strlen.obj (.text)
                  00002e40    0000000e                                   : copy_decompress_none.obj (.text:decompress:none)
                  00002e4e    0000000e     startup_msp432p401r_ccs.obj (.text)
                  00002e5c    00000006     rtsv7M4_T_le_v4SPD16_eabi.lib : copy_decompress_rle.obj (.text:decompress:rle24)
                  00002e62    00000004                                   : pre_init.obj (.text)

.const     0    00002e68    000000a0     
                  00002e68    00000024     msp_uart.obj (.const:uartConfig)
                  00002e8c    00000018     motor_driver.obj (.const:upDownConfig)
                  00002ea4    00000014     i2c.obj (.const:i2cConfig)
                  00002eb8    00000010     motor_driver.obj (.const:compareConfig_PWM1)
                  00002ec8    00000010     motor_driver.obj (.const:compareConfig_PWM2)
                  00002ed8    00000010     motor_driver.obj (.const:compareConfig_PWM3)
                  00002ee8    00000010     motor_driver.obj (.const:compareConfig_PWM4)
                  00002ef8    00000010     main.obj (.const:continuousModeConfig)

.cinit     0    00002f08    0000005c     
                  00002f08    00000035     (.cinit..data.load) [load image, compression = rle]
                  00002f3d    00000003     --HOLE-- [fill = 0]
                  00002f40    00000009     (.cinit..bss.load) [load image, compression = rle]
                  00002f49    00000003     --HOLE-- [fill = 0]
                  00002f4c    00000008     (__TI_handler_table)
                  00002f54    00000010     (__TI_cinit_table)

.init_array 
*          0    00000000    00000000     UNINITIALIZED

.data      0    20000000    00000050     UNINITIALIZED
                  20000000    00000015     main.obj (.data)
                  20000015    00000003     --HOLE--
                  20000018    00000010     quaternionFilters.obj (.data:q)
                  20000028    0000000c     rtsv7M4_T_le_v4SPD16_eabi.lib : exit.obj (.data:$O1$$)
                  20000034    00000008                                   : _lock.obj (.data:$O1$$)
                  2000003c    00000008     quaternionFilters.obj (.data)
                  20000044    00000004     rtsv7M4_T_le_v4SPD16_eabi.lib : errno.obj (.data)
                  20000048    00000004                                   : stkdepth_vars.obj (.data)
                  2000004c    00000004     system_msp432p401r.obj (.data)

.bss       0    20000050    00000008     UNINITIALIZED
                  20000050    00000004     (.common:d_term)
                  20000054    00000004     (.common:i_term)

.stack     0    2000fe00    00000200     UNINITIALIZED
                  2000fe00    00000200     --HOLE--

MODULE SUMMARY

       Module                        code    ro data   rw data
       ------                        ----    -------   -------
    .\
       quaternionFilters.obj         3296    0         48     
       main.obj                      1788    16        58     
       mpu9250.obj                   948     0         0      
       system_msp432p401r.obj        812     0         8      
       motor_driver.obj              648     88        0      
       i2c.obj                       456     20        0      
       startup_msp432p401r_ccs.obj   14      228       0      
       msp_uart.obj                  148     36        0      
    +--+-----------------------------+-------+---------+---------+
       Total:                        8110    388       114    
                                                              
    C:\ti\ccsv6\tools\compiler\arm_15.12.3.LTS\lib\rtsv7M4_T_le_v4SPD16_eabi.lib
       e_asin.obj                    1040    0         0      
       fd_add_t2.obj                 438     0         0      
       e_sqrt.obj                    368     0         0      
       fd_div_t2.obj                 310     0         0      
       fd_mul_t2.obj                 252     0         0      
       memcpy_t2.obj                 156     0         0      
       fd_cmp_t2.obj                 134     0         0      
       memset_t2.obj                 122     0         0      
       autoinit.obj                  112     0         0      
       copy_decompress_rle.obj       112     0         0      
       fd_tos_t2.obj                 110     0         0      
       exit.obj                      84      0         24     
       boot.obj                      84      0         0      
       cpy_tbl.obj                   76      0         0      
       fs_tod_t2.obj                 56      0         0      
       _lock.obj                     20      0         16     
       args_main.obj                 24      0         0      
       strlen.obj                    20      0         0      
       copy_decompress_none.obj      14      0         0      
       errno.obj                     0       0         8      
       stkdepth_vars.obj             0       0         8      
       pre_init.obj                  4       0         0      
       mpu_init.obj                  2       0         0      
       startup.obj                   2       0         0      
    +--+-----------------------------+-------+---------+---------+
       Total:                        3540    0         56     
                                                              
       Stack:                        0       0         1024   
       Linker Generated:             0       86        0      
    +--+-----------------------------+-------+---------+---------+
       Grand Total:                  11650   474       1194   


LINKER GENERATED COPY TABLES

__TI_cinit_table @ 00002f54 records: 2, size/record: 8, table size: 16
	.data: load addr=00002f08, load size=00000035 bytes, run addr=20000000, run size=00000050 bytes, compression=rle
	.bss: load addr=00002f40, load size=00000009 bytes, run addr=20000050, run size=00000008 bytes, compression=rle


LINKER GENERATED HANDLER TABLE

__TI_handler_table @ 00002f4c records: 2, size/record: 4, table size: 8
	index: 0, handler: __TI_decompress_rle24
	index: 1, handler: __TI_decompress_none


GLOBAL SYMBOLS: SORTED ALPHABETICALLY BY Name 

address   name                           
-------   ----                           
00002e5b  ADC14_IRQHandler               
00002e5b  AES256_IRQHandler              
00002e5b  BusFault_Handler               
00002d29  C$$EXIT                        
00002e5b  COMP_E0_IRQHandler             
00002e5b  COMP_E1_IRQHandler             
00002e5b  CS_IRQHandler                  
00002e5b  DMA_ERR_IRQHandler             
00002e5b  DMA_INT0_IRQHandler            
00002e5b  DMA_INT1_IRQHandler            
00002e5b  DMA_INT2_IRQHandler            
00002e5b  DMA_INT3_IRQHandler            
00002e5b  DebugMon_Handler               
00002e5b  Default_Handler                
00002e5b  EUSCIA0_IRQHandler             
00002e5b  EUSCIA1_IRQHandler             
00002e5b  EUSCIA2_IRQHandler             
00002e5b  EUSCIA3_IRQHandler             
00002e5b  EUSCIB0_IRQHandler             
00002e5b  EUSCIB1_IRQHandler             
00002e5b  EUSCIB2_IRQHandler             
00002e5b  EUSCIB3_IRQHandler             
00002e5b  FLCTL_IRQHandler               
00002e5b  FPU_IRQHandler                 
00002e5b  HardFault_Handler              
000000e5  MadgwickQuaternionUpdate       
00002e5b  MemManage_Handler              
00002e5b  NMI_Handler                    
00002e5b  PCM_IRQHandler                 
00002e5b  PORT1_IRQHandler               
00002e5b  PORT2_IRQHandler               
00002e5b  PORT3_IRQHandler               
00002e5b  PORT4_IRQHandler               
00002e5b  PORT5_IRQHandler               
00002e5b  PORT6_IRQHandler               
00002e5b  PSS_IRQHandler                 
00002e5b  PendSV_Handler                 
00002e5b  RTC_C_IRQHandler               
00002e4f  Reset_Handler                  
UNDEFED   SHT$$INIT_ARRAY$$Base          
UNDEFED   SHT$$INIT_ARRAY$$Limit         
00002e5b  SVC_Handler                    
00002e5b  SysTick_Handler                
2000004c  SystemCoreClock                
00001c85  SystemCoreClockUpdate          
00001ef9  SystemInit                     
00002e5b  T32_INT1_IRQHandler            
00002e5b  T32_INT2_IRQHandler            
00002e5b  T32_INTC_IRQHandler            
00002e5b  TA0_0_IRQHandler               
00002e5b  TA0_N_IRQHandler               
00002e5b  TA1_0_IRQHandler               
00002e5b  TA1_N_IRQHandler               
00002e5b  TA2_0_IRQHandler               
00002e5b  TA2_N_IRQHandler               
00002e5b  TA3_0_IRQHandler               
00002e5b  TA3_N_IRQHandler               
00002e5b  UsageFault_Handler             
4000480c  WDTCTL_SYM                     
00002e5b  WDT_A_IRQHandler               
20010000  __STACK_END                    
00000200  __STACK_SIZE                   
00002f54  __TI_CINIT_Base                
00002f64  __TI_CINIT_Limit               
00002f4c  __TI_Handler_Table_Base        
00002f54  __TI_Handler_Table_Limit       
00002b8d  __TI_auto_init                 
20000028  __TI_cleanup_ptr               
00002e41  __TI_decompress_none           
00002e5d  __TI_decompress_rle24          
2000002c  __TI_dtors_ptr                 
20000030  __TI_enable_exit_profile_output
ffffffff  __TI_pprof_out_hndl            
ffffffff  __TI_prof_data_size            
ffffffff  __TI_prof_data_start           
00000000  __TI_static_base__             
00002a8d  __aeabi_cdrcmple               
00002bfd  __aeabi_d2f                    
0000240b  __aeabi_dadd                   
00002729  __aeabi_ddiv                   
0000285f  __aeabi_dmul                   
00002401  __aeabi_dsub                   
00002dc9  __aeabi_f2d                    
00002b13  __aeabi_memclr                 
00002b13  __aeabi_memclr4                
00002b13  __aeabi_memclr8                
0000295b  __aeabi_memcpy                 
0000295b  __aeabi_memcpy4                
0000295b  __aeabi_memcpy8                
00002b15  __aeabi_memset                 
00002b15  __aeabi_memset4                
00002b15  __aeabi_memset8                
ffffffff  __binit__                      
ffffffff  __c_args__                     
000025b7  __mpu_init                     
2000fe00  __stack                        
00002e01  _args_main                     
00002cd5  _c_int00                       
20000034  _lock                          
00002e27  _nop                           
00002e1f  _register_lock                 
00002e19  _register_unlock               
000029f7  _system_post_cinit             
00002e63  _system_pre_init               
20000038  _unlock                        
00002d2d  abort                          
000014c1  asin                           
000014c1  asinl                          
ffffffff  binit                          
00002eb8  compareConfig_PWM1             
00002ec8  compareConfig_PWM2             
00002ed8  compareConfig_PWM3             
00002ee8  compareConfig_PWM4             
00002ef8  continuousModeConfig           
00002d7d  copy_in                        
20000050  d_term                         
20000014  direction                      
20000044  errno                          
00002d35  exit                           
00001965  getAres                        
00001923  getGres                        
000018f9  getMres                        
00000db1  getQ                           
00001325  get_pitch                      
00002ea4  i2cConfig                      
20000054  i_term                         
000020c9  init_PWM_timers                
0000216f  init_adc                       
00001455  init_all                       
00001035  init_clock                     
0000237f  init_i2c                       
00001b67  init_offsets                   
000018d1  init_struct                    
00002a41  init_uart                      
00000000  interruptVectors               
20000008  kd                             
20000004  ki                             
20000000  kp                             
2000000c  last_error                     
00000dc5  main                           
20000048  main_func_sp                   
0000295b  memcpy                         
00002b1b  memset                         
00001fb1  move_forward                   
00002059  move_reverse                   
000010a9  my_itoa                        
00000eab  pid                            
000019a7  readAccelData                  
00001a57  readGyroData                   
00001b07  readMagData                    
00002239  read_i2c                       
000022cf  read_multibyte_i2c             
000019e9  setAccelData                   
00001a99  setGyroData                    
00001b49  setMagData                     
00002131  set_MOTOR_SPEED                
20000010  setpoint                       
000020af  speed_calc                     
000025b9  sqrt                           
000025b9  sqrtl                          
000011c9  stabilize_imu                  
0000208d  stop_motors                    
00002e2d  strlen                         
00002a29  tx_char                        
000029f9  tx_data                        
00002e68  uartConfig                     
00002e8c  upDownConfig                   
00001bb5  updateTime                     
00002317  write_i2c                      


GLOBAL SYMBOLS: SORTED BY Symbol Address 

address   name                           
-------   ----                           
00000000  __TI_static_base__             
00000000  interruptVectors               
000000e5  MadgwickQuaternionUpdate       
00000200  __STACK_SIZE                   
00000db1  getQ                           
00000dc5  main                           
00000eab  pid                            
00001035  init_clock                     
000010a9  my_itoa                        
000011c9  stabilize_imu                  
00001325  get_pitch                      
00001455  init_all                       
000014c1  asin                           
000014c1  asinl                          
000018d1  init_struct                    
000018f9  getMres                        
00001923  getGres                        
00001965  getAres                        
000019a7  readAccelData                  
000019e9  setAccelData                   
00001a57  readGyroData                   
00001a99  setGyroData                    
00001b07  readMagData                    
00001b49  setMagData                     
00001b67  init_offsets                   
00001bb5  updateTime                     
00001c85  SystemCoreClockUpdate          
00001ef9  SystemInit                     
00001fb1  move_forward                   
00002059  move_reverse                   
0000208d  stop_motors                    
000020af  speed_calc                     
000020c9  init_PWM_timers                
00002131  set_MOTOR_SPEED                
0000216f  init_adc                       
00002239  read_i2c                       
000022cf  read_multibyte_i2c             
00002317  write_i2c                      
0000237f  init_i2c                       
00002401  __aeabi_dsub                   
0000240b  __aeabi_dadd                   
000025b7  __mpu_init                     
000025b9  sqrt                           
000025b9  sqrtl                          
00002729  __aeabi_ddiv                   
0000285f  __aeabi_dmul                   
0000295b  __aeabi_memcpy                 
0000295b  __aeabi_memcpy4                
0000295b  __aeabi_memcpy8                
0000295b  memcpy                         
000029f7  _system_post_cinit             
000029f9  tx_data                        
00002a29  tx_char                        
00002a41  init_uart                      
00002a8d  __aeabi_cdrcmple               
00002b13  __aeabi_memclr                 
00002b13  __aeabi_memclr4                
00002b13  __aeabi_memclr8                
00002b15  __aeabi_memset                 
00002b15  __aeabi_memset4                
00002b15  __aeabi_memset8                
00002b1b  memset                         
00002b8d  __TI_auto_init                 
00002bfd  __aeabi_d2f                    
00002cd5  _c_int00                       
00002d29  C$$EXIT                        
00002d2d  abort                          
00002d35  exit                           
00002d7d  copy_in                        
00002dc9  __aeabi_f2d                    
00002e01  _args_main                     
00002e19  _register_unlock               
00002e1f  _register_lock                 
00002e27  _nop                           
00002e2d  strlen                         
00002e41  __TI_decompress_none           
00002e4f  Reset_Handler                  
00002e5b  ADC14_IRQHandler               
00002e5b  AES256_IRQHandler              
00002e5b  BusFault_Handler               
00002e5b  COMP_E0_IRQHandler             
00002e5b  COMP_E1_IRQHandler             
00002e5b  CS_IRQHandler                  
00002e5b  DMA_ERR_IRQHandler             
00002e5b  DMA_INT0_IRQHandler            
00002e5b  DMA_INT1_IRQHandler            
00002e5b  DMA_INT2_IRQHandler            
00002e5b  DMA_INT3_IRQHandler            
00002e5b  DebugMon_Handler               
00002e5b  Default_Handler                
00002e5b  EUSCIA0_IRQHandler             
00002e5b  EUSCIA1_IRQHandler             
00002e5b  EUSCIA2_IRQHandler             
00002e5b  EUSCIA3_IRQHandler             
00002e5b  EUSCIB0_IRQHandler             
00002e5b  EUSCIB1_IRQHandler             
00002e5b  EUSCIB2_IRQHandler             
00002e5b  EUSCIB3_IRQHandler             
00002e5b  FLCTL_IRQHandler               
00002e5b  FPU_IRQHandler                 
00002e5b  HardFault_Handler              
00002e5b  MemManage_Handler              
00002e5b  NMI_Handler                    
00002e5b  PCM_IRQHandler                 
00002e5b  PORT1_IRQHandler               
00002e5b  PORT2_IRQHandler               
00002e5b  PORT3_IRQHandler               
00002e5b  PORT4_IRQHandler               
00002e5b  PORT5_IRQHandler               
00002e5b  PORT6_IRQHandler               
00002e5b  PSS_IRQHandler                 
00002e5b  PendSV_Handler                 
00002e5b  RTC_C_IRQHandler               
00002e5b  SVC_Handler                    
00002e5b  SysTick_Handler                
00002e5b  T32_INT1_IRQHandler            
00002e5b  T32_INT2_IRQHandler            
00002e5b  T32_INTC_IRQHandler            
00002e5b  TA0_0_IRQHandler               
00002e5b  TA0_N_IRQHandler               
00002e5b  TA1_0_IRQHandler               
00002e5b  TA1_N_IRQHandler               
00002e5b  TA2_0_IRQHandler               
00002e5b  TA2_N_IRQHandler               
00002e5b  TA3_0_IRQHandler               
00002e5b  TA3_N_IRQHandler               
00002e5b  UsageFault_Handler             
00002e5b  WDT_A_IRQHandler               
00002e5d  __TI_decompress_rle24          
00002e63  _system_pre_init               
00002e68  uartConfig                     
00002e8c  upDownConfig                   
00002ea4  i2cConfig                      
00002eb8  compareConfig_PWM1             
00002ec8  compareConfig_PWM2             
00002ed8  compareConfig_PWM3             
00002ee8  compareConfig_PWM4             
00002ef8  continuousModeConfig           
00002f4c  __TI_Handler_Table_Base        
00002f54  __TI_CINIT_Base                
00002f54  __TI_Handler_Table_Limit       
00002f64  __TI_CINIT_Limit               
20000000  kp                             
20000004  ki                             
20000008  kd                             
2000000c  last_error                     
20000010  setpoint                       
20000014  direction                      
20000028  __TI_cleanup_ptr               
2000002c  __TI_dtors_ptr                 
20000030  __TI_enable_exit_profile_output
20000034  _lock                          
20000038  _unlock                        
20000044  errno                          
20000048  main_func_sp                   
2000004c  SystemCoreClock                
20000050  d_term                         
20000054  i_term                         
2000fe00  __stack                        
20010000  __STACK_END                    
4000480c  WDTCTL_SYM                     
ffffffff  __TI_pprof_out_hndl            
ffffffff  __TI_prof_data_size            
ffffffff  __TI_prof_data_start           
ffffffff  __binit__                      
ffffffff  __c_args__                     
ffffffff  binit                          
UNDEFED   SHT$$INIT_ARRAY$$Base          
UNDEFED   SHT$$INIT_ARRAY$$Limit         

[169 symbols]
