******************************************************************************
                  TI ARM Linker PC v15.12.3                    
******************************************************************************
>> Linked Sat Sep 03 15:57:35 2016

OUTPUT FILE NAME:   <PI.out>
ENTRY POINT SYMBOL: "_c_int00"  address: 00000891


MEMORY CONFIGURATION

         name            origin    length      used     unused   attr    fill
----------------------  --------  ---------  --------  --------  ----  --------
  MAIN                  00000000   00040000  00000a86  0003f57a  R  X
  INFO                  00200000   00004000  00000000  00004000  R  X
  SRAM_CODE             01000000   00010000  0000021e  0000fde2  RW X
  SRAM_DATA             20000000   00010000  0000021e  0000fde2  RW  


SEGMENT ALLOCATION MAP

run origin  load origin   length   init length attrs members
----------  ----------- ---------- ----------- ----- -------
00000000    00000000    00000a88   00000a88    r-x
  00000000    00000000    000000e4   000000e4    r-- .intvecs
  000000e4    000000e4    00000906   00000906    r-x .text
  000009ec    000009ec    0000005c   0000005c    r-- .const
  00000a48    00000a48    00000040   00000040    r-- .cinit
20000000    20000000    0000001e   00000000    rw-
  20000000    20000000    0000001c   00000000    rw- .data
  2000001c    2000001c    00000002   00000000    rw- .bss
2000fe00    2000fe00    00000200   00000000    rw-
  2000fe00    2000fe00    00000200   00000000    rw- .stack


SECTION ALLOCATION MAP

 output                                  attributes/
section   page    origin      length       input sections
--------  ----  ----------  ----------   ----------------
.intvecs   0    00000000    000000e4     
                  00000000    000000e4     startup_msp432p401r_ccs.obj (.intvecs:retain)

.binit     0    00000000    00000000     

.text      0    000000e4    00000906     
                  000000e4    0000032c     system_msp432p401r.obj (.text)
                  00000410    0000028c     motor_driver.obj (.text)
                  0000069c    0000009c     rtsv7M4_T_le_v4SPD16_eabi.lib : memcpy_t2.obj (.text)
                  00000738    0000007a                                   : memset_t2.obj (.text)
                  000007b2    00000002                                   : mpu_init.obj (.text)
                  000007b4    00000070                                   : autoinit.obj (.text)
                  00000824    0000006a                                   : copy_decompress_rle.obj (.text)
                  0000088e    00000002                                   : startup.obj (.text)
                  00000890    00000054                                   : boot.obj (.text)
                  000008e4    00000054                                   : exit.obj (.text)
                  00000938    0000004c                                   : cpy_tbl.obj (.text)
                  00000984    00000018                                   : args_main.obj (.text)
                  0000099c    00000014                                   : _lock.obj (.text)
                  000009b0    00000014                                   : strlen.obj (.text)
                  000009c4    0000000e                                   : copy_decompress_none.obj (.text:decompress:none)
                  000009d2    0000000e     startup_msp432p401r_ccs.obj (.text)
                  000009e0    00000006     rtsv7M4_T_le_v4SPD16_eabi.lib : copy_decompress_rle.obj (.text:decompress:rle24)
                  000009e6    00000004                                   : pre_init.obj (.text)

.const     0    000009ec    0000005c     
                  000009ec    00000024     motor_driver.obj (.const:uartConfig)
                  00000a10    00000018     motor_driver.obj (.const:upDownConfig)
                  00000a28    00000010     motor_driver.obj (.const:compareConfig_PWM1)
                  00000a38    00000010     motor_driver.obj (.const:compareConfig_PWM2)

.cinit     0    00000a48    00000040     
                  00000a48    0000001a     (.cinit..data.load) [load image, compression = rle]
                  00000a62    00000006     --HOLE-- [fill = 0]
                  00000a68    00000008     (.cinit..bss.load) [load image, compression = rle]
                  00000a70    00000008     (__TI_handler_table)
                  00000a78    00000010     (__TI_cinit_table)

.init_array 
*          0    00000000    00000000     UNINITIALIZED

.data      0    20000000    0000001c     UNINITIALIZED
                  20000000    0000000c     rtsv7M4_T_le_v4SPD16_eabi.lib : exit.obj (.data:$O1$$)
                  2000000c    00000008                                   : _lock.obj (.data:$O1$$)
                  20000014    00000004                                   : stkdepth_vars.obj (.data)
                  20000018    00000004     system_msp432p401r.obj (.data)

.bss       0    2000001c    00000002     UNINITIALIZED
                  2000001c    00000002     motor_driver.obj (.bss)

.stack     0    2000fe00    00000200     UNINITIALIZED
                  2000fe00    00000200     --HOLE--

MODULE SUMMARY

       Module                        code   ro data   rw data
       ------                        ----   -------   -------
    .\
       system_msp432p401r.obj        812    0         8      
       motor_driver.obj              652    92        4      
       startup_msp432p401r_ccs.obj   14     228       0      
    +--+-----------------------------+------+---------+---------+
       Total:                        1478   320       12     
                                                             
    D:\TI\ccsv6\tools\compiler\arm_15.12.3.LTS\lib\rtsv7M4_T_le_v4SPD16_eabi.lib
       memcpy_t2.obj                 156    0         0      
       memset_t2.obj                 122    0         0      
       autoinit.obj                  112    0         0      
       copy_decompress_rle.obj       112    0         0      
       exit.obj                      84     0         24     
       boot.obj                      84     0         0      
       cpy_tbl.obj                   76     0         0      
       _lock.obj                     20     0         16     
       args_main.obj                 24     0         0      
       strlen.obj                    20     0         0      
       copy_decompress_none.obj      14     0         0      
       stkdepth_vars.obj             0      0         8      
       pre_init.obj                  4      0         0      
       mpu_init.obj                  2      0         0      
       startup.obj                   2      0         0      
    +--+-----------------------------+------+---------+---------+
       Total:                        832    0         48     
                                                             
       Stack:                        0      0         1024   
       Linker Generated:             0      58        0      
    +--+-----------------------------+------+---------+---------+
       Grand Total:                  2310   378       1084   


LINKER GENERATED COPY TABLES

__TI_cinit_table @ 00000a78 records: 2, size/record: 8, table size: 16
	.data: load addr=00000a48, load size=0000001a bytes, run addr=20000000, run size=0000001c bytes, compression=rle
	.bss: load addr=00000a68, load size=00000008 bytes, run addr=2000001c, run size=00000002 bytes, compression=rle


LINKER GENERATED HANDLER TABLE

__TI_handler_table @ 00000a70 records: 2, size/record: 4, table size: 8
	index: 0, handler: __TI_decompress_rle24
	index: 1, handler: __TI_decompress_none


GLOBAL SYMBOLS: SORTED ALPHABETICALLY BY Name 

address   name                           
-------   ----                           
000005b5  ADC14_IRQHandler               
000005b5  ADC14_IRQHandler               
000009df  AES256_IRQHandler              
000009df  BusFault_Handler               
000008e5  C$$EXIT                        
000009df  COMP_E0_IRQHandler             
000009df  COMP_E1_IRQHandler             
000009df  CS_IRQHandler                  
000009df  DMA_ERR_IRQHandler             
000009df  DMA_INT0_IRQHandler            
000009df  DMA_INT1_IRQHandler            
000009df  DMA_INT2_IRQHandler            
000009df  DMA_INT3_IRQHandler            
000009df  DebugMon_Handler               
000009df  Default_Handler                
000009df  EUSCIA0_IRQHandler             
000009df  EUSCIA1_IRQHandler             
000009df  EUSCIA2_IRQHandler             
000009df  EUSCIA3_IRQHandler             
000009df  EUSCIB0_IRQHandler             
000009df  EUSCIB1_IRQHandler             
000009df  EUSCIB2_IRQHandler             
000009df  EUSCIB3_IRQHandler             
000009df  FLCTL_IRQHandler               
000009df  FPU_IRQHandler                 
000009df  HardFault_Handler              
000009df  MemManage_Handler              
000009df  NMI_Handler                    
000009df  PCM_IRQHandler                 
000009df  PORT1_IRQHandler               
000009df  PORT2_IRQHandler               
000009df  PORT3_IRQHandler               
000009df  PORT4_IRQHandler               
000009df  PORT5_IRQHandler               
000009df  PORT6_IRQHandler               
000009df  PSS_IRQHandler                 
000009df  PendSV_Handler                 
000009df  RTC_C_IRQHandler               
000009d3  Reset_Handler                  
UNDEFED   SHT$$INIT_ARRAY$$Base          
UNDEFED   SHT$$INIT_ARRAY$$Limit         
000009df  SVC_Handler                    
000009df  SysTick_Handler                
20000018  SystemCoreClock                
000000e5  SystemCoreClockUpdate          
00000359  SystemInit                     
000009df  T32_INT1_IRQHandler            
000009df  T32_INT2_IRQHandler            
000009df  T32_INTC_IRQHandler            
000009df  TA0_0_IRQHandler               
000009df  TA0_N_IRQHandler               
000009df  TA1_0_IRQHandler               
000009df  TA1_N_IRQHandler               
000009df  TA2_0_IRQHandler               
000009df  TA2_N_IRQHandler               
000009df  TA3_0_IRQHandler               
000009df  TA3_N_IRQHandler               
00000487  UART_transmit_data             
000009df  UsageFault_Handler             
4000480c  WDTCTL_SYM                     
000009df  WDT_A_IRQHandler               
20010000  __STACK_END                    
00000200  __STACK_SIZE                   
00000a78  __TI_CINIT_Base                
00000a88  __TI_CINIT_Limit               
00000a70  __TI_Handler_Table_Base        
00000a78  __TI_Handler_Table_Limit       
000007b5  __TI_auto_init                 
20000000  __TI_cleanup_ptr               
000009c5  __TI_decompress_none           
000009e1  __TI_decompress_rle24          
20000004  __TI_dtors_ptr                 
20000008  __TI_enable_exit_profile_output
ffffffff  __TI_pprof_out_hndl            
ffffffff  __TI_prof_data_size            
ffffffff  __TI_prof_data_start           
00000000  __TI_static_base__             
00000739  __aeabi_memclr                 
00000739  __aeabi_memclr4                
00000739  __aeabi_memclr8                
0000069d  __aeabi_memcpy                 
0000069d  __aeabi_memcpy4                
0000069d  __aeabi_memcpy8                
0000073b  __aeabi_memset                 
0000073b  __aeabi_memset4                
0000073b  __aeabi_memset8                
ffffffff  __binit__                      
ffffffff  __c_args__                     
000007b3  __mpu_init                     
2000fe00  __stack                        
00000985  _args_main                     
00000891  _c_int00                       
2000000c  _lock                          
000009ab  _nop                           
000009a3  _register_lock                 
0000099d  _register_unlock               
0000088f  _system_post_cinit             
000009e7  _system_pre_init               
20000010  _unlock                        
000008e9  abort                          
ffffffff  binit                          
00000a28  compareConfig_PWM1             
00000a38  compareConfig_PWM2             
00000939  copy_in                        
000008f1  exit                           
00000525  init_adc                       
000004d3  init_clock                     
00000000  interruptVectors               
00000411  main                           
20000014  main_func_sp                   
0000069d  memcpy                         
00000741  memset                         
000009b1  strlen                         
000009ec  uartConfig                     
00000a10  upDownConfig                   


GLOBAL SYMBOLS: SORTED BY Symbol Address 

address   name                           
-------   ----                           
00000000  __TI_static_base__             
00000000  interruptVectors               
000000e5  SystemCoreClockUpdate          
00000200  __STACK_SIZE                   
00000359  SystemInit                     
00000411  main                           
00000487  UART_transmit_data             
000004d3  init_clock                     
00000525  init_adc                       
000005b5  ADC14_IRQHandler               
000005b5  ADC14_IRQHandler               
0000069d  __aeabi_memcpy                 
0000069d  __aeabi_memcpy4                
0000069d  __aeabi_memcpy8                
0000069d  memcpy                         
00000739  __aeabi_memclr                 
00000739  __aeabi_memclr4                
00000739  __aeabi_memclr8                
0000073b  __aeabi_memset                 
0000073b  __aeabi_memset4                
0000073b  __aeabi_memset8                
00000741  memset                         
000007b3  __mpu_init                     
000007b5  __TI_auto_init                 
0000088f  _system_post_cinit             
00000891  _c_int00                       
000008e5  C$$EXIT                        
000008e9  abort                          
000008f1  exit                           
00000939  copy_in                        
00000985  _args_main                     
0000099d  _register_unlock               
000009a3  _register_lock                 
000009ab  _nop                           
000009b1  strlen                         
000009c5  __TI_decompress_none           
000009d3  Reset_Handler                  
000009df  AES256_IRQHandler              
000009df  BusFault_Handler               
000009df  COMP_E0_IRQHandler             
000009df  COMP_E1_IRQHandler             
000009df  CS_IRQHandler                  
000009df  DMA_ERR_IRQHandler             
000009df  DMA_INT0_IRQHandler            
000009df  DMA_INT1_IRQHandler            
000009df  DMA_INT2_IRQHandler            
000009df  DMA_INT3_IRQHandler            
000009df  DebugMon_Handler               
000009df  Default_Handler                
000009df  EUSCIA0_IRQHandler             
000009df  EUSCIA1_IRQHandler             
000009df  EUSCIA2_IRQHandler             
000009df  EUSCIA3_IRQHandler             
000009df  EUSCIB0_IRQHandler             
000009df  EUSCIB1_IRQHandler             
000009df  EUSCIB2_IRQHandler             
000009df  EUSCIB3_IRQHandler             
000009df  FLCTL_IRQHandler               
000009df  FPU_IRQHandler                 
000009df  HardFault_Handler              
000009df  MemManage_Handler              
000009df  NMI_Handler                    
000009df  PCM_IRQHandler                 
000009df  PORT1_IRQHandler               
000009df  PORT2_IRQHandler               
000009df  PORT3_IRQHandler               
000009df  PORT4_IRQHandler               
000009df  PORT5_IRQHandler               
000009df  PORT6_IRQHandler               
000009df  PSS_IRQHandler                 
000009df  PendSV_Handler                 
000009df  RTC_C_IRQHandler               
000009df  SVC_Handler                    
000009df  SysTick_Handler                
000009df  T32_INT1_IRQHandler            
000009df  T32_INT2_IRQHandler            
000009df  T32_INTC_IRQHandler            
000009df  TA0_0_IRQHandler               
000009df  TA0_N_IRQHandler               
000009df  TA1_0_IRQHandler               
000009df  TA1_N_IRQHandler               
000009df  TA2_0_IRQHandler               
000009df  TA2_N_IRQHandler               
000009df  TA3_0_IRQHandler               
000009df  TA3_N_IRQHandler               
000009df  UsageFault_Handler             
000009df  WDT_A_IRQHandler               
000009e1  __TI_decompress_rle24          
000009e7  _system_pre_init               
000009ec  uartConfig                     
00000a10  upDownConfig                   
00000a28  compareConfig_PWM1             
00000a38  compareConfig_PWM2             
00000a70  __TI_Handler_Table_Base        
00000a78  __TI_CINIT_Base                
00000a78  __TI_Handler_Table_Limit       
00000a88  __TI_CINIT_Limit               
20000000  __TI_cleanup_ptr               
20000004  __TI_dtors_ptr                 
20000008  __TI_enable_exit_profile_output
2000000c  _lock                          
20000010  _unlock                        
20000014  main_func_sp                   
20000018  SystemCoreClock                
2000fe00  __stack                        
20010000  __STACK_END                    
4000480c  WDTCTL_SYM                     
ffffffff  __TI_pprof_out_hndl            
ffffffff  __TI_prof_data_size            
ffffffff  __TI_prof_data_start           
ffffffff  __binit__                      
ffffffff  __c_args__                     
ffffffff  binit                          
UNDEFED   SHT$$INIT_ARRAY$$Base          
UNDEFED   SHT$$INIT_ARRAY$$Limit         

[115 symbols]
