******************************************************************************
                  TI ARM Linker PC v15.12.3                    
******************************************************************************
>> Linked Sun Nov 13 23:05:37 2016

OUTPUT FILE NAME:   <PI.out>
ENTRY POINT SYMBOL: "_c_int00"  address: 00002aed


MEMORY CONFIGURATION

         name            origin    length      used     unused   attr    fill
----------------------  --------  ---------  --------  --------  ----  --------
  MAIN                  00000000   00040000  00002d56  0003d2aa  R  X
  INFO                  00200000   00004000  00000000  00004000  R  X
  SRAM_CODE             01000000   00010000  00000240  0000fdc0  RW X
  SRAM_DATA             20000000   00010000  00000240  0000fdc0  RW  


SEGMENT ALLOCATION MAP

run origin  load origin   length   init length attrs members
----------  ----------- ---------- ----------- ----- -------
00000000    00000000    00002d5c   00002d5c    r-x
  00000000    00000000    000000e4   000000e4    r-- .intvecs
  000000e4    000000e4    00002b86   00002b86    r-x .text
  00002c6c    00002c6c    000000a0   000000a0    r-- .const
  00002d10    00002d10    0000004c   0000004c    r-- .cinit
20000000    20000000    00000040   00000000    rw-
  20000000    20000000    0000003c   00000000    rw- .data
  2000003c    2000003c    00000004   00000000    rw- .bss
2000fe00    2000fe00    00000200   00000000    rw-
  2000fe00    2000fe00    00000200   00000000    rw- .stack


SECTION ALLOCATION MAP

 output                                  attributes/
section   page    origin      length       input sections
--------  ----  ----------  ----------   ----------------
.intvecs   0    00000000    000000e4     
                  00000000    000000e4     startup_msp432p401r_ccs.obj (.intvecs:retain)

.binit     0    00000000    00000000     

.text      0    000000e4    00002b86     
                  000000e4    00000ce0     quaternionFilters.obj (.text)
                  00000dc4    0000059c     main.obj (.text)
                  00001360    00000410     rtsv7M4_T_le_v4SPD16_eabi.lib : e_asin.obj (.text)
                  00001770    000003b4     mpu9250.obj (.text)
                  00001b24    0000032c     system_msp432p401r.obj (.text)
                  00001e50    0000020c     motor_driver.obj (.text)
                  0000205c    000001c8     i2c.obj (.text)
                  00002224    000001b6     rtsv7M4_T_le_v4SPD16_eabi.lib : fd_add_t2.obj (.text)
                  000023da    00000002                                   : mpu_init.obj (.text)
                  000023dc    00000170                                   : e_sqrt.obj (.text)
                  0000254c    00000136                                   : fd_div_t2.obj (.text)
                  00002682    000000fc                                   : fd_mul_t2.obj (.text)
                  0000277e    0000009c                                   : memcpy_t2.obj (.text)
                  0000281a    00000002                                   : startup.obj (.text)
                  0000281c    00000088     msp_uart.obj (.text)
                  000028a4    00000086     rtsv7M4_T_le_v4SPD16_eabi.lib : fd_cmp_t2.obj (.text:__aeabi_cdrcmple)
                  0000292a    0000007a                                   : memset_t2.obj (.text)
                  000029a4    00000070                                   : autoinit.obj (.text)
                  00002a14    0000006e                                   : fd_tos_t2.obj (.text)
                  00002a82    0000006a                                   : copy_decompress_rle.obj (.text)
                  00002aec    00000054                                   : boot.obj (.text)
                  00002b40    00000054                                   : exit.obj (.text)
                  00002b94    0000004c                                   : cpy_tbl.obj (.text)
                  00002be0    00000038                                   : fs_tod_t2.obj (.text)
                  00002c18    00000018                                   : args_main.obj (.text)
                  00002c30    00000014                                   : _lock.obj (.text)
                  00002c44    0000000e                                   : copy_decompress_none.obj (.text:decompress:none)
                  00002c52    0000000e     startup_msp432p401r_ccs.obj (.text)
                  00002c60    00000006     rtsv7M4_T_le_v4SPD16_eabi.lib : copy_decompress_rle.obj (.text:decompress:rle24)
                  00002c66    00000004                                   : pre_init.obj (.text)

.const     0    00002c6c    000000a0     
                  00002c6c    00000024     msp_uart.obj (.const:uartConfig)
                  00002c90    00000018     motor_driver.obj (.const:upDownConfig)
                  00002ca8    00000014     i2c.obj (.const:i2cConfig)
                  00002cbc    00000010     motor_driver.obj (.const:compareConfig_PWM1)
                  00002ccc    00000010     motor_driver.obj (.const:compareConfig_PWM2)
                  00002cdc    00000010     motor_driver.obj (.const:compareConfig_PWM3)
                  00002cec    00000010     motor_driver.obj (.const:compareConfig_PWM4)
                  00002cfc    00000010     main.obj (.const:continuousModeConfig)

.cinit     0    00002d10    0000004c     
                  00002d10    00000024     (.cinit..data.load) [load image, compression = rle]
                  00002d34    00000004     --HOLE-- [fill = 0]
                  00002d38    00000009     (.cinit..bss.load) [load image, compression = rle]
                  00002d41    00000003     --HOLE-- [fill = 0]
                  00002d44    00000008     (__TI_handler_table)
                  00002d4c    00000010     (__TI_cinit_table)

.init_array 
*          0    00000000    00000000     UNINITIALIZED

.data      0    20000000    0000003c     UNINITIALIZED
                  20000000    00000010     quaternionFilters.obj (.data:q)
                  20000010    0000000c     rtsv7M4_T_le_v4SPD16_eabi.lib : exit.obj (.data:$O1$$)
                  2000001c    00000008                                   : _lock.obj (.data:$O1$$)
                  20000024    00000008     quaternionFilters.obj (.data)
                  2000002c    00000004     main.obj (.data)
                  20000030    00000004     rtsv7M4_T_le_v4SPD16_eabi.lib : errno.obj (.data)
                  20000034    00000004                                   : stkdepth_vars.obj (.data)
                  20000038    00000004     system_msp432p401r.obj (.data)

.bss       0    2000003c    00000004     UNINITIALIZED
                  2000003c    00000004     (.common:i_term)

.stack     0    2000fe00    00000200     UNINITIALIZED
                  2000fe00    00000200     --HOLE--

MODULE SUMMARY

       Module                        code    ro data   rw data
       ------                        ----    -------   -------
    .\
       quaternionFilters.obj         3296    0         48     
       main.obj                      1436    16        16     
       mpu9250.obj                   948     0         0      
       system_msp432p401r.obj        812     0         8      
       motor_driver.obj              524     88        0      
       i2c.obj                       456     20        0      
       startup_msp432p401r_ccs.obj   14      228       0      
       msp_uart.obj                  136     36        0      
    +--+-----------------------------+-------+---------+---------+
       Total:                        7622    388       72     
                                                              
    C:\ti\ccsv6\tools\compiler\arm_15.12.3.LTS\lib\rtsv7M4_T_le_v4SPD16_eabi.lib
       e_asin.obj                    1040    0         0      
       fd_add_t2.obj                 438     0         0      
       e_sqrt.obj                    368     0         0      
       fd_div_t2.obj                 310     0         0      
       fd_mul_t2.obj                 252     0         0      
       memcpy_t2.obj                 156     0         0      
       fd_cmp_t2.obj                 134     0         0      
       memset_t2.obj                 122     0         0      
       autoinit.obj                  112     0         0      
       copy_decompress_rle.obj       112     0         0      
       fd_tos_t2.obj                 110     0         0      
       exit.obj                      84      0         24     
       boot.obj                      84      0         0      
       cpy_tbl.obj                   76      0         0      
       fs_tod_t2.obj                 56      0         0      
       _lock.obj                     20      0         16     
       args_main.obj                 24      0         0      
       copy_decompress_none.obj      14      0         0      
       errno.obj                     0       0         8      
       stkdepth_vars.obj             0       0         8      
       pre_init.obj                  4       0         0      
       mpu_init.obj                  2       0         0      
       startup.obj                   2       0         0      
    +--+-----------------------------+-------+---------+---------+
       Total:                        3520    0         56     
                                                              
       Stack:                        0       0         1024   
       Linker Generated:             0       69        0      
    +--+-----------------------------+-------+---------+---------+
       Grand Total:                  11142   457       1152   


LINKER GENERATED COPY TABLES

__TI_cinit_table @ 00002d4c records: 2, size/record: 8, table size: 16
	.data: load addr=00002d10, load size=00000024 bytes, run addr=20000000, run size=0000003c bytes, compression=rle
	.bss: load addr=00002d38, load size=00000009 bytes, run addr=2000003c, run size=00000004 bytes, compression=rle


LINKER GENERATED HANDLER TABLE

__TI_handler_table @ 00002d44 records: 2, size/record: 4, table size: 8
	index: 0, handler: __TI_decompress_rle24
	index: 1, handler: __TI_decompress_none


GLOBAL SYMBOLS: SORTED ALPHABETICALLY BY Name 

address   name                           
-------   ----                           
00002c5f  ADC14_IRQHandler               
00002c5f  AES256_IRQHandler              
00002c5f  BusFault_Handler               
00002b41  C$$EXIT                        
00002c5f  COMP_E0_IRQHandler             
00002c5f  COMP_E1_IRQHandler             
00002c5f  CS_IRQHandler                  
00002c5f  DMA_ERR_IRQHandler             
00002c5f  DMA_INT0_IRQHandler            
00002c5f  DMA_INT1_IRQHandler            
00002c5f  DMA_INT2_IRQHandler            
00002c5f  DMA_INT3_IRQHandler            
00002c5f  DebugMon_Handler               
00002c5f  Default_Handler                
00002c5f  EUSCIA0_IRQHandler             
00002c5f  EUSCIA1_IRQHandler             
00002c5f  EUSCIA2_IRQHandler             
00002c5f  EUSCIA3_IRQHandler             
00002c5f  EUSCIB0_IRQHandler             
00002c5f  EUSCIB1_IRQHandler             
00002c5f  EUSCIB2_IRQHandler             
00002c5f  EUSCIB3_IRQHandler             
00002c5f  FLCTL_IRQHandler               
00002c5f  FPU_IRQHandler                 
00002c5f  HardFault_Handler              
000000e5  MadgwickQuaternionUpdate       
00002c5f  MemManage_Handler              
00002c5f  NMI_Handler                    
00002c5f  PCM_IRQHandler                 
00002c5f  PORT1_IRQHandler               
00002c5f  PORT2_IRQHandler               
00002c5f  PORT3_IRQHandler               
00002c5f  PORT4_IRQHandler               
00002c5f  PORT5_IRQHandler               
00002c5f  PORT6_IRQHandler               
00002c5f  PSS_IRQHandler                 
00002c5f  PendSV_Handler                 
00002c5f  RTC_C_IRQHandler               
00002c53  Reset_Handler                  
UNDEFED   SHT$$INIT_ARRAY$$Base          
UNDEFED   SHT$$INIT_ARRAY$$Limit         
00002c5f  SVC_Handler                    
00002c5f  SysTick_Handler                
20000038  SystemCoreClock                
00001b25  SystemCoreClockUpdate          
00001d99  SystemInit                     
00002c5f  T32_INT1_IRQHandler            
00002c5f  T32_INT2_IRQHandler            
00002c5f  T32_INTC_IRQHandler            
00002c5f  TA0_0_IRQHandler               
00002c5f  TA0_N_IRQHandler               
00002c5f  TA1_0_IRQHandler               
00002c5f  TA1_N_IRQHandler               
00002c5f  TA2_0_IRQHandler               
00002c5f  TA2_N_IRQHandler               
00002c5f  TA3_0_IRQHandler               
00002c5f  TA3_N_IRQHandler               
00002c5f  UsageFault_Handler             
4000480c  WDTCTL_SYM                     
00002c5f  WDT_A_IRQHandler               
20010000  __STACK_END                    
00000200  __STACK_SIZE                   
00002d4c  __TI_CINIT_Base                
00002d5c  __TI_CINIT_Limit               
00002d44  __TI_Handler_Table_Base        
00002d4c  __TI_Handler_Table_Limit       
000029a5  __TI_auto_init                 
20000010  __TI_cleanup_ptr               
00002c45  __TI_decompress_none           
00002c61  __TI_decompress_rle24          
20000014  __TI_dtors_ptr                 
20000018  __TI_enable_exit_profile_output
ffffffff  __TI_pprof_out_hndl            
ffffffff  __TI_prof_data_size            
ffffffff  __TI_prof_data_start           
00000000  __TI_static_base__             
000028a5  __aeabi_cdrcmple               
00002a15  __aeabi_d2f                    
0000222f  __aeabi_dadd                   
0000254d  __aeabi_ddiv                   
00002683  __aeabi_dmul                   
00002225  __aeabi_dsub                   
00002be1  __aeabi_f2d                    
0000292b  __aeabi_memclr                 
0000292b  __aeabi_memclr4                
0000292b  __aeabi_memclr8                
0000277f  __aeabi_memcpy                 
0000277f  __aeabi_memcpy4                
0000277f  __aeabi_memcpy8                
0000292d  __aeabi_memset                 
0000292d  __aeabi_memset4                
0000292d  __aeabi_memset8                
ffffffff  __binit__                      
ffffffff  __c_args__                     
000023db  __mpu_init                     
2000fe00  __stack                        
00002c19  _args_main                     
00002aed  _c_int00                       
2000001c  _lock                          
00002c3f  _nop                           
00002c37  _register_lock                 
00002c31  _register_unlock               
0000281b  _system_post_cinit             
00002c67  _system_pre_init               
20000020  _unlock                        
00002b45  abort                          
00001361  asin                           
00001361  asinl                          
ffffffff  binit                          
00002cbc  compareConfig_PWM1             
00002ccc  compareConfig_PWM2             
00002cdc  compareConfig_PWM3             
00002cec  compareConfig_PWM4             
00002cfc  continuousModeConfig           
00002b95  copy_in                        
20000030  errno                          
00002b4d  exit                           
00001805  getAres                        
000017c3  getGres                        
00001799  getMres                        
00000db1  getQ                           
000011a5  get_pitch                      
00002ca8  i2cConfig                      
2000003c  i_term                         
00001eed  init_PWM_timers                
00001f93  init_adc                       
000012ed  init_all                       
00000f73  init_clock                     
000021a3  init_i2c                       
00001a07  init_offsets                   
00001771  init_struct                    
00002867  init_uart                      
00000000  interruptVectors               
2000002c  last_error                     
00000dc5  main                           
20000034  main_func_sp                   
0000277f  memcpy                         
00002933  memset                         
00001e51  move_forward                   
00001e81  move_reverse                   
00000fcd  my_itoa                        
00000df3  pid_0                          
00001847  readAccelData                  
000018f7  readGyroData                   
000019a7  readMagData                    
0000205d  read_i2c                       
000020f3  read_multibyte_i2c             
00001889  setAccelData                   
00001939  setGyroData                    
000019e9  setMagData                     
00001f55  set_MOTOR_SPEED                
00001ed3  speed_calc                     
000023dd  sqrt                           
000023dd  sqrtl                          
00001049  stabilize_imu                  
00001eb1  stop_motors                    
0000281d  tx_data                        
00002c6c  uartConfig                     
00002c90  upDownConfig                   
00001a55  updateTime                     
0000213b  write_i2c                      


GLOBAL SYMBOLS: SORTED BY Symbol Address 

address   name                           
-------   ----                           
00000000  __TI_static_base__             
00000000  interruptVectors               
000000e5  MadgwickQuaternionUpdate       
00000200  __STACK_SIZE                   
00000db1  getQ                           
00000dc5  main                           
00000df3  pid_0                          
00000f73  init_clock                     
00000fcd  my_itoa                        
00001049  stabilize_imu                  
000011a5  get_pitch                      
000012ed  init_all                       
00001361  asin                           
00001361  asinl                          
00001771  init_struct                    
00001799  getMres                        
000017c3  getGres                        
00001805  getAres                        
00001847  readAccelData                  
00001889  setAccelData                   
000018f7  readGyroData                   
00001939  setGyroData                    
000019a7  readMagData                    
000019e9  setMagData                     
00001a07  init_offsets                   
00001a55  updateTime                     
00001b25  SystemCoreClockUpdate          
00001d99  SystemInit                     
00001e51  move_forward                   
00001e81  move_reverse                   
00001eb1  stop_motors                    
00001ed3  speed_calc                     
00001eed  init_PWM_timers                
00001f55  set_MOTOR_SPEED                
00001f93  init_adc                       
0000205d  read_i2c                       
000020f3  read_multibyte_i2c             
0000213b  write_i2c                      
000021a3  init_i2c                       
00002225  __aeabi_dsub                   
0000222f  __aeabi_dadd                   
000023db  __mpu_init                     
000023dd  sqrt                           
000023dd  sqrtl                          
0000254d  __aeabi_ddiv                   
00002683  __aeabi_dmul                   
0000277f  __aeabi_memcpy                 
0000277f  __aeabi_memcpy4                
0000277f  __aeabi_memcpy8                
0000277f  memcpy                         
0000281b  _system_post_cinit             
0000281d  tx_data                        
00002867  init_uart                      
000028a5  __aeabi_cdrcmple               
0000292b  __aeabi_memclr                 
0000292b  __aeabi_memclr4                
0000292b  __aeabi_memclr8                
0000292d  __aeabi_memset                 
0000292d  __aeabi_memset4                
0000292d  __aeabi_memset8                
00002933  memset                         
000029a5  __TI_auto_init                 
00002a15  __aeabi_d2f                    
00002aed  _c_int00                       
00002b41  C$$EXIT                        
00002b45  abort                          
00002b4d  exit                           
00002b95  copy_in                        
00002be1  __aeabi_f2d                    
00002c19  _args_main                     
00002c31  _register_unlock               
00002c37  _register_lock                 
00002c3f  _nop                           
00002c45  __TI_decompress_none           
00002c53  Reset_Handler                  
00002c5f  ADC14_IRQHandler               
00002c5f  AES256_IRQHandler              
00002c5f  BusFault_Handler               
00002c5f  COMP_E0_IRQHandler             
00002c5f  COMP_E1_IRQHandler             
00002c5f  CS_IRQHandler                  
00002c5f  DMA_ERR_IRQHandler             
00002c5f  DMA_INT0_IRQHandler            
00002c5f  DMA_INT1_IRQHandler            
00002c5f  DMA_INT2_IRQHandler            
00002c5f  DMA_INT3_IRQHandler            
00002c5f  DebugMon_Handler               
00002c5f  Default_Handler                
00002c5f  EUSCIA0_IRQHandler             
00002c5f  EUSCIA1_IRQHandler             
00002c5f  EUSCIA2_IRQHandler             
00002c5f  EUSCIA3_IRQHandler             
00002c5f  EUSCIB0_IRQHandler             
00002c5f  EUSCIB1_IRQHandler             
00002c5f  EUSCIB2_IRQHandler             
00002c5f  EUSCIB3_IRQHandler             
00002c5f  FLCTL_IRQHandler               
00002c5f  FPU_IRQHandler                 
00002c5f  HardFault_Handler              
00002c5f  MemManage_Handler              
00002c5f  NMI_Handler                    
00002c5f  PCM_IRQHandler                 
00002c5f  PORT1_IRQHandler               
00002c5f  PORT2_IRQHandler               
00002c5f  PORT3_IRQHandler               
00002c5f  PORT4_IRQHandler               
00002c5f  PORT5_IRQHandler               
00002c5f  PORT6_IRQHandler               
00002c5f  PSS_IRQHandler                 
00002c5f  PendSV_Handler                 
00002c5f  RTC_C_IRQHandler               
00002c5f  SVC_Handler                    
00002c5f  SysTick_Handler                
00002c5f  T32_INT1_IRQHandler            
00002c5f  T32_INT2_IRQHandler            
00002c5f  T32_INTC_IRQHandler            
00002c5f  TA0_0_IRQHandler               
00002c5f  TA0_N_IRQHandler               
00002c5f  TA1_0_IRQHandler               
00002c5f  TA1_N_IRQHandler               
00002c5f  TA2_0_IRQHandler               
00002c5f  TA2_N_IRQHandler               
00002c5f  TA3_0_IRQHandler               
00002c5f  TA3_N_IRQHandler               
00002c5f  UsageFault_Handler             
00002c5f  WDT_A_IRQHandler               
00002c61  __TI_decompress_rle24          
00002c67  _system_pre_init               
00002c6c  uartConfig                     
00002c90  upDownConfig                   
00002ca8  i2cConfig                      
00002cbc  compareConfig_PWM1             
00002ccc  compareConfig_PWM2             
00002cdc  compareConfig_PWM3             
00002cec  compareConfig_PWM4             
00002cfc  continuousModeConfig           
00002d44  __TI_Handler_Table_Base        
00002d4c  __TI_CINIT_Base                
00002d4c  __TI_Handler_Table_Limit       
00002d5c  __TI_CINIT_Limit               
20000010  __TI_cleanup_ptr               
20000014  __TI_dtors_ptr                 
20000018  __TI_enable_exit_profile_output
2000001c  _lock                          
20000020  _unlock                        
2000002c  last_error                     
20000030  errno                          
20000034  main_func_sp                   
20000038  SystemCoreClock                
2000003c  i_term                         
2000fe00  __stack                        
20010000  __STACK_END                    
4000480c  WDTCTL_SYM                     
ffffffff  __TI_pprof_out_hndl            
ffffffff  __TI_prof_data_size            
ffffffff  __TI_prof_data_start           
ffffffff  __binit__                      
ffffffff  __c_args__                     
ffffffff  binit                          
UNDEFED   SHT$$INIT_ARRAY$$Base          
UNDEFED   SHT$$INIT_ARRAY$$Limit         

[161 symbols]
