******************************************************************************
                  TI ARM Linker PC v15.12.3                    
******************************************************************************
>> Linked Sun Aug 21 19:56:49 2016

OUTPUT FILE NAME:   <test453.out>
ENTRY POINT SYMBOL: "_c_int00"  address: 00000701


MEMORY CONFIGURATION

         name            origin    length      used     unused   attr    fill
----------------------  --------  ---------  --------  --------  ----  --------
  MAIN                  00000000   00040000  000008aa  0003f756  R  X
  INFO                  00200000   00004000  00000000  00004000  R  X
  SRAM_CODE             01000000   00010000  0000021c  0000fde4  RW X
  SRAM_DATA             20000000   00010000  0000021c  0000fde4  RW  


SEGMENT ALLOCATION MAP

run origin  load origin   length   init length attrs members
----------  ----------- ---------- ----------- ----- -------
00000000    00000000    000008ac   000008ac    r-x
  00000000    00000000    000000e4   000000e4    r-- .intvecs
  000000e4    000000e4    00000776   00000776    r-x .text
  0000085c    0000085c    00000024   00000024    r-- .const
  00000880    00000880    0000002c   0000002c    r-- .cinit
20000000    20000000    0000001c   00000000    rw-
  20000000    20000000    0000001c   00000000    rw- .data
2000fe00    2000fe00    00000200   00000000    rw-
  2000fe00    2000fe00    00000200   00000000    rw- .stack


SECTION ALLOCATION MAP

 output                                  attributes/
section   page    origin      length       input sections
--------  ----  ----------  ----------   ----------------
.intvecs   0    00000000    000000e4     
                  00000000    000000e4     startup_msp432p401r_ccs.obj (.intvecs:retain)

.binit     0    00000000    00000000     

.text      0    000000e4    00000776     
                  000000e4    0000032c     system_msp432p401r.obj (.text)
                  00000410    000000fc     kyle_test.obj (.text)
                  0000050c    0000009c     rtsv7M4_T_le_v4SPD16_eabi.lib : memcpy_t2.obj (.text)
                  000005a8    0000007a                                   : memset_t2.obj (.text)
                  00000622    00000002                                   : mpu_init.obj (.text)
                  00000624    00000070                                   : autoinit.obj (.text)
                  00000694    0000006a                                   : copy_decompress_rle.obj (.text)
                  000006fe    00000002                                   : startup.obj (.text)
                  00000700    00000054                                   : boot.obj (.text)
                  00000754    00000054                                   : exit.obj (.text)
                  000007a8    0000004c                                   : cpy_tbl.obj (.text)
                  000007f4    00000018                                   : args_main.obj (.text)
                  0000080c    00000014                                   : _lock.obj (.text)
                  00000820    00000014                                   : strlen.obj (.text)
                  00000834    0000000e                                   : copy_decompress_none.obj (.text:decompress:none)
                  00000842    0000000e     startup_msp432p401r_ccs.obj (.text)
                  00000850    00000006     rtsv7M4_T_le_v4SPD16_eabi.lib : copy_decompress_rle.obj (.text:decompress:rle24)
                  00000856    00000004                                   : pre_init.obj (.text)

.const     0    0000085c    00000024     
                  0000085c    00000024     kyle_test.obj (.const:uartConfig)

.cinit     0    00000880    0000002c     
                  00000880    0000001a     (.cinit..data.load) [load image, compression = rle]
                  0000089a    00000002     --HOLE-- [fill = 0]
                  0000089c    00000008     (__TI_handler_table)
                  000008a4    00000008     (__TI_cinit_table)

.init_array 
*          0    00000000    00000000     UNINITIALIZED

.data      0    20000000    0000001c     UNINITIALIZED
                  20000000    0000000c     rtsv7M4_T_le_v4SPD16_eabi.lib : exit.obj (.data:$O1$$)
                  2000000c    00000008                                   : _lock.obj (.data:$O1$$)
                  20000014    00000004                                   : stkdepth_vars.obj (.data)
                  20000018    00000004     system_msp432p401r.obj (.data)

.stack     0    2000fe00    00000200     UNINITIALIZED
                  2000fe00    00000200     --HOLE--

MODULE SUMMARY

       Module                        code   ro data   rw data
       ------                        ----   -------   -------
    .\
       system_msp432p401r.obj        812    0         8      
       kyle_test.obj                 252    36        0      
       startup_msp432p401r_ccs.obj   14     228       0      
    +--+-----------------------------+------+---------+---------+
       Total:                        1078   264       8      
                                                             
    D:\TI\ccsv6\tools\compiler\arm_15.12.3.LTS\lib\rtsv7M4_T_le_v4SPD16_eabi.lib
       memcpy_t2.obj                 156    0         0      
       memset_t2.obj                 122    0         0      
       autoinit.obj                  112    0         0      
       copy_decompress_rle.obj       112    0         0      
       exit.obj                      84     0         24     
       boot.obj                      84     0         0      
       cpy_tbl.obj                   76     0         0      
       _lock.obj                     20     0         16     
       args_main.obj                 24     0         0      
       strlen.obj                    20     0         0      
       copy_decompress_none.obj      14     0         0      
       stkdepth_vars.obj             0      0         8      
       pre_init.obj                  4      0         0      
       mpu_init.obj                  2      0         0      
       startup.obj                   2      0         0      
    +--+-----------------------------+------+---------+---------+
       Total:                        832    0         48     
                                                             
       Stack:                        0      0         1024   
       Linker Generated:             0      42        0      
    +--+-----------------------------+------+---------+---------+
       Grand Total:                  1910   306       1080   


LINKER GENERATED COPY TABLES

__TI_cinit_table @ 000008a4 records: 1, size/record: 8, table size: 8
	.data: load addr=00000880, load size=0000001a bytes, run addr=20000000, run size=0000001c bytes, compression=rle


LINKER GENERATED HANDLER TABLE

__TI_handler_table @ 0000089c records: 2, size/record: 4, table size: 8
	index: 0, handler: __TI_decompress_rle24
	index: 1, handler: __TI_decompress_none


GLOBAL SYMBOLS: SORTED ALPHABETICALLY BY Name 

address   name                           
-------   ----                           
0000084f  ADC14_IRQHandler               
0000084f  AES256_IRQHandler              
0000084f  BusFault_Handler               
00000755  C$$EXIT                        
0000084f  COMP_E0_IRQHandler             
0000084f  COMP_E1_IRQHandler             
0000084f  CS_IRQHandler                  
0000084f  DMA_ERR_IRQHandler             
0000084f  DMA_INT0_IRQHandler            
0000084f  DMA_INT1_IRQHandler            
0000084f  DMA_INT2_IRQHandler            
0000084f  DMA_INT3_IRQHandler            
0000084f  DebugMon_Handler               
0000084f  Default_Handler                
00000477  EUSCIA0_IRQHandler             
00000477  EUSCIA0_IRQHandler             
0000084f  EUSCIA1_IRQHandler             
0000084f  EUSCIA2_IRQHandler             
0000084f  EUSCIA3_IRQHandler             
0000084f  EUSCIB0_IRQHandler             
0000084f  EUSCIB1_IRQHandler             
0000084f  EUSCIB2_IRQHandler             
0000084f  EUSCIB3_IRQHandler             
0000084f  FLCTL_IRQHandler               
0000084f  FPU_IRQHandler                 
0000084f  HardFault_Handler              
0000084f  MemManage_Handler              
0000084f  NMI_Handler                    
0000084f  PCM_IRQHandler                 
0000084f  PORT1_IRQHandler               
0000084f  PORT2_IRQHandler               
0000084f  PORT3_IRQHandler               
0000084f  PORT4_IRQHandler               
0000084f  PORT5_IRQHandler               
0000084f  PORT6_IRQHandler               
0000084f  PSS_IRQHandler                 
0000084f  PendSV_Handler                 
0000084f  RTC_C_IRQHandler               
00000843  Reset_Handler                  
UNDEFED   SHT$$INIT_ARRAY$$Base          
UNDEFED   SHT$$INIT_ARRAY$$Limit         
0000084f  SVC_Handler                    
0000084f  SysTick_Handler                
20000018  SystemCoreClock                
000000e5  SystemCoreClockUpdate          
00000359  SystemInit                     
0000084f  T32_INT1_IRQHandler            
0000084f  T32_INT2_IRQHandler            
0000084f  T32_INTC_IRQHandler            
0000084f  TA0_0_IRQHandler               
0000084f  TA0_N_IRQHandler               
0000084f  TA1_0_IRQHandler               
0000084f  TA1_N_IRQHandler               
0000084f  TA2_0_IRQHandler               
0000084f  TA2_N_IRQHandler               
0000084f  TA3_0_IRQHandler               
0000084f  TA3_N_IRQHandler               
000004db  UART_clear_screen              
000004ab  UART_send_string               
0000084f  UsageFault_Handler             
4000480c  WDTCTL_SYM                     
0000084f  WDT_A_IRQHandler               
20010000  __STACK_END                    
00000200  __STACK_SIZE                   
000008a4  __TI_CINIT_Base                
000008ac  __TI_CINIT_Limit               
0000089c  __TI_Handler_Table_Base        
000008a4  __TI_Handler_Table_Limit       
00000625  __TI_auto_init                 
20000000  __TI_cleanup_ptr               
00000835  __TI_decompress_none           
00000851  __TI_decompress_rle24          
20000004  __TI_dtors_ptr                 
20000008  __TI_enable_exit_profile_output
ffffffff  __TI_pprof_out_hndl            
ffffffff  __TI_prof_data_size            
ffffffff  __TI_prof_data_start           
00000000  __TI_static_base__             
000005a9  __aeabi_memclr                 
000005a9  __aeabi_memclr4                
000005a9  __aeabi_memclr8                
0000050d  __aeabi_memcpy                 
0000050d  __aeabi_memcpy4                
0000050d  __aeabi_memcpy8                
000005ab  __aeabi_memset                 
000005ab  __aeabi_memset4                
000005ab  __aeabi_memset8                
ffffffff  __binit__                      
ffffffff  __c_args__                     
00000623  __mpu_init                     
2000fe00  __stack                        
000007f5  _args_main                     
00000701  _c_int00                       
2000000c  _lock                          
0000081b  _nop                           
00000813  _register_lock                 
0000080d  _register_unlock               
000006ff  _system_post_cinit             
00000857  _system_pre_init               
20000010  _unlock                        
00000759  abort                          
ffffffff  binit                          
000007a9  copy_in                        
00000761  exit                           
00000000  interruptVectors               
00000411  main                           
20000014  main_func_sp                   
0000050d  memcpy                         
000005b1  memset                         
00000821  strlen                         
0000085c  uartConfig                     


GLOBAL SYMBOLS: SORTED BY Symbol Address 

address   name                           
-------   ----                           
00000000  __TI_static_base__             
00000000  interruptVectors               
000000e5  SystemCoreClockUpdate          
00000200  __STACK_SIZE                   
00000359  SystemInit                     
00000411  main                           
00000477  EUSCIA0_IRQHandler             
00000477  EUSCIA0_IRQHandler             
000004ab  UART_send_string               
000004db  UART_clear_screen              
0000050d  __aeabi_memcpy                 
0000050d  __aeabi_memcpy4                
0000050d  __aeabi_memcpy8                
0000050d  memcpy                         
000005a9  __aeabi_memclr                 
000005a9  __aeabi_memclr4                
000005a9  __aeabi_memclr8                
000005ab  __aeabi_memset                 
000005ab  __aeabi_memset4                
000005ab  __aeabi_memset8                
000005b1  memset                         
00000623  __mpu_init                     
00000625  __TI_auto_init                 
000006ff  _system_post_cinit             
00000701  _c_int00                       
00000755  C$$EXIT                        
00000759  abort                          
00000761  exit                           
000007a9  copy_in                        
000007f5  _args_main                     
0000080d  _register_unlock               
00000813  _register_lock                 
0000081b  _nop                           
00000821  strlen                         
00000835  __TI_decompress_none           
00000843  Reset_Handler                  
0000084f  ADC14_IRQHandler               
0000084f  AES256_IRQHandler              
0000084f  BusFault_Handler               
0000084f  COMP_E0_IRQHandler             
0000084f  COMP_E1_IRQHandler             
0000084f  CS_IRQHandler                  
0000084f  DMA_ERR_IRQHandler             
0000084f  DMA_INT0_IRQHandler            
0000084f  DMA_INT1_IRQHandler            
0000084f  DMA_INT2_IRQHandler            
0000084f  DMA_INT3_IRQHandler            
0000084f  DebugMon_Handler               
0000084f  Default_Handler                
0000084f  EUSCIA1_IRQHandler             
0000084f  EUSCIA2_IRQHandler             
0000084f  EUSCIA3_IRQHandler             
0000084f  EUSCIB0_IRQHandler             
0000084f  EUSCIB1_IRQHandler             
0000084f  EUSCIB2_IRQHandler             
0000084f  EUSCIB3_IRQHandler             
0000084f  FLCTL_IRQHandler               
0000084f  FPU_IRQHandler                 
0000084f  HardFault_Handler              
0000084f  MemManage_Handler              
0000084f  NMI_Handler                    
0000084f  PCM_IRQHandler                 
0000084f  PORT1_IRQHandler               
0000084f  PORT2_IRQHandler               
0000084f  PORT3_IRQHandler               
0000084f  PORT4_IRQHandler               
0000084f  PORT5_IRQHandler               
0000084f  PORT6_IRQHandler               
0000084f  PSS_IRQHandler                 
0000084f  PendSV_Handler                 
0000084f  RTC_C_IRQHandler               
0000084f  SVC_Handler                    
0000084f  SysTick_Handler                
0000084f  T32_INT1_IRQHandler            
0000084f  T32_INT2_IRQHandler            
0000084f  T32_INTC_IRQHandler            
0000084f  TA0_0_IRQHandler               
0000084f  TA0_N_IRQHandler               
0000084f  TA1_0_IRQHandler               
0000084f  TA1_N_IRQHandler               
0000084f  TA2_0_IRQHandler               
0000084f  TA2_N_IRQHandler               
0000084f  TA3_0_IRQHandler               
0000084f  TA3_N_IRQHandler               
0000084f  UsageFault_Handler             
0000084f  WDT_A_IRQHandler               
00000851  __TI_decompress_rle24          
00000857  _system_pre_init               
0000085c  uartConfig                     
0000089c  __TI_Handler_Table_Base        
000008a4  __TI_CINIT_Base                
000008a4  __TI_Handler_Table_Limit       
000008ac  __TI_CINIT_Limit               
20000000  __TI_cleanup_ptr               
20000004  __TI_dtors_ptr                 
20000008  __TI_enable_exit_profile_output
2000000c  _lock                          
20000010  _unlock                        
20000014  main_func_sp                   
20000018  SystemCoreClock                
2000fe00  __stack                        
20010000  __STACK_END                    
4000480c  WDTCTL_SYM                     
ffffffff  __TI_pprof_out_hndl            
ffffffff  __TI_prof_data_size            
ffffffff  __TI_prof_data_start           
ffffffff  __binit__                      
ffffffff  __c_args__                     
ffffffff  binit                          
UNDEFED   SHT$$INIT_ARRAY$$Base          
UNDEFED   SHT$$INIT_ARRAY$$Limit         

[111 symbols]
